Archive member included because of file (symbol)

c:/toolsarm/gcc_arm/bin/../lib/gcc/arm-none-eabi/4.9.3/armv6-m\libgcc.a(_udivsi3.o)
                              ./system/src/stm32f0-stdperiph/stm32f0xx_rcc.o (__aeabi_uidiv)
c:/toolsarm/gcc_arm/bin/../lib/gcc/arm-none-eabi/4.9.3/armv6-m\libgcc.a(_dvmd_tls.o)
                              c:/toolsarm/gcc_arm/bin/../lib/gcc/arm-none-eabi/4.9.3/armv6-m\libgcc.a(_udivsi3.o) (__aeabi_idiv0)
c:/toolsarm/gcc_arm/bin/../lib/gcc/arm-none-eabi/4.9.3/../../../../arm-none-eabi/lib/armv6-m\libg_nano.a(lib_a-errno.o)
                              ./system/src/newlib/_sbrk.o (__errno)
c:/toolsarm/gcc_arm/bin/../lib/gcc/arm-none-eabi/4.9.3/../../../../arm-none-eabi/lib/armv6-m\libg_nano.a(lib_a-impure.o)
                              c:/toolsarm/gcc_arm/bin/../lib/gcc/arm-none-eabi/4.9.3/../../../../arm-none-eabi/lib/armv6-m\libg_nano.a(lib_a-errno.o) (_impure_ptr)
c:/toolsarm/gcc_arm/bin/../lib/gcc/arm-none-eabi/4.9.3/../../../../arm-none-eabi/lib/armv6-m\libg_nano.a(lib_a-strlen.o)
                              ./system/src/diag/Trace.o (strlen)
c:/toolsarm/gcc_arm/bin/../lib/gcc/arm-none-eabi/4.9.3/../../../../arm-none-eabi/lib/armv6-m\libg_nano.a(lib_a-vsnprintf.o)
                              ./system/src/diag/Trace.o (vsnprintf)
c:/toolsarm/gcc_arm/bin/../lib/gcc/arm-none-eabi/4.9.3/../../../../arm-none-eabi/lib/armv6-m\libg_nano.a(lib_a-nano-svfprintf.o)
                              c:/toolsarm/gcc_arm/bin/../lib/gcc/arm-none-eabi/4.9.3/../../../../arm-none-eabi/lib/armv6-m\libg_nano.a(lib_a-vsnprintf.o) (_svfprintf_r)
c:/toolsarm/gcc_arm/bin/../lib/gcc/arm-none-eabi/4.9.3/../../../../arm-none-eabi/lib/armv6-m\libg_nano.a(lib_a-nano-vfprintf_i.o)
                              c:/toolsarm/gcc_arm/bin/../lib/gcc/arm-none-eabi/4.9.3/../../../../arm-none-eabi/lib/armv6-m\libg_nano.a(lib_a-nano-svfprintf.o) (_printf_i)
c:/toolsarm/gcc_arm/bin/../lib/gcc/arm-none-eabi/4.9.3/../../../../arm-none-eabi/lib/armv6-m\libg_nano.a(lib_a-memchr.o)
                              c:/toolsarm/gcc_arm/bin/../lib/gcc/arm-none-eabi/4.9.3/../../../../arm-none-eabi/lib/armv6-m\libg_nano.a(lib_a-nano-svfprintf.o) (memchr)
c:/toolsarm/gcc_arm/bin/../lib/gcc/arm-none-eabi/4.9.3/../../../../arm-none-eabi/lib/armv6-m\libg_nano.a(lib_a-memcpy.o)
                              c:/toolsarm/gcc_arm/bin/../lib/gcc/arm-none-eabi/4.9.3/../../../../arm-none-eabi/lib/armv6-m\libg_nano.a(lib_a-nano-svfprintf.o) (memcpy)
c:/toolsarm/gcc_arm/bin/../lib/gcc/arm-none-eabi/4.9.3/../../../../arm-none-eabi/lib/armv6-m\libg_nano.a(lib_a-memmove.o)
                              c:/toolsarm/gcc_arm/bin/../lib/gcc/arm-none-eabi/4.9.3/../../../../arm-none-eabi/lib/armv6-m\libg_nano.a(lib_a-nano-svfprintf.o) (memmove)
c:/toolsarm/gcc_arm/bin/../lib/gcc/arm-none-eabi/4.9.3/../../../../arm-none-eabi/lib/armv6-m\libg_nano.a(lib_a-nano-freer.o)
                              c:/toolsarm/gcc_arm/bin/../lib/gcc/arm-none-eabi/4.9.3/../../../../arm-none-eabi/lib/armv6-m\libg_nano.a(lib_a-nano-svfprintf.o) (_free_r)
c:/toolsarm/gcc_arm/bin/../lib/gcc/arm-none-eabi/4.9.3/../../../../arm-none-eabi/lib/armv6-m\libg_nano.a(lib_a-nano-mallocr.o)
                              c:/toolsarm/gcc_arm/bin/../lib/gcc/arm-none-eabi/4.9.3/../../../../arm-none-eabi/lib/armv6-m\libg_nano.a(lib_a-nano-svfprintf.o) (_malloc_r)
c:/toolsarm/gcc_arm/bin/../lib/gcc/arm-none-eabi/4.9.3/../../../../arm-none-eabi/lib/armv6-m\libg_nano.a(lib_a-nano-reallocr.o)
                              c:/toolsarm/gcc_arm/bin/../lib/gcc/arm-none-eabi/4.9.3/../../../../arm-none-eabi/lib/armv6-m\libg_nano.a(lib_a-nano-svfprintf.o) (_realloc_r)
c:/toolsarm/gcc_arm/bin/../lib/gcc/arm-none-eabi/4.9.3/../../../../arm-none-eabi/lib/armv6-m\libg_nano.a(lib_a-sbrkr.o)
                              c:/toolsarm/gcc_arm/bin/../lib/gcc/arm-none-eabi/4.9.3/../../../../arm-none-eabi/lib/armv6-m\libg_nano.a(lib_a-nano-mallocr.o) (_sbrk_r)
c:/toolsarm/gcc_arm/bin/../lib/gcc/arm-none-eabi/4.9.3/../../../../arm-none-eabi/lib/armv6-m\libg_nano.a(lib_a-nano-msizer.o)
                              c:/toolsarm/gcc_arm/bin/../lib/gcc/arm-none-eabi/4.9.3/../../../../arm-none-eabi/lib/armv6-m\libg_nano.a(lib_a-nano-reallocr.o) (_malloc_usable_size_r)

Allocating common symbols
Common symbol       size              file

timer_delayCount    0x4               ./src/Timer.o
errno               0x4               ./system/src/newlib/_syscalls.o

Discarded input sections

 .group         0x00000000        0x8 ./system/src/stm32f0-stdperiph/stm32f0xx_adc.o
 .group         0x00000000        0x8 ./system/src/stm32f0-stdperiph/stm32f0xx_adc.o
 .group         0x00000000        0x8 ./system/src/stm32f0-stdperiph/stm32f0xx_adc.o
 .group         0x00000000        0x8 ./system/src/stm32f0-stdperiph/stm32f0xx_adc.o
 .group         0x00000000        0x8 ./system/src/stm32f0-stdperiph/stm32f0xx_adc.o
[...]
Memory Configuration

Name             Origin             Length             Attributes
RAM              0x20000000         0x00004000         xrw
CCMRAM           0x00000000         0x00000000         xrw
FLASH            0x08000000         0x00010000         xr
FLASHB1          0x00000000         0x00000000         xr
EXTMEMB0         0x00000000         0x00000000         xr
EXTMEMB1         0x00000000         0x00000000         xr
EXTMEMB2         0x00000000         0x00000000         xr
EXTMEMB3         0x00000000         0x00000000         xr
MEMORY_ARRAY     0x00000000         0x00000000         xrw
*default*        0x00000000         0xffffffff

Linker script and memory map

LOAD ./system/src/stm32f0-stdperiph/stm32f0xx_adc.o
LOAD ./system/src/stm32f0-stdperiph/stm32f0xx_gpio.o
LOAD ./system/src/stm32f0-stdperiph/stm32f0xx_rcc.o
LOAD ./system/src/stm32f0-stdperiph/stm32f0xx_tim.o
LOAD ./system/src/newlib/_cxx.o
LOAD ./system/src/newlib/_exit.o
LOAD ./system/src/newlib/_sbrk.o
LOAD ./system/src/newlib/_startup.o
LOAD ./system/src/newlib/_syscalls.o
LOAD ./system/src/newlib/assert.o
LOAD ./system/src/diag/Trace.o
LOAD ./system/src/diag/trace_impl.o
LOAD ./system/src/cortexm/_initialize_hardware.o
LOAD ./system/src/cortexm/_reset_hardware.o
LOAD ./system/src/cortexm/exception_handlers.o
LOAD ./system/src/cmsis/system_stm32f0xx.o
LOAD ./system/src/cmsis/vectors_stm32f0xx.o
LOAD ./src/BlinkLed.o
LOAD ./src/Joystick.o
LOAD ./src/LedPwm.o
LOAD ./src/Timer.o
LOAD ./src/_write.o
LOAD ./src/main.o
LOAD c:/toolsarm/gcc_arm/bin/../lib/gcc/arm-none-eabi/4.9.3/../../../../arm-none-eabi/lib/armv6-m\libstdc++_nano.a
LOAD c:/toolsarm/gcc_arm/bin/../lib/gcc/arm-none-eabi/4.9.3/../../../../arm-none-eabi/lib/armv6-m\libm.a
START GROUP
LOAD c:/toolsarm/gcc_arm/bin/../lib/gcc/arm-none-eabi/4.9.3/armv6-m\libgcc.a
LOAD c:/toolsarm/gcc_arm/bin/../lib/gcc/arm-none-eabi/4.9.3/../../../../arm-none-eabi/lib/armv6-m\libg_nano.a
LOAD c:/toolsarm/gcc_arm/bin/../lib/gcc/arm-none-eabi/4.9.3/../../../../arm-none-eabi/lib/armv6-m\libc_nano.a
END GROUP
START GROUP
LOAD c:/toolsarm/gcc_arm/bin/../lib/gcc/arm-none-eabi/4.9.3/armv6-m\libgcc.a
LOAD c:/toolsarm/gcc_arm/bin/../lib/gcc/arm-none-eabi/4.9.3/../../../../arm-none-eabi/lib/armv6-m\libc_nano.a
END GROUP
                0x20004000                __stack = (ORIGIN (RAM) + 0x4000)
                0x20004000                _estack = __stack
                0x00000400                __Main_Stack_Size = 0x400
                0x00000400                PROVIDE (_Main_Stack_Size, __Main_Stack_Size)
                0x20003c00                __Main_Stack_Limit = (__stack - __Main_Stack_Size)
                0x20003c00                PROVIDE (_Main_Stack_Limit, __Main_Stack_Limit)
                0x00000100                _Minimum_Stack_Size = 0x100
                0x20000128                PROVIDE (_Heap_Begin, _end_noinit)
                0x20003c00                PROVIDE (_Heap_Limit, (__stack - __Main_Stack_Size))

.isr_vector     0x08000000      0x230
 FILL mask 0xff
                0x08000000                __vectors_start = ABSOLUTE (.)
                0x08000000                __vectors_start__ = ABSOLUTE (.)
 *(.isr_vector)
 .isr_vector    0x08000000       0xc4 ./system/src/cmsis/vectors_stm32f0xx.o
                0x08000000                g_pfnVectors
 *(.cfmconfig)
 *(.after_vectors .after_vectors.*)
 .after_vectors
                0x080000c4      0x118 ./system/src/newlib/_startup.o
                0x080000c4                _start
 .after_vectors
                0x080001dc       0x50 ./system/src/cortexm/exception_handlers.o
                0x080001dc                Reset_Handler
                0x080001e4                NMI_Handler
                0x080001e8                HardFault_Handler
                0x08000200                HardFault_Handler_C
                0x0800021c                SVC_Handler
                0x08000220                PendSV_Handler
 .after_vectors
                0x0800022c        0x4 ./system/src/cmsis/vectors_stm32f0xx.o
                0x0800022c                TIM1_CC_IRQHandler
                0x0800022c                TSC_IRQHandler
                0x0800022c                ADC1_COMP_IRQHandler
                0x0800022c                TIM6_IRQHandler
                0x0800022c                PVD_IRQHandler
                0x0800022c                I2C1_IRQHandler
                0x0800022c                RCC_CRS_IRQHandler
                0x0800022c                SPI1_IRQHandler
                0x0800022c                TIM6_DAC_IRQHandler
                0x0800022c                USART3_4_IRQHandler
                0x0800022c                EXTI2_3_IRQHandler
                0x0800022c                ADC1_IRQHandler
                0x0800022c                I2C2_IRQHandler
                0x0800022c                USART3_6_IRQHandler
                0x0800022c                TIM17_IRQHandler
                0x0800022c                CEC_CAN_IRQHandler
                0x0800022c                RTC_IRQHandler
                0x0800022c                PVD_VDDIO2_IRQHandler
                0x0800022c                DMA1_Channel4_5_6_7_IRQHandler
                0x0800022c                TIM16_IRQHandler
                0x0800022c                TIM3_IRQHandler
                0x0800022c                EXTI4_15_IRQHandler
                0x0800022c                RCC_IRQHandler
                0x0800022c                USART3_8_IRQHandler
                0x0800022c                DMA1_Channel1_IRQHandler
                0x0800022c                Default_Handler
                0x0800022c                CEC_IRQHandler
                0x0800022c                TIM14_IRQHandler
                0x0800022c                DMA1_Channel4_5_IRQHandler
                0x0800022c                TIM7_IRQHandler
                0x0800022c                TIM15_IRQHandler
                0x0800022c                EXTI0_1_IRQHandler
                0x0800022c                USB_IRQHandler
                0x0800022c                DMA1_Ch2_3_DMA2_Ch1_2_IRQHandler
                0x0800022c                SPI2_IRQHandler
                0x0800022c                DMA1_Ch4_7_DMA2_Ch3_5_IRQHandler
                0x0800022c                TS_IRQHandler
                0x0800022c                WWDG_IRQHandler
                0x0800022c                TIM2_IRQHandler
                0x0800022c                DMA1_Channel2_3_IRQHandler
                0x0800022c                USART2_IRQHandler
                0x0800022c                VDDIO2_IRQHandler
                0x0800022c                FLASH_IRQHandler
                0x0800022c                USART1_IRQHandler
                0x0800022c                TIM1_BRK_UP_TRG_COM_IRQHandler

.inits          0x08000230       0x28
                0x08000230                __data_regions_array_start = .
                0x08000230        0x4 LONG 0x8002018 LOADADDR (.data)
                0x08000234        0x4 LONG 0x20000000 ADDR (.data)
                0x08000238        0x4 LONG 0x20000088 (ADDR (.data) + SIZEOF (.data))
                0x0800023c        0x4 LONG 0x8002018 LOADADDR (.data_CCMRAM)
                0x08000240        0x4 LONG 0x0 ADDR (.data_CCMRAM)
                0x08000244        0x4 LONG 0x0 (ADDR (.data_CCMRAM) + SIZEOF (.data_CCMRAM))
                0x08000248                __data_regions_array_end = .
                0x08000248                __bss_regions_array_start = .
                0x08000248        0x4 LONG 0x20000088 ADDR (.bss)
                0x0800024c        0x4 LONG 0x20000128 (ADDR (.bss) + SIZEOF (.bss))
                0x08000250        0x4 LONG 0x0 ADDR (.bss_CCMRAM)
                0x08000254        0x4 LONG 0x0 (ADDR (.bss_CCMRAM) + SIZEOF (.bss_CCMRAM))
                0x08000258                __bss_regions_array_end = .
 *(.init)
 *(.fini)
                0x08000258                . = ALIGN (0x4)
                0x08000258                PROVIDE (__preinit_array_start, .)
 *(.preinit_array_sysinit .preinit_array_sysinit.*)
 *(.preinit_array_platform .preinit_array_platform.*)
 *(.preinit_array .preinit_array.*)
                0x08000258                PROVIDE (__preinit_array_end, .)
                0x08000258                . = ALIGN (0x4)
                0x08000258                PROVIDE (__init_array_start, .)
 *(SORT(.init_array.*))
 *(.init_array)
                0x08000258                PROVIDE (__init_array_end, .)
                0x08000258                . = ALIGN (0x4)
                0x08000258                PROVIDE (__fini_array_start, .)
 *(SORT(.fini_array.*))
 *(.fini_array)
                0x08000258                PROVIDE (__fini_array_end, .)

.flashtext
 *(.flashtext .flashtext.*)

.text           0x08000258     0x1dbd
 *(.text .text.*)
 .text.ADC_DeInit
                0x08000258       0x38 ./system/src/stm32f0-stdperiph/stm32f0xx_adc.o
                0x08000258                ADC_DeInit
 .text.ADC_Init
                0x08000290       0xd8 ./system/src/stm32f0-stdperiph/stm32f0xx_adc.o
                0x08000290                ADC_Init
 .text.ADC_StructInit
                0x08000368       0x10 ./system/src/stm32f0-stdperiph/stm32f0xx_adc.o
                0x08000368                ADC_StructInit
 .text.ADC_Cmd  0x08000378       0x40 ./system/src/stm32f0-stdperiph/stm32f0xx_adc.o
                0x08000378                ADC_Cmd
 .text.ADC_ChannelConfig
                0x080003b8       0x50 ./system/src/stm32f0-stdperiph/stm32f0xx_adc.o
                0x080003b8                ADC_ChannelConfig
 .text.ADC_GetCalibrationFactor
                0x08000408       0x4c ./system/src/stm32f0-stdperiph/stm32f0xx_adc.o
                0x08000408                ADC_GetCalibrationFactor
 .text.ADC_StartOfConversion
                0x08000454       0x28 ./system/src/stm32f0-stdperiph/stm32f0xx_adc.o
                0x08000454                ADC_StartOfConversion
 .text.ADC_GetConversionValue
                0x0800047c       0x24 ./system/src/stm32f0-stdperiph/stm32f0xx_adc.o
                0x0800047c                ADC_GetConversionValue
 .text.ADC_GetFlagStatus
                0x080004a0       0x90 ./system/src/stm32f0-stdperiph/stm32f0xx_adc.o
                0x080004a0                ADC_GetFlagStatus
 .text.GPIO_Init
                0x08000530      0x11c ./system/src/stm32f0-stdperiph/stm32f0xx_gpio.o
                0x08000530                GPIO_Init
 .text.GPIO_SetBits
                0x0800064c       0x60 ./system/src/stm32f0-stdperiph/stm32f0xx_gpio.o
                0x0800064c                GPIO_SetBits
 .text.GPIO_ResetBits
                0x080006ac       0x60 ./system/src/stm32f0-stdperiph/stm32f0xx_gpio.o
                0x080006ac                GPIO_ResetBits
 .text.GPIO_PinAFConfig
                0x0800070c       0x90 ./system/src/stm32f0-stdperiph/stm32f0xx_gpio.o
                0x0800070c                GPIO_PinAFConfig
 .text.RCC_AHBPeriphClockCmd
                0x0800079c       0x50 ./system/src/stm32f0-stdperiph/stm32f0xx_rcc.o
                0x0800079c                RCC_AHBPeriphClockCmd
 .text.RCC_APB2PeriphClockCmd
                0x080007ec       0x50 ./system/src/stm32f0-stdperiph/stm32f0xx_rcc.o
                0x080007ec                RCC_APB2PeriphClockCmd
 .text.RCC_APB1PeriphClockCmd
                0x0800083c       0x50 ./system/src/stm32f0-stdperiph/stm32f0xx_rcc.o
                0x0800083c                RCC_APB1PeriphClockCmd
 .text.RCC_APB2PeriphResetCmd
                0x0800088c       0x50 ./system/src/stm32f0-stdperiph/stm32f0xx_rcc.o
                0x0800088c                RCC_APB2PeriphResetCmd
 .text.TIM_TimeBaseInit
                0x080008dc      0x10c ./system/src/stm32f0-stdperiph/stm32f0xx_tim.o
                0x080008dc                TIM_TimeBaseInit
 .text.TIM_PrescalerConfig
                0x080009e8       0x84 ./system/src/stm32f0-stdperiph/stm32f0xx_tim.o
                0x080009e8                TIM_PrescalerConfig
 .text.TIM_ARRPreloadConfig
                0x08000a6c       0x94 ./system/src/stm32f0-stdperiph/stm32f0xx_tim.o
                0x08000a6c                TIM_ARRPreloadConfig
 .text.TIM_Cmd  0x08000b00       0x94 ./system/src/stm32f0-stdperiph/stm32f0xx_tim.o
                0x08000b00                TIM_Cmd
 .text.TIM_OC1Init
                0x08000b94      0x178 ./system/src/stm32f0-stdperiph/stm32f0xx_tim.o
                0x08000b94                TIM_OC1Init
 .text.TIM_OC1PreloadConfig
                0x08000d0c       0x7c ./system/src/stm32f0-stdperiph/stm32f0xx_tim.o
                0x08000d0c                TIM_OC1PreloadConfig
 .text._exit    0x08000d88        0x4 ./system/src/newlib/_exit.o
                0x08000d88                _exit
 .text.abort    0x08000d8c       0x14 ./system/src/newlib/_exit.o
                0x08000d8c                abort
 .text._sbrk    0x08000da0       0x44 ./system/src/newlib/_sbrk.o
                0x08000da0                _sbrk
 .text.__initialize_args
                0x08000de4       0x10 ./system/src/newlib/_syscalls.o
                0x08000de4                __initialize_args
 .text.assert_failed
                0x08000df4       0x18 ./system/src/newlib/assert.o
                0x08000df4                assert_failed
 .text.trace_printf
                0x08000e0c       0x30 ./system/src/diag/Trace.o
                0x08000e0c                trace_printf
 .text.trace_puts
                0x08000e3c       0x20 ./system/src/diag/Trace.o
                0x08000e3c                trace_puts
 .text._trace_write_semihosting_debug
                0x08000e5c       0x64 ./system/src/diag/trace_impl.o
 .text.trace_write
                0x08000ec0        0x8 ./system/src/diag/trace_impl.o
                0x08000ec0                trace_write
 .text.__initialize_hardware_early
                0x08000ec8        0x8 ./system/src/cortexm/_initialize_hardware.o
                0x08000ec8                __initialize_hardware_early
 .text.__initialize_hardware
                0x08000ed0        0x8 ./system/src/cortexm/_initialize_hardware.o
                0x08000ed0                __initialize_hardware
 .text.dumpExceptionStack
                0x08000ed8       0x88 ./system/src/cortexm/exception_handlers.o
                0x08000ed8                dumpExceptionStack
 .text.SetSysClock
                0x08000f60       0xb0 ./system/src/cmsis/system_stm32f0xx.o
 .text.SystemInit
                0x08001010       0x64 ./system/src/cmsis/system_stm32f0xx.o
                0x08001010                SystemInit
 .text.SystemCoreClockUpdate
                0x08001074       0x90 ./system/src/cmsis/system_stm32f0xx.o
                0x08001074                SystemCoreClockUpdate
 .text.blink_led_init
                0x08001104       0x3c ./src/BlinkLed.o
                0x08001104                blink_led_init
 .text.AdcInit  0x08001140       0x90 ./src/Joystick.o
                0x08001140                AdcInit
 .text.JoystickGetX
                0x080011d0       0x1c ./src/Joystick.o
                0x080011d0                JoystickGetX
 .text.LedPwmInit
                0x080011ec       0x98 ./src/LedPwm.o
                0x080011ec                LedPwmInit
 .text.SetPwmFreq
                0x08001284       0x2c ./src/LedPwm.o
                0x08001284                SetPwmFreq
 .text.OffPwm   0x080012b0        0xc ./src/LedPwm.o
                0x080012b0                OffPwm
 .text.timer_start
                0x080012bc       0x44 ./src/Timer.o
                0x080012bc                timer_start
 .text.timer_sleep
                0x08001300       0x14 ./src/Timer.o
                0x08001300                timer_sleep
 .text.timer_tick
                0x08001314       0x18 ./src/Timer.o
                0x08001314                timer_tick
 .text.SysTick_Handler
                0x0800132c        0x8 ./src/Timer.o
                0x0800132c                SysTick_Handler
 .text.main     0x08001334       0xa0 ./src/main.o
                0x08001334                main
 .text          0x080013d4      0x120 c:/toolsarm/gcc_arm/bin/../lib/gcc/arm-none-eabi/4.9.3/armv6-m\libgcc.a(_udivsi3.o)
                0x080013d4                __aeabi_uidiv
                0x080013d4                __udivsi3
                0x080014e0                __aeabi_uidivmod
 .text          0x080014f4        0x4 c:/toolsarm/gcc_arm/bin/../lib/gcc/arm-none-eabi/4.9.3/armv6-m\libgcc.a(_dvmd_tls.o)
                0x080014f4                __aeabi_idiv0
                0x080014f4                __aeabi_ldiv0
 .text.__errno  0x080014f8        0xc c:/toolsarm/gcc_arm/bin/../lib/gcc/arm-none-eabi/4.9.3/../../../../arm-none-eabi/lib/armv6-m\libg_nano.a(lib_a-errno.o)
                0x080014f8                __errno
 .text.strlen   0x08001504        0xe c:/toolsarm/gcc_arm/bin/../lib/gcc/arm-none-eabi/4.9.3/../../../../arm-none-eabi/lib/armv6-m\libg_nano.a(lib_a-strlen.o)
                0x08001504                strlen
 .text._vsnprintf_r
                0x08001512       0x54 c:/toolsarm/gcc_arm/bin/../lib/gcc/arm-none-eabi/4.9.3/../../../../arm-none-eabi/lib/armv6-m\libg_nano.a(lib_a-vsnprintf.o)
                0x08001512                _vsniprintf_r
                0x08001512                _vsnprintf_r
 *fill*         0x08001566        0x2 
 .text.vsnprintf
                0x08001568       0x20 c:/toolsarm/gcc_arm/bin/../lib/gcc/arm-none-eabi/4.9.3/../../../../arm-none-eabi/lib/armv6-m\libg_nano.a(lib_a-vsnprintf.o)
                0x08001568                vsniprintf
                0x08001568                vsnprintf
 .text.__ssputs_r
                0x08001588       0xc0 c:/toolsarm/gcc_arm/bin/../lib/gcc/arm-none-eabi/4.9.3/../../../../arm-none-eabi/lib/armv6-m\libg_nano.a(lib_a-nano-svfprintf.o)
                0x08001588                __ssputs_r
 .text._svfprintf_r
                0x08001648      0x1ec c:/toolsarm/gcc_arm/bin/../lib/gcc/arm-none-eabi/4.9.3/../../../../arm-none-eabi/lib/armv6-m\libg_nano.a(lib_a-nano-svfprintf.o)
                0x08001648                _svfiprintf_r
                0x08001648                _svfprintf_r
 .text._printf_common
                0x08001834       0xdc c:/toolsarm/gcc_arm/bin/../lib/gcc/arm-none-eabi/4.9.3/../../../../arm-none-eabi/lib/armv6-m\libg_nano.a(lib_a-nano-vfprintf_i.o)
                0x08001834                _printf_common
 .text._printf_i
                0x08001910      0x230 c:/toolsarm/gcc_arm/bin/../lib/gcc/arm-none-eabi/4.9.3/../../../../arm-none-eabi/lib/armv6-m\libg_nano.a(lib_a-nano-vfprintf_i.o)
                0x08001910                _printf_i
 .text.memchr   0x08001b40       0x16 c:/toolsarm/gcc_arm/bin/../lib/gcc/arm-none-eabi/4.9.3/../../../../arm-none-eabi/lib/armv6-m\libg_nano.a(lib_a-memchr.o)
                0x08001b40                memchr
 .text.memcpy   0x08001b56       0x12 c:/toolsarm/gcc_arm/bin/../lib/gcc/arm-none-eabi/4.9.3/../../../../arm-none-eabi/lib/armv6-m\libg_nano.a(lib_a-memcpy.o)
                0x08001b56                memcpy
 .text.memmove  0x08001b68       0x28 c:/toolsarm/gcc_arm/bin/../lib/gcc/arm-none-eabi/4.9.3/../../../../arm-none-eabi/lib/armv6-m\libg_nano.a(lib_a-memmove.o)
                0x08001b68                memmove
 .text._free_r  0x08001b90       0x8c c:/toolsarm/gcc_arm/bin/../lib/gcc/arm-none-eabi/4.9.3/../../../../arm-none-eabi/lib/armv6-m\libg_nano.a(lib_a-nano-freer.o)
                0x08001b90                _free_r
 .text._malloc_r
                0x08001c1c       0xb0 c:/toolsarm/gcc_arm/bin/../lib/gcc/arm-none-eabi/4.9.3/../../../../arm-none-eabi/lib/armv6-m\libg_nano.a(lib_a-nano-mallocr.o)
                0x08001c1c                _malloc_r
 .text._realloc_r
                0x08001ccc       0x4c c:/toolsarm/gcc_arm/bin/../lib/gcc/arm-none-eabi/4.9.3/../../../../arm-none-eabi/lib/armv6-m\libg_nano.a(lib_a-nano-reallocr.o)
                0x08001ccc                _realloc_r
 .text._sbrk_r  0x08001d18       0x24 c:/toolsarm/gcc_arm/bin/../lib/gcc/arm-none-eabi/4.9.3/../../../../arm-none-eabi/lib/armv6-m\libg_nano.a(lib_a-sbrkr.o)
                0x08001d18                _sbrk_r
 .text._malloc_usable_size_r
                0x08001d3c       0x16 c:/toolsarm/gcc_arm/bin/../lib/gcc/arm-none-eabi/4.9.3/../../../../arm-none-eabi/lib/armv6-m\libg_nano.a(lib_a-nano-msizer.o)
                0x08001d3c                _malloc_usable_size_r
 *(.rodata .rodata.* .constdata .constdata.*)
 *fill*         0x08001d52        0x2 
 .rodata.str1.4
                0x08001d54       0x30 ./system/src/stm32f0-stdperiph/stm32f0xx_adc.o
 .rodata.str1.4
                0x08001d84       0x31 ./system/src/stm32f0-stdperiph/stm32f0xx_gpio.o
 *fill*         0x08001db5        0x3 
 .rodata.str1.4
                0x08001db8       0x30 ./system/src/stm32f0-stdperiph/stm32f0xx_rcc.o
 .rodata.str1.4
                0x08001de8       0x30 ./system/src/stm32f0-stdperiph/stm32f0xx_tim.o
 .rodata.str1.4
                0x08001e18       0x14 ./system/src/newlib/_exit.o
 .rodata.str1.4
                0x08001e2c       0x6b ./system/src/newlib/assert.o
                                 0x6f (size before relaxing)
 *fill*         0x08001e97        0x1 
 .rodata.str1.4
                0x08001e98       0x29 ./system/src/diag/Trace.o
                                 0x2d (size before relaxing)
 *fill*         0x08001ec1        0x3 
 .rodata.str1.4
                0x08001ec4       0xbd ./system/src/cortexm/exception_handlers.o
 *fill*         0x08001f81        0x3 
 .rodata.str1.4
                0x08001f84       0x5c ./src/main.o
 .rodata.str1.1
                0x08001fe0        0x2 c:/toolsarm/gcc_arm/bin/../lib/gcc/arm-none-eabi/4.9.3/../../../../arm-none-eabi/lib/armv6-m\libg_nano.a(lib_a-impure.o)
 .rodata.str1.1
                0x08001fe2       0x11 c:/toolsarm/gcc_arm/bin/../lib/gcc/arm-none-eabi/4.9.3/../../../../arm-none-eabi/lib/armv6-m\libg_nano.a(lib_a-nano-svfprintf.o)
 .rodata.str1.1
                0x08001ff3       0x22 c:/toolsarm/gcc_arm/bin/../lib/gcc/arm-none-eabi/4.9.3/../../../../arm-none-eabi/lib/armv6-m\libg_nano.a(lib_a-nano-vfprintf_i.o)
 *(vtable)
 *(.eh_frame*)
 *(.glue_7)
 .glue_7        0x00000000        0x0 linker stubs
 *(.glue_7t)
 .glue_7t       0x00000000        0x0 linker stubs

.vfp11_veneer   0x08002018        0x0
 .vfp11_veneer  0x00000000        0x0 linker stubs

.v4_bx          0x08002018        0x0
 .v4_bx         0x00000000        0x0 linker stubs

.iplt           0x08002018        0x0
 .iplt          0x00000000        0x0 ./system/src/stm32f0-stdperiph/stm32f0xx_adc.o

.rel.dyn        0x08002018        0x0
 .rel.iplt      0x00000000        0x0 ./system/src/stm32f0-stdperiph/stm32f0xx_adc.o

.ARM.extab
 *(.ARM.extab* .gnu.linkonce.armextab.*)
                0x08002018                . = ALIGN (0x4)
                0x08002018                __exidx_start = .

.ARM.exidx
 *(.ARM.exidx* .gnu.linkonce.armexidx.*)
                0x08002018                __exidx_end = .
                0x08002018                . = ALIGN (0x4)
                0x08002018                _etext = .
                0x08002018                __etext = .

.data_CCMRAM    0x00000000        0x0 load address 0x08002018
 FILL mask 0xff
 *(.data.CCMRAM .data.CCMRAM.*)
                0x00000000                . = ALIGN (0x4)
                0x08002018                _sidata = LOADADDR (.data)

.data           0x20000000       0x88 load address 0x08002018
 FILL mask 0xff
                0x20000000                _sdata = .
                0x20000000                __data_start__ = .
 *(.data_begin .data_begin.*)
 .data_begin    0x20000000        0x4 ./system/src/newlib/_startup.o
 *(.data .data.*)
 .data.argv.4158
                0x20000004        0x8 ./system/src/newlib/_syscalls.o
 .data.AHBPrescTable
                0x2000000c       0x10 ./system/src/cmsis/system_stm32f0xx.o
                0x2000000c                AHBPrescTable
 .data.SystemCoreClock
                0x2000001c        0x4 ./system/src/cmsis/system_stm32f0xx.o
                0x2000001c                SystemCoreClock
 .data.impure_data
                0x20000020       0x60 c:/toolsarm/gcc_arm/bin/../lib/gcc/arm-none-eabi/4.9.3/../../../../arm-none-eabi/lib/armv6-m\libg_nano.a(lib_a-impure.o)
 .data._impure_ptr
                0x20000080        0x4 c:/toolsarm/gcc_arm/bin/../lib/gcc/arm-none-eabi/4.9.3/../../../../arm-none-eabi/lib/armv6-m\libg_nano.a(lib_a-impure.o)
                0x20000080                _impure_ptr
 *(.data_end .data_end.*)
 .data_end      0x20000084        0x4 ./system/src/newlib/_startup.o
                0x20000088                . = ALIGN (0x4)
                0x20000088                _edata = .
                0x20000088                __data_end__ = .

.igot.plt       0x20000088        0x0 load address 0x080020a0
 .igot.plt      0x00000000        0x0 ./system/src/stm32f0-stdperiph/stm32f0xx_adc.o

.bss_CCMRAM     0x00000000        0x0
 *(.bss.CCMRAM .bss.CCMRAM.*)

.bss            0x20000088       0xa0
                0x20000088                __bss_start__ = .
                0x20000088                _sbss = .
 *(.bss_begin .bss_begin.*)
 .bss_begin     0x20000088        0x4 ./system/src/newlib/_startup.o
 *(.bss .bss.*)
 .bss.current_heap_end.3862
                0x2000008c        0x4 ./system/src/newlib/_sbrk.o
 .bss.name.4157
                0x20000090        0x1 ./system/src/newlib/_syscalls.o
 *fill*         0x20000091        0x3 
 .bss.buf.4998  0x20000094       0x80 ./system/src/diag/Trace.o
 .bss.__malloc_sbrk_start
                0x20000114        0x4 c:/toolsarm/gcc_arm/bin/../lib/gcc/arm-none-eabi/4.9.3/../../../../arm-none-eabi/lib/armv6-m\libg_nano.a(lib_a-nano-mallocr.o)
                0x20000114                __malloc_sbrk_start
 .bss.__malloc_free_list
                0x20000118        0x4 c:/toolsarm/gcc_arm/bin/../lib/gcc/arm-none-eabi/4.9.3/../../../../arm-none-eabi/lib/armv6-m\libg_nano.a(lib_a-nano-mallocr.o)
                0x20000118                __malloc_free_list
 *(COMMON)
 COMMON         0x2000011c        0x4 ./system/src/newlib/_syscalls.o
                0x2000011c                errno
 COMMON         0x20000120        0x4 ./src/Timer.o
                0x20000120                timer_delayCount
 *(.bss_end .bss_end.*)
 .bss_end       0x20000124        0x4 ./system/src/newlib/_startup.o
                0x20000128                . = ALIGN (0x4)
                0x20000128                __bss_end__ = .
                0x20000128                _ebss = .

.noinit_CCMRAM
 *(.noinit.CCMRAM .noinit.CCMRAM.*)

.noinit         0x20000128        0x0
                0x20000128                _noinit = .
 *(.noinit .noinit.*)
                0x20000128                . = ALIGN (0x4)
                0x20000128                _end_noinit = .
                0x20000128                PROVIDE (end, _end_noinit)
                0x20000128                PROVIDE (_end, _end_noinit)
                0x20000128                PROVIDE (__end, _end_noinit)
                0x20000128                PROVIDE (__end__, _end_noinit)

._check_stack   0x20000128      0x100
                0x20000228                . = (. + _Minimum_Stack_Size)
 *fill*         0x20000128      0x100 

.b1text
 *(.b1text)
 *(.b1rodata)
 *(.b1rodata.*)

.eb0text
 *(.eb0text)
 *(.eb0rodata)
 *(.eb0rodata.*)

.eb1text
 *(.eb1text)
 *(.eb1rodata)
 *(.eb1rodata.*)

.eb2text
 *(.eb2text)
 *(.eb2rodata)
 *(.eb2rodata.*)

.eb3text
 *(.eb3text)
 *(.eb3rodata)
 *(.eb3rodata.*)

.stab
 *(.stab)

.stabstr
 *(.stabstr)

.stab.excl
 *(.stab.excl)

.stab.exclstr
 *(.stab.exclstr)

.stab.index
 *(.stab.index)

.stab.indexstr
 *(.stab.indexstr)

.comment        0x00000000       0x70
 *(.comment)
 .comment       0x00000000       0x70 ./system/src/stm32f0-stdperiph/stm32f0xx_adc.o
                                 0x71 (size before relaxing)
 .comment       0x00000000       0x71 ./system/src/stm32f0-stdperiph/stm32f0xx_gpio.o
 .comment       0x00000000       0x71 ./system/src/stm32f0-stdperiph/stm32f0xx_rcc.o
 .comment       0x00000000       0x71 ./system/src/stm32f0-stdperiph/stm32f0xx_tim.o
 .comment       0x00000000       0x71 ./system/src/newlib/_exit.o
 .comment       0x00000000       0x71 ./system/src/newlib/_sbrk.o
 .comment       0x00000000       0x71 ./system/src/newlib/_startup.o
 .comment       0x00000000       0x71 ./system/src/newlib/_syscalls.o
 .comment       0x00000000       0x71 ./system/src/newlib/assert.o
 .comment       0x00000000       0x71 ./system/src/diag/Trace.o
 .comment       0x00000000       0x71 ./system/src/diag/trace_impl.o
 .comment       0x00000000       0x71 ./system/src/cortexm/_initialize_hardware.o
 .comment       0x00000000       0x71 ./system/src/cortexm/exception_handlers.o
 .comment       0x00000000       0x71 ./system/src/cmsis/system_stm32f0xx.o
 .comment       0x00000000       0x71 ./system/src/cmsis/vectors_stm32f0xx.o
 .comment       0x00000000       0x71 ./src/BlinkLed.o
 .comment       0x00000000       0x71 ./src/Joystick.o
 .comment       0x00000000       0x71 ./src/LedPwm.o
 .comment       0x00000000       0x71 ./src/Timer.o
 .comment       0x00000000       0x71 ./src/main.o

.ARM.attributes
                0x00000000       0x31
 .ARM.attributes
                0x00000000       0x31 ./system/src/stm32f0-stdperiph/stm32f0xx_adc.o
 .ARM.attributes
                0x00000031       0x31 ./system/src/stm32f0-stdperiph/stm32f0xx_gpio.o
 .ARM.attributes
                0x00000062       0x31 ./system/src/stm32f0-stdperiph/stm32f0xx_rcc.o
 .ARM.attributes
                0x00000093       0x31 ./system/src/stm32f0-stdperiph/stm32f0xx_tim.o
 .ARM.attributes
                0x000000c4       0x31 ./system/src/newlib/_exit.o
 .ARM.attributes
                0x000000f5       0x31 ./system/src/newlib/_sbrk.o
 .ARM.attributes
                0x00000126       0x31 ./system/src/newlib/_startup.o
 .ARM.attributes
                0x00000157       0x31 ./system/src/newlib/_syscalls.o
 .ARM.attributes
                0x00000188       0x31 ./system/src/newlib/assert.o
 .ARM.attributes
                0x000001b9       0x31 ./system/src/diag/Trace.o
 .ARM.attributes
                0x000001ea       0x31 ./system/src/diag/trace_impl.o
 .ARM.attributes
                0x0000021b       0x31 ./system/src/cortexm/_initialize_hardware.o
 .ARM.attributes
                0x0000024c       0x31 ./system/src/cortexm/exception_handlers.o
 .ARM.attributes
                0x0000027d       0x31 ./system/src/cmsis/system_stm32f0xx.o
 .ARM.attributes
                0x000002ae       0x31 ./system/src/cmsis/vectors_stm32f0xx.o
 .ARM.attributes
                0x000002df       0x31 ./src/BlinkLed.o
 .ARM.attributes
                0x00000310       0x31 ./src/Joystick.o
 .ARM.attributes
                0x00000341       0x31 ./src/LedPwm.o
 .ARM.attributes
                0x00000372       0x31 ./src/Timer.o
 .ARM.attributes
                0x000003a3       0x31 ./src/main.o
 .ARM.attributes
                0x000003d4       0x1e c:/toolsarm/gcc_arm/bin/../lib/gcc/arm-none-eabi/4.9.3/armv6-m\libgcc.a(_udivsi3.o)
 .ARM.attributes
                0x000003f2       0x1e c:/toolsarm/gcc_arm/bin/../lib/gcc/arm-none-eabi/4.9.3/armv6-m\libgcc.a(_dvmd_tls.o)
 .ARM.attributes
                0x00000410       0x2c c:/toolsarm/gcc_arm/bin/../lib/gcc/arm-none-eabi/4.9.3/../../../../arm-none-eabi/lib/armv6-m\libg_nano.a(lib_a-errno.o)
 .ARM.attributes
                0x0000043c       0x2c c:/toolsarm/gcc_arm/bin/../lib/gcc/arm-none-eabi/4.9.3/../../../../arm-none-eabi/lib/armv6-m\libg_nano.a(lib_a-impure.o)
 .ARM.attributes
                0x00000468       0x2c c:/toolsarm/gcc_arm/bin/../lib/gcc/arm-none-eabi/4.9.3/../../../../arm-none-eabi/lib/armv6-m\libg_nano.a(lib_a-strlen.o)
 .ARM.attributes
                0x00000494       0x2c c:/toolsarm/gcc_arm/bin/../lib/gcc/arm-none-eabi/4.9.3/../../../../arm-none-eabi/lib/armv6-m\libg_nano.a(lib_a-vsnprintf.o)
 .ARM.attributes
                0x000004c0       0x2c c:/toolsarm/gcc_arm/bin/../lib/gcc/arm-none-eabi/4.9.3/../../../../arm-none-eabi/lib/armv6-m\libg_nano.a(lib_a-nano-svfprintf.o)
 .ARM.attributes
                0x000004ec       0x2c c:/toolsarm/gcc_arm/bin/../lib/gcc/arm-none-eabi/4.9.3/../../../../arm-none-eabi/lib/armv6-m\libg_nano.a(lib_a-nano-vfprintf_i.o)
 .ARM.attributes
                0x00000518       0x2c c:/toolsarm/gcc_arm/bin/../lib/gcc/arm-none-eabi/4.9.3/../../../../arm-none-eabi/lib/armv6-m\libg_nano.a(lib_a-memchr.o)
 .ARM.attributes
                0x00000544       0x2c c:/toolsarm/gcc_arm/bin/../lib/gcc/arm-none-eabi/4.9.3/../../../../arm-none-eabi/lib/armv6-m\libg_nano.a(lib_a-memcpy.o)
 .ARM.attributes
                0x00000570       0x2c c:/toolsarm/gcc_arm/bin/../lib/gcc/arm-none-eabi/4.9.3/../../../../arm-none-eabi/lib/armv6-m\libg_nano.a(lib_a-memmove.o)
 .ARM.attributes
                0x0000059c       0x2c c:/toolsarm/gcc_arm/bin/../lib/gcc/arm-none-eabi/4.9.3/../../../../arm-none-eabi/lib/armv6-m\libg_nano.a(lib_a-nano-freer.o)
 .ARM.attributes
                0x000005c8       0x2c c:/toolsarm/gcc_arm/bin/../lib/gcc/arm-none-eabi/4.9.3/../../../../arm-none-eabi/lib/armv6-m\libg_nano.a(lib_a-nano-mallocr.o)
 .ARM.attributes
                0x000005f4       0x2c c:/toolsarm/gcc_arm/bin/../lib/gcc/arm-none-eabi/4.9.3/../../../../arm-none-eabi/lib/armv6-m\libg_nano.a(lib_a-nano-reallocr.o)
 .ARM.attributes
                0x00000620       0x2c c:/toolsarm/gcc_arm/bin/../lib/gcc/arm-none-eabi/4.9.3/../../../../arm-none-eabi/lib/armv6-m\libg_nano.a(lib_a-sbrkr.o)
 .ARM.attributes
                0x0000064c       0x2c c:/toolsarm/gcc_arm/bin/../lib/gcc/arm-none-eabi/4.9.3/../../../../arm-none-eabi/lib/armv6-m\libg_nano.a(lib_a-nano-msizer.o)

.debug
 *(.debug)

.line
 *(.line)

.debug_srcinfo
 *(.debug_srcinfo)

.debug_sfnames
 *(.debug_sfnames)

.debug_aranges  0x00000000      0x8d0
 *(.debug_aranges)
 .debug_aranges
                0x00000000      0x108 ./system/src/stm32f0-stdperiph/stm32f0xx_adc.o
 .debug_aranges
                0x00000108       0x80 ./system/src/stm32f0-stdperiph/stm32f0xx_gpio.o
 .debug_aranges
                0x00000188      0x160 ./system/src/stm32f0-stdperiph/stm32f0xx_rcc.o
 .debug_aranges
                0x000002e8      0x300 ./system/src/stm32f0-stdperiph/stm32f0xx_tim.o
 .debug_aranges
                0x000005e8       0x28 ./system/src/newlib/_exit.o
 .debug_aranges
                0x00000610       0x20 ./system/src/newlib/_sbrk.o
 .debug_aranges
                0x00000630       0x40 ./system/src/newlib/_startup.o
 .debug_aranges
                0x00000670       0x30 ./system/src/newlib/_syscalls.o
 .debug_aranges
                0x000006a0       0x28 ./system/src/newlib/assert.o
 .debug_aranges
                0x000006c8       0x38 ./system/src/diag/Trace.o
 .debug_aranges
                0x00000700       0x30 ./system/src/diag/trace_impl.o
 .debug_aranges
                0x00000730       0x28 ./system/src/cortexm/_initialize_hardware.o
 .debug_aranges
                0x00000758       0x58 ./system/src/cortexm/exception_handlers.o
 .debug_aranges
                0x000007b0       0x30 ./system/src/cmsis/system_stm32f0xx.o
 .debug_aranges
                0x000007e0       0x20 ./system/src/cmsis/vectors_stm32f0xx.o
 .debug_aranges
                0x00000800       0x20 ./src/BlinkLed.o
 .debug_aranges
                0x00000820       0x28 ./src/Joystick.o
 .debug_aranges
                0x00000848       0x30 ./src/LedPwm.o
 .debug_aranges
                0x00000878       0x38 ./src/Timer.o
 .debug_aranges
                0x000008b0       0x20 ./src/main.o

.debug_pubnames
 *(.debug_pubnames)

.debug_info     0x00000000     0x92d8
 *(.debug_info .gnu.linkonce.wi.*)
 .debug_info    0x00000000      0xfb8 ./system/src/stm32f0-stdperiph/stm32f0xx_adc.o
 .debug_info    0x00000fb8      0xa11 ./system/src/stm32f0-stdperiph/stm32f0xx_gpio.o
 .debug_info    0x000019c9      0xf62 ./system/src/stm32f0-stdperiph/stm32f0xx_rcc.o
 .debug_info    0x0000292b     0x37e6 ./system/src/stm32f0-stdperiph/stm32f0xx_tim.o
 .debug_info    0x00006111      0x100 ./system/src/newlib/_exit.o
 .debug_info    0x00006211      0x125 ./system/src/newlib/_sbrk.o
 .debug_info    0x00006336      0x474 ./system/src/newlib/_startup.o
 .debug_info    0x000067aa      0x1bc ./system/src/newlib/_syscalls.o
 .debug_info    0x00006966      0x1b0 ./system/src/newlib/assert.o
 .debug_info    0x00006b16      0x32b ./system/src/diag/Trace.o
 .debug_info    0x00006e41      0x2e4 ./system/src/diag/trace_impl.o
 .debug_info    0x00007125       0xc3 ./system/src/cortexm/_initialize_hardware.o
 .debug_info    0x000071e8      0x340 ./system/src/cortexm/exception_handlers.o
 .debug_info    0x00007528      0x2e8 ./system/src/cmsis/system_stm32f0xx.o
 .debug_info    0x00007810       0xd1 ./system/src/cmsis/vectors_stm32f0xx.o
 .debug_info    0x000078e1      0x359 ./src/BlinkLed.o
 .debug_info    0x00007c3a      0x66d ./src/Joystick.o
 .debug_info    0x000082a7      0x7be ./src/LedPwm.o
 .debug_info    0x00008a65      0x484 ./src/Timer.o
 .debug_info    0x00008ee9      0x3ef ./src/main.o

.debug_abbrev   0x00000000     0x1b26
 *(.debug_abbrev)
 .debug_abbrev  0x00000000      0x1b9 ./system/src/stm32f0-stdperiph/stm32f0xx_adc.o
 .debug_abbrev  0x000001b9      0x1db ./system/src/stm32f0-stdperiph/stm32f0xx_gpio.o
 .debug_abbrev  0x00000394      0x23e ./system/src/stm32f0-stdperiph/stm32f0xx_rcc.o
 .debug_abbrev  0x000005d2      0x1d2 ./system/src/stm32f0-stdperiph/stm32f0xx_tim.o
 .debug_abbrev  0x000007a4       0xa4 ./system/src/newlib/_exit.o
 .debug_abbrev  0x00000848       0xbb ./system/src/newlib/_sbrk.o
 .debug_abbrev  0x00000903      0x1e9 ./system/src/newlib/_startup.o
 .debug_abbrev  0x00000aec       0xee ./system/src/newlib/_syscalls.o
 .debug_abbrev  0x00000bda       0xc9 ./system/src/newlib/assert.o
 .debug_abbrev  0x00000ca3      0x178 ./system/src/diag/Trace.o
 .debug_abbrev  0x00000e1b      0x1a3 ./system/src/diag/trace_impl.o
 .debug_abbrev  0x00000fbe       0x63 ./system/src/cortexm/_initialize_hardware.o
 .debug_abbrev  0x00001021      0x165 ./system/src/cortexm/exception_handlers.o
 .debug_abbrev  0x00001186      0x146 ./system/src/cmsis/system_stm32f0xx.o
 .debug_abbrev  0x000012cc       0x9d ./system/src/cmsis/vectors_stm32f0xx.o
 .debug_abbrev  0x00001369      0x15c ./src/BlinkLed.o
 .debug_abbrev  0x000014c5      0x187 ./src/Joystick.o
 .debug_abbrev  0x0000164c      0x183 ./src/LedPwm.o
 .debug_abbrev  0x000017cf      0x1b5 ./src/Timer.o
 .debug_abbrev  0x00001984      0x1a2 ./src/main.o

.debug_line     0x00000000     0x6a51
 *(.debug_line)
 .debug_line    0x00000000      0x86b ./system/src/stm32f0-stdperiph/stm32f0xx_adc.o
 .debug_line    0x0000086b      0x71a ./system/src/stm32f0-stdperiph/stm32f0xx_gpio.o
 .debug_line    0x00000f85      0xa06 ./system/src/stm32f0-stdperiph/stm32f0xx_rcc.o
 .debug_line    0x0000198b     0x1c98 ./system/src/stm32f0-stdperiph/stm32f0xx_tim.o
 .debug_line    0x00003623      0x23a ./system/src/newlib/_exit.o
 .debug_line    0x0000385d      0x1dc ./system/src/newlib/_sbrk.o
 .debug_line    0x00003a39      0x29b ./system/src/newlib/_startup.o
 .debug_line    0x00003cd4      0x2f2 ./system/src/newlib/_syscalls.o
 .debug_line    0x00003fc6      0x271 ./system/src/newlib/assert.o
 .debug_line    0x00004237      0x296 ./system/src/diag/Trace.o
 .debug_line    0x000044cd      0x528 ./system/src/diag/trace_impl.o
 .debug_line    0x000049f5      0x35d ./system/src/cortexm/_initialize_hardware.o
 .debug_line    0x00004d52      0x57d ./system/src/cortexm/exception_handlers.o
 .debug_line    0x000052cf      0x39b ./system/src/cmsis/system_stm32f0xx.o
 .debug_line    0x0000566a       0xe3 ./system/src/cmsis/vectors_stm32f0xx.o
 .debug_line    0x0000574d      0x339 ./src/BlinkLed.o
 .debug_line    0x00005a86      0x359 ./src/Joystick.o
 .debug_line    0x00005ddf      0x35e ./src/LedPwm.o
 .debug_line    0x0000613d      0x3b5 ./src/Timer.o
 .debug_line    0x000064f2      0x55f ./src/main.o

.debug_frame    0x00000000     0x1a6c
 *(.debug_frame)
 .debug_frame   0x00000000      0x32c ./system/src/stm32f0-stdperiph/stm32f0xx_adc.o
 .debug_frame   0x0000032c      0x168 ./system/src/stm32f0-stdperiph/stm32f0xx_gpio.o
 .debug_frame   0x00000494      0x3f8 ./system/src/stm32f0-stdperiph/stm32f0xx_rcc.o
 .debug_frame   0x0000088c      0xa2c ./system/src/stm32f0-stdperiph/stm32f0xx_tim.o
 .debug_frame   0x000012b8       0x38 ./system/src/newlib/_exit.o
 .debug_frame   0x000012f0       0x28 ./system/src/newlib/_sbrk.o
 .debug_frame   0x00001318       0x80 ./system/src/newlib/_startup.o
 .debug_frame   0x00001398       0x50 ./system/src/newlib/_syscalls.o
 .debug_frame   0x000013e8       0x44 ./system/src/newlib/assert.o
 .debug_frame   0x0000142c       0x78 ./system/src/diag/Trace.o
 .debug_frame   0x000014a4       0x60 ./system/src/diag/trace_impl.o
 .debug_frame   0x00001504       0x40 ./system/src/cortexm/_initialize_hardware.o
 .debug_frame   0x00001544       0xb0 ./system/src/cortexm/exception_handlers.o
 .debug_frame   0x000015f4       0x54 ./system/src/cmsis/system_stm32f0xx.o
 .debug_frame   0x00001648       0x20 ./system/src/cmsis/vectors_stm32f0xx.o
 .debug_frame   0x00001668       0x2c ./src/BlinkLed.o
 .debug_frame   0x00001694       0x44 ./src/Joystick.o
 .debug_frame   0x000016d8       0x54 ./src/LedPwm.o
 .debug_frame   0x0000172c       0x60 ./src/Timer.o
 .debug_frame   0x0000178c       0x28 ./src/main.o
 .debug_frame   0x000017b4       0x20 c:/toolsarm/gcc_arm/bin/../lib/gcc/arm-none-eabi/4.9.3/armv6-m\libgcc.a(_udivsi3.o)
 .debug_frame   0x000017d4       0x20 c:/toolsarm/gcc_arm/bin/../lib/gcc/arm-none-eabi/4.9.3/../../../../arm-none-eabi/lib/armv6-m\libg_nano.a(lib_a-errno.o)
 .debug_frame   0x000017f4       0x20 c:/toolsarm/gcc_arm/bin/../lib/gcc/arm-none-eabi/4.9.3/../../../../arm-none-eabi/lib/armv6-m\libg_nano.a(lib_a-strlen.o)
 .debug_frame   0x00001814       0x4c c:/toolsarm/gcc_arm/bin/../lib/gcc/arm-none-eabi/4.9.3/../../../../arm-none-eabi/lib/armv6-m\libg_nano.a(lib_a-vsnprintf.o)
 .debug_frame   0x00001860       0x74 c:/toolsarm/gcc_arm/bin/../lib/gcc/arm-none-eabi/4.9.3/../../../../arm-none-eabi/lib/armv6-m\libg_nano.a(lib_a-nano-svfprintf.o)
 .debug_frame   0x000018d4       0x54 c:/toolsarm/gcc_arm/bin/../lib/gcc/arm-none-eabi/4.9.3/../../../../arm-none-eabi/lib/armv6-m\libg_nano.a(lib_a-nano-vfprintf_i.o)
 .debug_frame   0x00001928       0x20 c:/toolsarm/gcc_arm/bin/../lib/gcc/arm-none-eabi/4.9.3/../../../../arm-none-eabi/lib/armv6-m\libg_nano.a(lib_a-memchr.o)
 .debug_frame   0x00001948       0x28 c:/toolsarm/gcc_arm/bin/../lib/gcc/arm-none-eabi/4.9.3/../../../../arm-none-eabi/lib/armv6-m\libg_nano.a(lib_a-memcpy.o)
 .debug_frame   0x00001970       0x28 c:/toolsarm/gcc_arm/bin/../lib/gcc/arm-none-eabi/4.9.3/../../../../arm-none-eabi/lib/armv6-m\libg_nano.a(lib_a-memmove.o)
 .debug_frame   0x00001998       0x2c c:/toolsarm/gcc_arm/bin/../lib/gcc/arm-none-eabi/4.9.3/../../../../arm-none-eabi/lib/armv6-m\libg_nano.a(lib_a-nano-freer.o)
 .debug_frame   0x000019c4       0x2c c:/toolsarm/gcc_arm/bin/../lib/gcc/arm-none-eabi/4.9.3/../../../../arm-none-eabi/lib/armv6-m\libg_nano.a(lib_a-nano-mallocr.o)
 .debug_frame   0x000019f0       0x30 c:/toolsarm/gcc_arm/bin/../lib/gcc/arm-none-eabi/4.9.3/../../../../arm-none-eabi/lib/armv6-m\libg_nano.a(lib_a-nano-reallocr.o)
 .debug_frame   0x00001a20       0x2c c:/toolsarm/gcc_arm/bin/../lib/gcc/arm-none-eabi/4.9.3/../../../../arm-none-eabi/lib/armv6-m\libg_nano.a(lib_a-sbrkr.o)
 .debug_frame   0x00001a4c       0x20 c:/toolsarm/gcc_arm/bin/../lib/gcc/arm-none-eabi/4.9.3/../../../../arm-none-eabi/lib/armv6-m\libg_nano.a(lib_a-nano-msizer.o)

.debug_str      0x00000000    0x51db7
 *(.debug_str)
 .debug_str     0x00000000    0x4a2d0 ./system/src/stm32f0-stdperiph/stm32f0xx_adc.o
                              0x4a466 (size before relaxing)
 .debug_str     0x0004a2d0      0x2d4 ./system/src/stm32f0-stdperiph/stm32f0xx_gpio.o
                              0x4a2d7 (size before relaxing)
 .debug_str     0x0004a5a4      0x642 ./system/src/stm32f0-stdperiph/stm32f0xx_rcc.o
                              0x4a682 (size before relaxing)
 .debug_str     0x0004abe6      0xc2b ./system/src/stm32f0-stdperiph/stm32f0xx_tim.o
                              0x4acb2 (size before relaxing)
 .debug_str     0x0004b811     0x37e6 ./system/src/newlib/_exit.o
                               0x5d21 (size before relaxing)
 .debug_str     0x0004eff7      0x4de ./system/src/newlib/_sbrk.o
                               0x4493 (size before relaxing)
 .debug_str     0x0004f4d5      0x271 ./system/src/newlib/_startup.o
                               0x406b (size before relaxing)
 .debug_str     0x0004f746     0x1181 ./system/src/newlib/_syscalls.o
                               0x649a (size before relaxing)
 .debug_str     0x000508c7       0xdf ./system/src/newlib/assert.o
                               0x682a (size before relaxing)
 .debug_str     0x000509a6      0x9bc ./system/src/diag/Trace.o
                               0x6642 (size before relaxing)
 .debug_str     0x00051362      0x378 ./system/src/diag/trace_impl.o
                              0x4ce91 (size before relaxing)
 .debug_str     0x000516da       0x4e ./system/src/cortexm/_initialize_hardware.o
                              0x49ff4 (size before relaxing)
 .debug_str     0x00051728      0x109 ./system/src/cortexm/exception_handlers.o
                              0x4d8bf (size before relaxing)
 .debug_str     0x00051831       0x67 ./system/src/cmsis/system_stm32f0xx.o
                              0x4a0a2 (size before relaxing)
 .debug_str     0x00051898       0x56 ./system/src/cmsis/vectors_stm32f0xx.o
                               0x2f24 (size before relaxing)
 .debug_str     0x000518ee      0x12e ./src/BlinkLed.o
                              0x4a284 (size before relaxing)
 .debug_str     0x00051a1c       0x54 ./src/Joystick.o
                              0x4a30a (size before relaxing)
 .debug_str     0x00051a70       0x62 ./src/LedPwm.o
                              0x4a404 (size before relaxing)
 .debug_str     0x00051ad2      0x260 ./src/Timer.o
                              0x4a318 (size before relaxing)
 .debug_str     0x00051d32       0x85 ./src/main.o
                              0x4e30f (size before relaxing)

.debug_loc      0x00000000     0x50ea
 *(.debug_loc)
 .debug_loc     0x00000000      0xa9d ./system/src/stm32f0-stdperiph/stm32f0xx_adc.o
 .debug_loc     0x00000a9d      0x51a ./system/src/stm32f0-stdperiph/stm32f0xx_gpio.o
 .debug_loc     0x00000fb7      0xcac ./system/src/stm32f0-stdperiph/stm32f0xx_rcc.o
 .debug_loc     0x00001c63     0x2b7e ./system/src/stm32f0-stdperiph/stm32f0xx_tim.o
 .debug_loc     0x000047e1       0x7b ./system/src/newlib/_sbrk.o
 .debug_loc     0x0000485c      0x265 ./system/src/newlib/_startup.o
 .debug_loc     0x00004ac1       0x63 ./system/src/newlib/_syscalls.o
 .debug_loc     0x00004b24       0xf7 ./system/src/newlib/assert.o
 .debug_loc     0x00004c1b       0xf7 ./system/src/diag/Trace.o
 .debug_loc     0x00004d12      0x187 ./system/src/diag/trace_impl.o
 .debug_loc     0x00004e99       0x94 ./system/src/cortexm/exception_handlers.o
 .debug_loc     0x00004f2d       0xe2 ./system/src/cmsis/system_stm32f0xx.o
 .debug_loc     0x0000500f       0x21 ./src/LedPwm.o
 .debug_loc     0x00005030       0x59 ./src/Timer.o
 .debug_loc     0x00005089       0x61 ./src/main.o

.debug_macinfo
 *(.debug_macinfo)

.debug_weaknames
 *(.debug_weaknames)

.debug_funcnames
 *(.debug_funcnames)

.debug_typenames
 *(.debug_typenames)

.debug_varnames
 *(.debug_varnames)
OUTPUT(StepperServoDrive.elf elf32-littlearm)

.debug_ranges   0x00000000      0x7c0
 .debug_ranges  0x00000000       0xf8 ./system/src/stm32f0-stdperiph/stm32f0xx_adc.o
 .debug_ranges  0x000000f8       0x70 ./system/src/stm32f0-stdperiph/stm32f0xx_gpio.o
 .debug_ranges  0x00000168      0x150 ./system/src/stm32f0-stdperiph/stm32f0xx_rcc.o
 .debug_ranges  0x000002b8      0x2f0 ./system/src/stm32f0-stdperiph/stm32f0xx_tim.o
 .debug_ranges  0x000005a8       0x18 ./system/src/newlib/_exit.o
 .debug_ranges  0x000005c0       0x10 ./system/src/newlib/_sbrk.o
 .debug_ranges  0x000005d0       0x48 ./system/src/newlib/_startup.o
 .debug_ranges  0x00000618       0x20 ./system/src/newlib/_syscalls.o
 .debug_ranges  0x00000638       0x18 ./system/src/newlib/assert.o
 .debug_ranges  0x00000650       0x28 ./system/src/diag/Trace.o
 .debug_ranges  0x00000678       0x38 ./system/src/diag/trace_impl.o
 .debug_ranges  0x000006b0       0x18 ./system/src/cortexm/_initialize_hardware.o
 .debug_ranges  0x000006c8       0x48 ./system/src/cortexm/exception_handlers.o
 .debug_ranges  0x00000710       0x20 ./system/src/cmsis/system_stm32f0xx.o
 .debug_ranges  0x00000730       0x10 ./system/src/cmsis/vectors_stm32f0xx.o
 .debug_ranges  0x00000740       0x10 ./src/BlinkLed.o
 .debug_ranges  0x00000750       0x18 ./src/Joystick.o
 .debug_ranges  0x00000768       0x20 ./src/LedPwm.o
 .debug_ranges  0x00000788       0x28 ./src/Timer.o
 .debug_ranges  0x000007b0       0x10 ./src/main.o

.debug_macro    0x00000000     0xf166
 .debug_macro   0x00000000      0x171 ./system/src/stm32f0-stdperiph/stm32f0xx_adc.o
 .debug_macro   0x00000171      0x84a ./system/src/stm32f0-stdperiph/stm32f0xx_adc.o
 .debug_macro   0x000009bb       0x7a ./system/src/stm32f0-stdperiph/stm32f0xx_adc.o
 .debug_macro   0x00000a35      0x34e ./system/src/stm32f0-stdperiph/stm32f0xx_adc.o
 .debug_macro   0x00000d83       0x35 ./system/src/stm32f0-stdperiph/stm32f0xx_adc.o
 .debug_macro   0x00000db8       0x26 ./system/src/stm32f0-stdperiph/stm32f0xx_adc.o
 .debug_macro   0x00000dde      0x30d ./system/src/stm32f0-stdperiph/stm32f0xx_adc.o
 .debug_macro   0x000010eb     0x632a ./system/src/stm32f0-stdperiph/stm32f0xx_adc.o
 .debug_macro   0x00007415      0x3c9 ./system/src/stm32f0-stdperiph/stm32f0xx_adc.o
 .debug_macro   0x000077de      0x191 ./system/src/stm32f0-stdperiph/stm32f0xx_adc.o
 .debug_macro   0x0000796f       0x46 ./system/src/stm32f0-stdperiph/stm32f0xx_adc.o
 .debug_macro   0x000079b5       0xd9 ./system/src/stm32f0-stdperiph/stm32f0xx_adc.o
 .debug_macro   0x00007a8e       0xef ./system/src/stm32f0-stdperiph/stm32f0xx_adc.o
 .debug_macro   0x00007b7d      0x184 ./system/src/stm32f0-stdperiph/stm32f0xx_adc.o
 .debug_macro   0x00007d01       0x7c ./system/src/stm32f0-stdperiph/stm32f0xx_adc.o
 .debug_macro   0x00007d7d      0x85b ./system/src/stm32f0-stdperiph/stm32f0xx_adc.o
 .debug_macro   0x000085d8       0xd5 ./system/src/stm32f0-stdperiph/stm32f0xx_adc.o
 .debug_macro   0x000086ad      0x2b7 ./system/src/stm32f0-stdperiph/stm32f0xx_adc.o
 .debug_macro   0x00008964      0x185 ./system/src/stm32f0-stdperiph/stm32f0xx_adc.o
 .debug_macro   0x00008ae9      0x471 ./system/src/stm32f0-stdperiph/stm32f0xx_adc.o
 .debug_macro   0x00008f5a      0x2a0 ./system/src/stm32f0-stdperiph/stm32f0xx_adc.o
 .debug_macro   0x000091fa       0x70 ./system/src/stm32f0-stdperiph/stm32f0xx_adc.o
 .debug_macro   0x0000926a       0xdf ./system/src/stm32f0-stdperiph/stm32f0xx_adc.o
 .debug_macro   0x00009349      0x561 ./system/src/stm32f0-stdperiph/stm32f0xx_adc.o
 .debug_macro   0x000098aa      0x4c5 ./system/src/stm32f0-stdperiph/stm32f0xx_adc.o
 .debug_macro   0x00009d6f      0x396 ./system/src/stm32f0-stdperiph/stm32f0xx_adc.o
 .debug_macro   0x0000a105      0x750 ./system/src/stm32f0-stdperiph/stm32f0xx_adc.o
 .debug_macro   0x0000a855      0x356 ./system/src/stm32f0-stdperiph/stm32f0xx_adc.o
 .debug_macro   0x0000abab       0x34 ./system/src/stm32f0-stdperiph/stm32f0xx_adc.o
 .debug_macro   0x0000abdf       0x3a ./system/src/stm32f0-stdperiph/stm32f0xx_adc.o
 .debug_macro   0x0000ac19      0x2eb ./system/src/stm32f0-stdperiph/stm32f0xx_adc.o
 .debug_macro   0x0000af04      0x165 ./system/src/stm32f0-stdperiph/stm32f0xx_gpio.o
 .debug_macro   0x0000b069      0x3cf ./system/src/stm32f0-stdperiph/stm32f0xx_gpio.o
 .debug_macro   0x0000b438      0x17f ./system/src/stm32f0-stdperiph/stm32f0xx_gpio.o
 .debug_macro   0x0000b5b7      0x183 ./system/src/stm32f0-stdperiph/stm32f0xx_rcc.o
 .debug_macro   0x0000b73a      0x55b ./system/src/stm32f0-stdperiph/stm32f0xx_rcc.o
 .debug_macro   0x0000bc95      0x181 ./system/src/stm32f0-stdperiph/stm32f0xx_tim.o
 .debug_macro   0x0000be16      0x74a ./system/src/stm32f0-stdperiph/stm32f0xx_tim.o
 .debug_macro   0x0000c560      0x131 ./system/src/newlib/_exit.o
 .debug_macro   0x0000c691       0x9c ./system/src/newlib/_exit.o
 .debug_macro   0x0000c72d      0x10e ./system/src/newlib/_exit.o
 .debug_macro   0x0000c83b       0x86 ./system/src/newlib/_exit.o
 .debug_macro   0x0000c8c1       0x43 ./system/src/newlib/_exit.o
 .debug_macro   0x0000c904      0x27a ./system/src/newlib/_exit.o
 .debug_macro   0x0000cb7e       0x35 ./system/src/newlib/_exit.o
 .debug_macro   0x0000cbb3       0xda ./system/src/newlib/_sbrk.o
 .debug_macro   0x0000cc8d       0x19 ./system/src/newlib/_sbrk.o
 .debug_macro   0x0000cca6      0x16d ./system/src/newlib/_sbrk.o
 .debug_macro   0x0000ce13       0x10 ./system/src/newlib/_sbrk.o
 .debug_macro   0x0000ce23      0x23b ./system/src/newlib/_sbrk.o
 .debug_macro   0x0000d05e       0xe4 ./system/src/newlib/_startup.o
 .debug_macro   0x0000d142      0x1ad ./system/src/newlib/_syscalls.o
 .debug_macro   0x0000d2ef       0x1c ./system/src/newlib/_syscalls.o
 .debug_macro   0x0000d30b       0x10 ./system/src/newlib/_syscalls.o
 .debug_macro   0x0000d31b       0x10 ./system/src/newlib/_syscalls.o
 .debug_macro   0x0000d32b       0x10 ./system/src/newlib/_syscalls.o
 .debug_macro   0x0000d33b       0x10 ./system/src/newlib/_syscalls.o
 .debug_macro   0x0000d34b       0x35 ./system/src/newlib/_syscalls.o
 .debug_macro   0x0000d380      0x122 ./system/src/newlib/_syscalls.o
 .debug_macro   0x0000d4a2       0x2e ./system/src/newlib/_syscalls.o
 .debug_macro   0x0000d4d0       0x82 ./system/src/newlib/_syscalls.o
 .debug_macro   0x0000d552       0x2b ./system/src/newlib/_syscalls.o
 .debug_macro   0x0000d57d      0x118 ./system/src/newlib/_syscalls.o
 .debug_macro   0x0000d695      0x13e ./system/src/newlib/_syscalls.o
 .debug_macro   0x0000d7d3       0x16 ./system/src/newlib/_syscalls.o
 .debug_macro   0x0000d7e9      0x14d ./system/src/newlib/assert.o
 .debug_macro   0x0000d936       0x1c ./system/src/newlib/assert.o
 .debug_macro   0x0000d952      0x15e ./system/src/diag/Trace.o
 .debug_macro   0x0000dab0       0x16 ./system/src/diag/Trace.o
 .debug_macro   0x0000dac6       0x97 ./system/src/diag/Trace.o
 .debug_macro   0x0000db5d       0xf6 ./system/src/diag/Trace.o
 .debug_macro   0x0000dc53       0x10 ./system/src/diag/Trace.o
 .debug_macro   0x0000dc63       0x16 ./system/src/diag/Trace.o
 .debug_macro   0x0000dc79      0x197 ./system/src/diag/Trace.o
 .debug_macro   0x0000de10       0x52 ./system/src/diag/Trace.o
 .debug_macro   0x0000de62       0x16 ./system/src/diag/Trace.o
 .debug_macro   0x0000de78      0x258 ./system/src/diag/trace_impl.o
 .debug_macro   0x0000e0d0       0x10 ./system/src/diag/trace_impl.o
 .debug_macro   0x0000e0e0       0xc8 ./system/src/diag/trace_impl.o
 .debug_macro   0x0000e1a8       0xbe ./system/src/diag/trace_impl.o
 .debug_macro   0x0000e266       0x22 ./system/src/diag/trace_impl.o
 .debug_macro   0x0000e288      0x165 ./system/src/cortexm/_initialize_hardware.o
 .debug_macro   0x0000e3ed      0x28e ./system/src/cortexm/exception_handlers.o
 .debug_macro   0x0000e67b       0x3b ./system/src/cortexm/exception_handlers.o
 .debug_macro   0x0000e6b6       0x10 ./system/src/cortexm/exception_handlers.o
 .debug_macro   0x0000e6c6      0x15b ./system/src/cmsis/system_stm32f0xx.o
 .debug_macro   0x0000e821       0x34 ./system/src/cmsis/vectors_stm32f0xx.o
 .debug_macro   0x0000e855      0x16a ./src/BlinkLed.o
 .debug_macro   0x0000e9bf       0x28 ./src/BlinkLed.o
 .debug_macro   0x0000e9e7      0x165 ./src/Joystick.o
 .debug_macro   0x0000eb4c      0x165 ./src/LedPwm.o
 .debug_macro   0x0000ecb1      0x17e ./src/Timer.o
 .debug_macro   0x0000ee2f       0x10 ./src/Timer.o
 .debug_macro   0x0000ee3f      0x2f9 ./src/main.o
 .debug_macro   0x0000f138       0x2e ./src/main.o
