Archive member included because of file (symbol)

c:/toolsarm/gcc_arm/bin/../lib/gcc/arm-none-eabi/4.9.3/armv6-m\libgcc.a(_udivsi3.o)
                              ./system/src/stm32f0-stdperiph/stm32f0xx_rcc.o (__aeabi_uidiv)
c:/toolsarm/gcc_arm/bin/../lib/gcc/arm-none-eabi/4.9.3/armv6-m\libgcc.a(_dvmd_tls.o)
                              c:/toolsarm/gcc_arm/bin/../lib/gcc/arm-none-eabi/4.9.3/armv6-m\libgcc.a(_udivsi3.o) (__aeabi_idiv0)
c:/toolsarm/gcc_arm/bin/../lib/gcc/arm-none-eabi/4.9.3/../../../../arm-none-eabi/lib/armv6-m\libg_nano.a(lib_a-errno.o)
                              ./system/src/newlib/_sbrk.o (__errno)
c:/toolsarm/gcc_arm/bin/../lib/gcc/arm-none-eabi/4.9.3/../../../../arm-none-eabi/lib/armv6-m\libg_nano.a(lib_a-impure.o)
                              c:/toolsarm/gcc_arm/bin/../lib/gcc/arm-none-eabi/4.9.3/../../../../arm-none-eabi/lib/armv6-m\libg_nano.a(lib_a-errno.o) (_impure_ptr)
c:/toolsarm/gcc_arm/bin/../lib/gcc/arm-none-eabi/4.9.3/../../../../arm-none-eabi/lib/armv6-m\libg_nano.a(lib_a-strlen.o)
                              ./system/src/diag/Trace.o (strlen)
c:/toolsarm/gcc_arm/bin/../lib/gcc/arm-none-eabi/4.9.3/../../../../arm-none-eabi/lib/armv6-m\libg_nano.a(lib_a-vsnprintf.o)
                              ./system/src/diag/Trace.o (vsnprintf)
c:/toolsarm/gcc_arm/bin/../lib/gcc/arm-none-eabi/4.9.3/../../../../arm-none-eabi/lib/armv6-m\libg_nano.a(lib_a-nano-svfprintf.o)
                              c:/toolsarm/gcc_arm/bin/../lib/gcc/arm-none-eabi/4.9.3/../../../../arm-none-eabi/lib/armv6-m\libg_nano.a(lib_a-vsnprintf.o) (_svfprintf_r)
c:/toolsarm/gcc_arm/bin/../lib/gcc/arm-none-eabi/4.9.3/../../../../arm-none-eabi/lib/armv6-m\libg_nano.a(lib_a-nano-vfprintf_i.o)
                              c:/toolsarm/gcc_arm/bin/../lib/gcc/arm-none-eabi/4.9.3/../../../../arm-none-eabi/lib/armv6-m\libg_nano.a(lib_a-nano-svfprintf.o) (_printf_i)
c:/toolsarm/gcc_arm/bin/../lib/gcc/arm-none-eabi/4.9.3/../../../../arm-none-eabi/lib/armv6-m\libg_nano.a(lib_a-memchr.o)
                              c:/toolsarm/gcc_arm/bin/../lib/gcc/arm-none-eabi/4.9.3/../../../../arm-none-eabi/lib/armv6-m\libg_nano.a(lib_a-nano-svfprintf.o) (memchr)
c:/toolsarm/gcc_arm/bin/../lib/gcc/arm-none-eabi/4.9.3/../../../../arm-none-eabi/lib/armv6-m\libg_nano.a(lib_a-memcpy.o)
                              c:/toolsarm/gcc_arm/bin/../lib/gcc/arm-none-eabi/4.9.3/../../../../arm-none-eabi/lib/armv6-m\libg_nano.a(lib_a-nano-svfprintf.o) (memcpy)
c:/toolsarm/gcc_arm/bin/../lib/gcc/arm-none-eabi/4.9.3/../../../../arm-none-eabi/lib/armv6-m\libg_nano.a(lib_a-memmove.o)
                              c:/toolsarm/gcc_arm/bin/../lib/gcc/arm-none-eabi/4.9.3/../../../../arm-none-eabi/lib/armv6-m\libg_nano.a(lib_a-nano-svfprintf.o) (memmove)
c:/toolsarm/gcc_arm/bin/../lib/gcc/arm-none-eabi/4.9.3/../../../../arm-none-eabi/lib/armv6-m\libg_nano.a(lib_a-nano-freer.o)
                              c:/toolsarm/gcc_arm/bin/../lib/gcc/arm-none-eabi/4.9.3/../../../../arm-none-eabi/lib/armv6-m\libg_nano.a(lib_a-nano-svfprintf.o) (_free_r)
c:/toolsarm/gcc_arm/bin/../lib/gcc/arm-none-eabi/4.9.3/../../../../arm-none-eabi/lib/armv6-m\libg_nano.a(lib_a-nano-mallocr.o)
                              c:/toolsarm/gcc_arm/bin/../lib/gcc/arm-none-eabi/4.9.3/../../../../arm-none-eabi/lib/armv6-m\libg_nano.a(lib_a-nano-svfprintf.o) (_malloc_r)
c:/toolsarm/gcc_arm/bin/../lib/gcc/arm-none-eabi/4.9.3/../../../../arm-none-eabi/lib/armv6-m\libg_nano.a(lib_a-nano-reallocr.o)
                              c:/toolsarm/gcc_arm/bin/../lib/gcc/arm-none-eabi/4.9.3/../../../../arm-none-eabi/lib/armv6-m\libg_nano.a(lib_a-nano-svfprintf.o) (_realloc_r)
c:/toolsarm/gcc_arm/bin/../lib/gcc/arm-none-eabi/4.9.3/../../../../arm-none-eabi/lib/armv6-m\libg_nano.a(lib_a-sbrkr.o)
                              c:/toolsarm/gcc_arm/bin/../lib/gcc/arm-none-eabi/4.9.3/../../../../arm-none-eabi/lib/armv6-m\libg_nano.a(lib_a-nano-mallocr.o) (_sbrk_r)
c:/toolsarm/gcc_arm/bin/../lib/gcc/arm-none-eabi/4.9.3/../../../../arm-none-eabi/lib/armv6-m\libg_nano.a(lib_a-nano-msizer.o)
                              c:/toolsarm/gcc_arm/bin/../lib/gcc/arm-none-eabi/4.9.3/../../../../arm-none-eabi/lib/armv6-m\libg_nano.a(lib_a-nano-reallocr.o) (_malloc_usable_size_r)

Allocating common symbols
Common symbol       size              file

timer_delayCount    0x4               ./src/Timer.o
errno               0x4               ./system/src/newlib/_syscalls.o

Discarded input sections

 .group         0x00000000        0x8 ./system/src/stm32f0-stdperiph/stm32f0xx_gpio.o
 .group         0x00000000        0x8 ./system/src/stm32f0-stdperiph/stm32f0xx_gpio.o
 .group         0x00000000        0x8 ./system/src/stm32f0-stdperiph/stm32f0xx_gpio.o
 .group         0x00000000        0x8 ./system/src/stm32f0-stdperiph/stm32f0xx_gpio.o
 .group         0x00000000        0x8 ./system/src/stm32f0-stdperiph/stm32f0xx_gpio.o
[...]
Memory Configuration

Name             Origin             Length             Attributes
RAM              0x20000000         0x00004000         xrw
CCMRAM           0x00000000         0x00000000         xrw
FLASH            0x08000000         0x00010000         xr
FLASHB1          0x00000000         0x00000000         xr
EXTMEMB0         0x00000000         0x00000000         xr
EXTMEMB1         0x00000000         0x00000000         xr
EXTMEMB2         0x00000000         0x00000000         xr
EXTMEMB3         0x00000000         0x00000000         xr
MEMORY_ARRAY     0x00000000         0x00000000         xrw
*default*        0x00000000         0xffffffff

Linker script and memory map

LOAD ./system/src/stm32f0-stdperiph/stm32f0xx_gpio.o
LOAD ./system/src/stm32f0-stdperiph/stm32f0xx_rcc.o
LOAD ./system/src/stm32f0-stdperiph/stm32f0xx_tim.o
LOAD ./system/src/newlib/_cxx.o
LOAD ./system/src/newlib/_exit.o
LOAD ./system/src/newlib/_sbrk.o
LOAD ./system/src/newlib/_startup.o
LOAD ./system/src/newlib/_syscalls.o
LOAD ./system/src/newlib/assert.o
LOAD ./system/src/diag/Trace.o
LOAD ./system/src/diag/trace_impl.o
LOAD ./system/src/cortexm/_initialize_hardware.o
LOAD ./system/src/cortexm/_reset_hardware.o
LOAD ./system/src/cortexm/exception_handlers.o
LOAD ./system/src/cmsis/system_stm32f0xx.o
LOAD ./system/src/cmsis/vectors_stm32f0xx.o
LOAD ./src/BlinkLed.o
LOAD ./src/LedPwm.o
LOAD ./src/Timer.o
LOAD ./src/_write.o
LOAD ./src/main.o
LOAD c:/toolsarm/gcc_arm/bin/../lib/gcc/arm-none-eabi/4.9.3/../../../../arm-none-eabi/lib/armv6-m\libstdc++_nano.a
LOAD c:/toolsarm/gcc_arm/bin/../lib/gcc/arm-none-eabi/4.9.3/../../../../arm-none-eabi/lib/armv6-m\libm.a
START GROUP
LOAD c:/toolsarm/gcc_arm/bin/../lib/gcc/arm-none-eabi/4.9.3/armv6-m\libgcc.a
LOAD c:/toolsarm/gcc_arm/bin/../lib/gcc/arm-none-eabi/4.9.3/../../../../arm-none-eabi/lib/armv6-m\libg_nano.a
LOAD c:/toolsarm/gcc_arm/bin/../lib/gcc/arm-none-eabi/4.9.3/../../../../arm-none-eabi/lib/armv6-m\libc_nano.a
END GROUP
START GROUP
LOAD c:/toolsarm/gcc_arm/bin/../lib/gcc/arm-none-eabi/4.9.3/armv6-m\libgcc.a
LOAD c:/toolsarm/gcc_arm/bin/../lib/gcc/arm-none-eabi/4.9.3/../../../../arm-none-eabi/lib/armv6-m\libc_nano.a
END GROUP
                0x20004000                __stack = (ORIGIN (RAM) + 0x4000)
                0x20004000                _estack = __stack
                0x00000400                __Main_Stack_Size = 0x400
                0x00000400                PROVIDE (_Main_Stack_Size, __Main_Stack_Size)
                0x20003c00                __Main_Stack_Limit = (__stack - __Main_Stack_Size)
                0x20003c00                PROVIDE (_Main_Stack_Limit, __Main_Stack_Limit)
                0x00000100                _Minimum_Stack_Size = 0x100
                0x20000128                PROVIDE (_Heap_Begin, _end_noinit)
                0x20003c00                PROVIDE (_Heap_Limit, (__stack - __Main_Stack_Size))

.isr_vector     0x08000000      0x230
 FILL mask 0xff
                0x08000000                __vectors_start = ABSOLUTE (.)
                0x08000000                __vectors_start__ = ABSOLUTE (.)
 *(.isr_vector)
 .isr_vector    0x08000000       0xc4 ./system/src/cmsis/vectors_stm32f0xx.o
                0x08000000                g_pfnVectors
 *(.cfmconfig)
 *(.after_vectors .after_vectors.*)
 .after_vectors
                0x080000c4      0x118 ./system/src/newlib/_startup.o
                0x080000c4                _start
 .after_vectors
                0x080001dc       0x50 ./system/src/cortexm/exception_handlers.o
                0x080001dc                Reset_Handler
                0x080001e4                NMI_Handler
                0x080001e8                HardFault_Handler
                0x08000200                HardFault_Handler_C
                0x0800021c                SVC_Handler
                0x08000220                PendSV_Handler
 .after_vectors
                0x0800022c        0x4 ./system/src/cmsis/vectors_stm32f0xx.o
                0x0800022c                TIM1_CC_IRQHandler
                0x0800022c                TSC_IRQHandler
                0x0800022c                ADC1_COMP_IRQHandler
                0x0800022c                TIM6_IRQHandler
                0x0800022c                PVD_IRQHandler
                0x0800022c                I2C1_IRQHandler
                0x0800022c                RCC_CRS_IRQHandler
                0x0800022c                SPI1_IRQHandler
                0x0800022c                TIM6_DAC_IRQHandler
                0x0800022c                USART3_4_IRQHandler
                0x0800022c                EXTI2_3_IRQHandler
                0x0800022c                ADC1_IRQHandler
                0x0800022c                I2C2_IRQHandler
                0x0800022c                USART3_6_IRQHandler
                0x0800022c                TIM17_IRQHandler
                0x0800022c                CEC_CAN_IRQHandler
                0x0800022c                RTC_IRQHandler
                0x0800022c                PVD_VDDIO2_IRQHandler
                0x0800022c                DMA1_Channel4_5_6_7_IRQHandler
                0x0800022c                TIM16_IRQHandler
                0x0800022c                TIM3_IRQHandler
                0x0800022c                EXTI4_15_IRQHandler
                0x0800022c                RCC_IRQHandler
                0x0800022c                USART3_8_IRQHandler
                0x0800022c                DMA1_Channel1_IRQHandler
                0x0800022c                Default_Handler
                0x0800022c                CEC_IRQHandler
                0x0800022c                TIM14_IRQHandler
                0x0800022c                DMA1_Channel4_5_IRQHandler
                0x0800022c                TIM7_IRQHandler
                0x0800022c                TIM15_IRQHandler
                0x0800022c                EXTI0_1_IRQHandler
                0x0800022c                USB_IRQHandler
                0x0800022c                DMA1_Ch2_3_DMA2_Ch1_2_IRQHandler
                0x0800022c                SPI2_IRQHandler
                0x0800022c                DMA1_Ch4_7_DMA2_Ch3_5_IRQHandler
                0x0800022c                TS_IRQHandler
                0x0800022c                WWDG_IRQHandler
                0x0800022c                TIM2_IRQHandler
                0x0800022c                DMA1_Channel2_3_IRQHandler
                0x0800022c                USART2_IRQHandler
                0x0800022c                VDDIO2_IRQHandler
                0x0800022c                FLASH_IRQHandler
                0x0800022c                USART1_IRQHandler
                0x0800022c                TIM1_BRK_UP_TRG_COM_IRQHandler

.inits          0x08000230       0x28
                0x08000230                __data_regions_array_start = .
                0x08000230        0x4 LONG 0x8001a3c LOADADDR (.data)
                0x08000234        0x4 LONG 0x20000000 ADDR (.data)
                0x08000238        0x4 LONG 0x20000088 (ADDR (.data) + SIZEOF (.data))
                0x0800023c        0x4 LONG 0x8001a3c LOADADDR (.data_CCMRAM)
                0x08000240        0x4 LONG 0x0 ADDR (.data_CCMRAM)
                0x08000244        0x4 LONG 0x0 (ADDR (.data_CCMRAM) + SIZEOF (.data_CCMRAM))
                0x08000248                __data_regions_array_end = .
                0x08000248                __bss_regions_array_start = .
                0x08000248        0x4 LONG 0x20000088 ADDR (.bss)
                0x0800024c        0x4 LONG 0x20000128 (ADDR (.bss) + SIZEOF (.bss))
                0x08000250        0x4 LONG 0x0 ADDR (.bss_CCMRAM)
                0x08000254        0x4 LONG 0x0 (ADDR (.bss_CCMRAM) + SIZEOF (.bss_CCMRAM))
                0x08000258                __bss_regions_array_end = .
 *(.init)
 *(.fini)
                0x08000258                . = ALIGN (0x4)
                0x08000258                PROVIDE (__preinit_array_start, .)
 *(.preinit_array_sysinit .preinit_array_sysinit.*)
 *(.preinit_array_platform .preinit_array_platform.*)
 *(.preinit_array .preinit_array.*)
                0x08000258                PROVIDE (__preinit_array_end, .)
                0x08000258                . = ALIGN (0x4)
                0x08000258                PROVIDE (__init_array_start, .)
 *(SORT(.init_array.*))
 *(.init_array)
                0x08000258                PROVIDE (__init_array_end, .)
                0x08000258                . = ALIGN (0x4)
                0x08000258                PROVIDE (__fini_array_start, .)
 *(SORT(.fini_array.*))
 *(.fini_array)
                0x08000258                PROVIDE (__fini_array_end, .)

.flashtext
 *(.flashtext .flashtext.*)

.text           0x08000258     0x17e1
 *(.text .text.*)
 .text.GPIO_Init
                0x08000258      0x11c ./system/src/stm32f0-stdperiph/stm32f0xx_gpio.o
                0x08000258                GPIO_Init
 .text.GPIO_SetBits
                0x08000374       0x60 ./system/src/stm32f0-stdperiph/stm32f0xx_gpio.o
                0x08000374                GPIO_SetBits
 .text.GPIO_ResetBits
                0x080003d4       0x60 ./system/src/stm32f0-stdperiph/stm32f0xx_gpio.o
                0x080003d4                GPIO_ResetBits
 .text.GPIO_PinAFConfig
                0x08000434       0x90 ./system/src/stm32f0-stdperiph/stm32f0xx_gpio.o
                0x08000434                GPIO_PinAFConfig
 .text.RCC_AHBPeriphClockCmd
                0x080004c4       0x50 ./system/src/stm32f0-stdperiph/stm32f0xx_rcc.o
                0x080004c4                RCC_AHBPeriphClockCmd
 .text.RCC_APB1PeriphClockCmd
                0x08000514       0x50 ./system/src/stm32f0-stdperiph/stm32f0xx_rcc.o
                0x08000514                RCC_APB1PeriphClockCmd
 .text.TIM_TimeBaseInit
                0x08000564      0x10c ./system/src/stm32f0-stdperiph/stm32f0xx_tim.o
                0x08000564                TIM_TimeBaseInit
 .text.TIM_Cmd  0x08000670       0x94 ./system/src/stm32f0-stdperiph/stm32f0xx_tim.o
                0x08000670                TIM_Cmd
 .text.TIM_OC1Init
                0x08000704      0x178 ./system/src/stm32f0-stdperiph/stm32f0xx_tim.o
                0x08000704                TIM_OC1Init
 .text.TIM_OC1PreloadConfig
                0x0800087c       0x7c ./system/src/stm32f0-stdperiph/stm32f0xx_tim.o
                0x0800087c                TIM_OC1PreloadConfig
 .text._exit    0x080008f8        0x4 ./system/src/newlib/_exit.o
                0x080008f8                _exit
 .text.abort    0x080008fc       0x14 ./system/src/newlib/_exit.o
                0x080008fc                abort
 .text._sbrk    0x08000910       0x44 ./system/src/newlib/_sbrk.o
                0x08000910                _sbrk
 .text.__initialize_args
                0x08000954       0x10 ./system/src/newlib/_syscalls.o
                0x08000954                __initialize_args
 .text.assert_failed
                0x08000964       0x18 ./system/src/newlib/assert.o
                0x08000964                assert_failed
 .text.trace_printf
                0x0800097c       0x30 ./system/src/diag/Trace.o
                0x0800097c                trace_printf
 .text.trace_puts
                0x080009ac       0x20 ./system/src/diag/Trace.o
                0x080009ac                trace_puts
 .text._trace_write_semihosting_debug
                0x080009cc       0x64 ./system/src/diag/trace_impl.o
 .text.trace_write
                0x08000a30        0x8 ./system/src/diag/trace_impl.o
                0x08000a30                trace_write
 .text.__initialize_hardware_early
                0x08000a38        0x8 ./system/src/cortexm/_initialize_hardware.o
                0x08000a38                __initialize_hardware_early
 .text.__initialize_hardware
                0x08000a40        0x8 ./system/src/cortexm/_initialize_hardware.o
                0x08000a40                __initialize_hardware
 .text.dumpExceptionStack
                0x08000a48       0x88 ./system/src/cortexm/exception_handlers.o
                0x08000a48                dumpExceptionStack
 .text.SetSysClock
                0x08000ad0       0xb0 ./system/src/cmsis/system_stm32f0xx.o
 .text.SystemInit
                0x08000b80       0x64 ./system/src/cmsis/system_stm32f0xx.o
                0x08000b80                SystemInit
 .text.SystemCoreClockUpdate
                0x08000be4       0x90 ./system/src/cmsis/system_stm32f0xx.o
                0x08000be4                SystemCoreClockUpdate
 .text.blink_led_init
                0x08000c74       0x3c ./src/BlinkLed.o
                0x08000c74                blink_led_init
 .text.LedPwmInit
                0x08000cb0       0x94 ./src/LedPwm.o
                0x08000cb0                LedPwmInit
 .text.timer_start
                0x08000d44       0x44 ./src/Timer.o
                0x08000d44                timer_start
 .text.timer_sleep
                0x08000d88       0x14 ./src/Timer.o
                0x08000d88                timer_sleep
 .text.timer_tick
                0x08000d9c       0x18 ./src/Timer.o
                0x08000d9c                timer_tick
 .text.SysTick_Handler
                0x08000db4        0x8 ./src/Timer.o
                0x08000db4                SysTick_Handler
 .text.main     0x08000dbc       0x74 ./src/main.o
                0x08000dbc                main
 .text          0x08000e30      0x120 c:/toolsarm/gcc_arm/bin/../lib/gcc/arm-none-eabi/4.9.3/armv6-m\libgcc.a(_udivsi3.o)
                0x08000e30                __aeabi_uidiv
                0x08000e30                __udivsi3
                0x08000f3c                __aeabi_uidivmod
 .text          0x08000f50        0x4 c:/toolsarm/gcc_arm/bin/../lib/gcc/arm-none-eabi/4.9.3/armv6-m\libgcc.a(_dvmd_tls.o)
                0x08000f50                __aeabi_idiv0
                0x08000f50                __aeabi_ldiv0
 .text.__errno  0x08000f54        0xc c:/toolsarm/gcc_arm/bin/../lib/gcc/arm-none-eabi/4.9.3/../../../../arm-none-eabi/lib/armv6-m\libg_nano.a(lib_a-errno.o)
                0x08000f54                __errno
 .text.strlen   0x08000f60        0xe c:/toolsarm/gcc_arm/bin/../lib/gcc/arm-none-eabi/4.9.3/../../../../arm-none-eabi/lib/armv6-m\libg_nano.a(lib_a-strlen.o)
                0x08000f60                strlen
 .text._vsnprintf_r
                0x08000f6e       0x54 c:/toolsarm/gcc_arm/bin/../lib/gcc/arm-none-eabi/4.9.3/../../../../arm-none-eabi/lib/armv6-m\libg_nano.a(lib_a-vsnprintf.o)
                0x08000f6e                _vsniprintf_r
                0x08000f6e                _vsnprintf_r
 *fill*         0x08000fc2        0x2 
 .text.vsnprintf
                0x08000fc4       0x20 c:/toolsarm/gcc_arm/bin/../lib/gcc/arm-none-eabi/4.9.3/../../../../arm-none-eabi/lib/armv6-m\libg_nano.a(lib_a-vsnprintf.o)
                0x08000fc4                vsniprintf
                0x08000fc4                vsnprintf
 .text.__ssputs_r
                0x08000fe4       0xc0 c:/toolsarm/gcc_arm/bin/../lib/gcc/arm-none-eabi/4.9.3/../../../../arm-none-eabi/lib/armv6-m\libg_nano.a(lib_a-nano-svfprintf.o)
                0x08000fe4                __ssputs_r
 .text._svfprintf_r
                0x080010a4      0x1ec c:/toolsarm/gcc_arm/bin/../lib/gcc/arm-none-eabi/4.9.3/../../../../arm-none-eabi/lib/armv6-m\libg_nano.a(lib_a-nano-svfprintf.o)
                0x080010a4                _svfiprintf_r
                0x080010a4                _svfprintf_r
 .text._printf_common
                0x08001290       0xdc c:/toolsarm/gcc_arm/bin/../lib/gcc/arm-none-eabi/4.9.3/../../../../arm-none-eabi/lib/armv6-m\libg_nano.a(lib_a-nano-vfprintf_i.o)
                0x08001290                _printf_common
 .text._printf_i
                0x0800136c      0x230 c:/toolsarm/gcc_arm/bin/../lib/gcc/arm-none-eabi/4.9.3/../../../../arm-none-eabi/lib/armv6-m\libg_nano.a(lib_a-nano-vfprintf_i.o)
                0x0800136c                _printf_i
 .text.memchr   0x0800159c       0x16 c:/toolsarm/gcc_arm/bin/../lib/gcc/arm-none-eabi/4.9.3/../../../../arm-none-eabi/lib/armv6-m\libg_nano.a(lib_a-memchr.o)
                0x0800159c                memchr
 .text.memcpy   0x080015b2       0x12 c:/toolsarm/gcc_arm/bin/../lib/gcc/arm-none-eabi/4.9.3/../../../../arm-none-eabi/lib/armv6-m\libg_nano.a(lib_a-memcpy.o)
                0x080015b2                memcpy
 .text.memmove  0x080015c4       0x28 c:/toolsarm/gcc_arm/bin/../lib/gcc/arm-none-eabi/4.9.3/../../../../arm-none-eabi/lib/armv6-m\libg_nano.a(lib_a-memmove.o)
                0x080015c4                memmove
 .text._free_r  0x080015ec       0x8c c:/toolsarm/gcc_arm/bin/../lib/gcc/arm-none-eabi/4.9.3/../../../../arm-none-eabi/lib/armv6-m\libg_nano.a(lib_a-nano-freer.o)
                0x080015ec                _free_r
 .text._malloc_r
                0x08001678       0xb0 c:/toolsarm/gcc_arm/bin/../lib/gcc/arm-none-eabi/4.9.3/../../../../arm-none-eabi/lib/armv6-m\libg_nano.a(lib_a-nano-mallocr.o)
                0x08001678                _malloc_r
 .text._realloc_r
                0x08001728       0x4c c:/toolsarm/gcc_arm/bin/../lib/gcc/arm-none-eabi/4.9.3/../../../../arm-none-eabi/lib/armv6-m\libg_nano.a(lib_a-nano-reallocr.o)
                0x08001728                _realloc_r
 .text._sbrk_r  0x08001774       0x24 c:/toolsarm/gcc_arm/bin/../lib/gcc/arm-none-eabi/4.9.3/../../../../arm-none-eabi/lib/armv6-m\libg_nano.a(lib_a-sbrkr.o)
                0x08001774                _sbrk_r
 .text._malloc_usable_size_r
                0x08001798       0x16 c:/toolsarm/gcc_arm/bin/../lib/gcc/arm-none-eabi/4.9.3/../../../../arm-none-eabi/lib/armv6-m\libg_nano.a(lib_a-nano-msizer.o)
                0x08001798                _malloc_usable_size_r
 *(.rodata .rodata.* .constdata .constdata.*)
 *fill*         0x080017ae        0x2 
 .rodata.str1.4
                0x080017b0       0x31 ./system/src/stm32f0-stdperiph/stm32f0xx_gpio.o
 *fill*         0x080017e1        0x3 
 .rodata.str1.4
                0x080017e4       0x30 ./system/src/stm32f0-stdperiph/stm32f0xx_rcc.o
 .rodata.str1.4
                0x08001814       0x30 ./system/src/stm32f0-stdperiph/stm32f0xx_tim.o
 .rodata.str1.4
                0x08001844       0x14 ./system/src/newlib/_exit.o
 .rodata.str1.4
                0x08001858       0x6b ./system/src/newlib/assert.o
                                 0x6f (size before relaxing)
 *fill*         0x080018c3        0x1 
 .rodata.str1.4
                0x080018c4       0x29 ./system/src/diag/Trace.o
                                 0x2d (size before relaxing)
 *fill*         0x080018ed        0x3 
 .rodata.str1.4
                0x080018f0       0xbd ./system/src/cortexm/exception_handlers.o
 *fill*         0x080019ad        0x3 
 .rodata.str1.4
                0x080019b0       0x54 ./src/main.o
                                 0x53 (size before relaxing)
 .rodata.str1.1
                0x08001a04        0x2 c:/toolsarm/gcc_arm/bin/../lib/gcc/arm-none-eabi/4.9.3/../../../../arm-none-eabi/lib/armv6-m\libg_nano.a(lib_a-impure.o)
 .rodata.str1.1
                0x08001a06       0x11 c:/toolsarm/gcc_arm/bin/../lib/gcc/arm-none-eabi/4.9.3/../../../../arm-none-eabi/lib/armv6-m\libg_nano.a(lib_a-nano-svfprintf.o)
 .rodata.str1.1
                0x08001a17       0x22 c:/toolsarm/gcc_arm/bin/../lib/gcc/arm-none-eabi/4.9.3/../../../../arm-none-eabi/lib/armv6-m\libg_nano.a(lib_a-nano-vfprintf_i.o)
 *(vtable)
 *(.eh_frame*)
 *(.glue_7)
 .glue_7        0x00000000        0x0 linker stubs
 *(.glue_7t)
 .glue_7t       0x00000000        0x0 linker stubs

.vfp11_veneer   0x08001a3c        0x0
 .vfp11_veneer  0x00000000        0x0 linker stubs

.v4_bx          0x08001a3c        0x0
 .v4_bx         0x00000000        0x0 linker stubs

.iplt           0x08001a3c        0x0
 .iplt          0x00000000        0x0 ./system/src/stm32f0-stdperiph/stm32f0xx_gpio.o

.rel.dyn        0x08001a3c        0x0
 .rel.iplt      0x00000000        0x0 ./system/src/stm32f0-stdperiph/stm32f0xx_gpio.o

.ARM.extab
 *(.ARM.extab* .gnu.linkonce.armextab.*)
                0x08001a3c                . = ALIGN (0x4)
                0x08001a3c                __exidx_start = .

.ARM.exidx
 *(.ARM.exidx* .gnu.linkonce.armexidx.*)
                0x08001a3c                __exidx_end = .
                0x08001a3c                . = ALIGN (0x4)
                0x08001a3c                _etext = .
                0x08001a3c                __etext = .

.data_CCMRAM    0x00000000        0x0 load address 0x08001a3c
 FILL mask 0xff
 *(.data.CCMRAM .data.CCMRAM.*)
                0x00000000                . = ALIGN (0x4)
                0x08001a3c                _sidata = LOADADDR (.data)

.data           0x20000000       0x88 load address 0x08001a3c
 FILL mask 0xff
                0x20000000                _sdata = .
                0x20000000                __data_start__ = .
 *(.data_begin .data_begin.*)
 .data_begin    0x20000000        0x4 ./system/src/newlib/_startup.o
 *(.data .data.*)
 .data.argv.4158
                0x20000004        0x8 ./system/src/newlib/_syscalls.o
 .data.AHBPrescTable
                0x2000000c       0x10 ./system/src/cmsis/system_stm32f0xx.o
                0x2000000c                AHBPrescTable
 .data.SystemCoreClock
                0x2000001c        0x4 ./system/src/cmsis/system_stm32f0xx.o
                0x2000001c                SystemCoreClock
 .data.impure_data
                0x20000020       0x60 c:/toolsarm/gcc_arm/bin/../lib/gcc/arm-none-eabi/4.9.3/../../../../arm-none-eabi/lib/armv6-m\libg_nano.a(lib_a-impure.o)
 .data._impure_ptr
                0x20000080        0x4 c:/toolsarm/gcc_arm/bin/../lib/gcc/arm-none-eabi/4.9.3/../../../../arm-none-eabi/lib/armv6-m\libg_nano.a(lib_a-impure.o)
                0x20000080                _impure_ptr
 *(.data_end .data_end.*)
 .data_end      0x20000084        0x4 ./system/src/newlib/_startup.o
                0x20000088                . = ALIGN (0x4)
                0x20000088                _edata = .
                0x20000088                __data_end__ = .

.igot.plt       0x20000088        0x0 load address 0x08001ac4
 .igot.plt      0x00000000        0x0 ./system/src/stm32f0-stdperiph/stm32f0xx_gpio.o

.bss_CCMRAM     0x00000000        0x0
 *(.bss.CCMRAM .bss.CCMRAM.*)

.bss            0x20000088       0xa0
                0x20000088                __bss_start__ = .
                0x20000088                _sbss = .
 *(.bss_begin .bss_begin.*)
 .bss_begin     0x20000088        0x4 ./system/src/newlib/_startup.o
 *(.bss .bss.*)
 .bss.current_heap_end.3862
                0x2000008c        0x4 ./system/src/newlib/_sbrk.o
 .bss.name.4157
                0x20000090        0x1 ./system/src/newlib/_syscalls.o
 *fill*         0x20000091        0x3 
 .bss.buf.4998  0x20000094       0x80 ./system/src/diag/Trace.o
 .bss.__malloc_sbrk_start
                0x20000114        0x4 c:/toolsarm/gcc_arm/bin/../lib/gcc/arm-none-eabi/4.9.3/../../../../arm-none-eabi/lib/armv6-m\libg_nano.a(lib_a-nano-mallocr.o)
                0x20000114                __malloc_sbrk_start
 .bss.__malloc_free_list
                0x20000118        0x4 c:/toolsarm/gcc_arm/bin/../lib/gcc/arm-none-eabi/4.9.3/../../../../arm-none-eabi/lib/armv6-m\libg_nano.a(lib_a-nano-mallocr.o)
                0x20000118                __malloc_free_list
 *(COMMON)
 COMMON         0x2000011c        0x4 ./system/src/newlib/_syscalls.o
                0x2000011c                errno
 COMMON         0x20000120        0x4 ./src/Timer.o
                0x20000120                timer_delayCount
 *(.bss_end .bss_end.*)
 .bss_end       0x20000124        0x4 ./system/src/newlib/_startup.o
                0x20000128                . = ALIGN (0x4)
                0x20000128                __bss_end__ = .
                0x20000128                _ebss = .

.noinit_CCMRAM
 *(.noinit.CCMRAM .noinit.CCMRAM.*)

.noinit         0x20000128        0x0
                0x20000128                _noinit = .
 *(.noinit .noinit.*)
                0x20000128                . = ALIGN (0x4)
                0x20000128                _end_noinit = .
                0x20000128                PROVIDE (end, _end_noinit)
                0x20000128                PROVIDE (_end, _end_noinit)
                0x20000128                PROVIDE (__end, _end_noinit)
                0x20000128                PROVIDE (__end__, _end_noinit)

._check_stack   0x20000128      0x100
                0x20000228                . = (. + _Minimum_Stack_Size)
 *fill*         0x20000128      0x100 

.b1text
 *(.b1text)
 *(.b1rodata)
 *(.b1rodata.*)

.eb0text
 *(.eb0text)
 *(.eb0rodata)
 *(.eb0rodata.*)

.eb1text
 *(.eb1text)
 *(.eb1rodata)
 *(.eb1rodata.*)

.eb2text
 *(.eb2text)
 *(.eb2rodata)
 *(.eb2rodata.*)

.eb3text
 *(.eb3text)
 *(.eb3rodata)
 *(.eb3rodata.*)

.stab
 *(.stab)

.stabstr
 *(.stabstr)

.stab.excl
 *(.stab.excl)

.stab.exclstr
 *(.stab.exclstr)

.stab.index
 *(.stab.index)

.stab.indexstr
 *(.stab.indexstr)

.comment        0x00000000       0x70
 *(.comment)
 .comment       0x00000000       0x70 ./system/src/stm32f0-stdperiph/stm32f0xx_gpio.o
                                 0x71 (size before relaxing)
 .comment       0x00000000       0x71 ./system/src/stm32f0-stdperiph/stm32f0xx_rcc.o
 .comment       0x00000000       0x71 ./system/src/stm32f0-stdperiph/stm32f0xx_tim.o
 .comment       0x00000000       0x71 ./system/src/newlib/_exit.o
 .comment       0x00000000       0x71 ./system/src/newlib/_sbrk.o
 .comment       0x00000000       0x71 ./system/src/newlib/_startup.o
 .comment       0x00000000       0x71 ./system/src/newlib/_syscalls.o
 .comment       0x00000000       0x71 ./system/src/newlib/assert.o
 .comment       0x00000000       0x71 ./system/src/diag/Trace.o
 .comment       0x00000000       0x71 ./system/src/diag/trace_impl.o
 .comment       0x00000000       0x71 ./system/src/cortexm/_initialize_hardware.o
 .comment       0x00000000       0x71 ./system/src/cortexm/exception_handlers.o
 .comment       0x00000000       0x71 ./system/src/cmsis/system_stm32f0xx.o
 .comment       0x00000000       0x71 ./system/src/cmsis/vectors_stm32f0xx.o
 .comment       0x00000000       0x71 ./src/BlinkLed.o
 .comment       0x00000000       0x71 ./src/LedPwm.o
 .comment       0x00000000       0x71 ./src/Timer.o
 .comment       0x00000000       0x71 ./src/main.o

.ARM.attributes
                0x00000000       0x31
 .ARM.attributes
                0x00000000       0x31 ./system/src/stm32f0-stdperiph/stm32f0xx_gpio.o
 .ARM.attributes
                0x00000031       0x31 ./system/src/stm32f0-stdperiph/stm32f0xx_rcc.o
 .ARM.attributes
                0x00000062       0x31 ./system/src/stm32f0-stdperiph/stm32f0xx_tim.o
 .ARM.attributes
                0x00000093       0x31 ./system/src/newlib/_exit.o
 .ARM.attributes
                0x000000c4       0x31 ./system/src/newlib/_sbrk.o
 .ARM.attributes
                0x000000f5       0x31 ./system/src/newlib/_startup.o
 .ARM.attributes
                0x00000126       0x31 ./system/src/newlib/_syscalls.o
 .ARM.attributes
                0x00000157       0x31 ./system/src/newlib/assert.o
 .ARM.attributes
                0x00000188       0x31 ./system/src/diag/Trace.o
 .ARM.attributes
                0x000001b9       0x31 ./system/src/diag/trace_impl.o
 .ARM.attributes
                0x000001ea       0x31 ./system/src/cortexm/_initialize_hardware.o
 .ARM.attributes
                0x0000021b       0x31 ./system/src/cortexm/exception_handlers.o
 .ARM.attributes
                0x0000024c       0x31 ./system/src/cmsis/system_stm32f0xx.o
 .ARM.attributes
                0x0000027d       0x31 ./system/src/cmsis/vectors_stm32f0xx.o
 .ARM.attributes
                0x000002ae       0x31 ./src/BlinkLed.o
 .ARM.attributes
                0x000002df       0x31 ./src/LedPwm.o
 .ARM.attributes
                0x00000310       0x31 ./src/Timer.o
 .ARM.attributes
                0x00000341       0x31 ./src/main.o
 .ARM.attributes
                0x00000372       0x1e c:/toolsarm/gcc_arm/bin/../lib/gcc/arm-none-eabi/4.9.3/armv6-m\libgcc.a(_udivsi3.o)
 .ARM.attributes
                0x00000390       0x1e c:/toolsarm/gcc_arm/bin/../lib/gcc/arm-none-eabi/4.9.3/armv6-m\libgcc.a(_dvmd_tls.o)
 .ARM.attributes
                0x000003ae       0x2c c:/toolsarm/gcc_arm/bin/../lib/gcc/arm-none-eabi/4.9.3/../../../../arm-none-eabi/lib/armv6-m\libg_nano.a(lib_a-errno.o)
 .ARM.attributes
                0x000003da       0x2c c:/toolsarm/gcc_arm/bin/../lib/gcc/arm-none-eabi/4.9.3/../../../../arm-none-eabi/lib/armv6-m\libg_nano.a(lib_a-impure.o)
 .ARM.attributes
                0x00000406       0x2c c:/toolsarm/gcc_arm/bin/../lib/gcc/arm-none-eabi/4.9.3/../../../../arm-none-eabi/lib/armv6-m\libg_nano.a(lib_a-strlen.o)
 .ARM.attributes
                0x00000432       0x2c c:/toolsarm/gcc_arm/bin/../lib/gcc/arm-none-eabi/4.9.3/../../../../arm-none-eabi/lib/armv6-m\libg_nano.a(lib_a-vsnprintf.o)
 .ARM.attributes
                0x0000045e       0x2c c:/toolsarm/gcc_arm/bin/../lib/gcc/arm-none-eabi/4.9.3/../../../../arm-none-eabi/lib/armv6-m\libg_nano.a(lib_a-nano-svfprintf.o)
 .ARM.attributes
                0x0000048a       0x2c c:/toolsarm/gcc_arm/bin/../lib/gcc/arm-none-eabi/4.9.3/../../../../arm-none-eabi/lib/armv6-m\libg_nano.a(lib_a-nano-vfprintf_i.o)
 .ARM.attributes
                0x000004b6       0x2c c:/toolsarm/gcc_arm/bin/../lib/gcc/arm-none-eabi/4.9.3/../../../../arm-none-eabi/lib/armv6-m\libg_nano.a(lib_a-memchr.o)
 .ARM.attributes
                0x000004e2       0x2c c:/toolsarm/gcc_arm/bin/../lib/gcc/arm-none-eabi/4.9.3/../../../../arm-none-eabi/lib/armv6-m\libg_nano.a(lib_a-memcpy.o)
 .ARM.attributes
                0x0000050e       0x2c c:/toolsarm/gcc_arm/bin/../lib/gcc/arm-none-eabi/4.9.3/../../../../arm-none-eabi/lib/armv6-m\libg_nano.a(lib_a-memmove.o)
 .ARM.attributes
                0x0000053a       0x2c c:/toolsarm/gcc_arm/bin/../lib/gcc/arm-none-eabi/4.9.3/../../../../arm-none-eabi/lib/armv6-m\libg_nano.a(lib_a-nano-freer.o)
 .ARM.attributes
                0x00000566       0x2c c:/toolsarm/gcc_arm/bin/../lib/gcc/arm-none-eabi/4.9.3/../../../../arm-none-eabi/lib/armv6-m\libg_nano.a(lib_a-nano-mallocr.o)
 .ARM.attributes
                0x00000592       0x2c c:/toolsarm/gcc_arm/bin/../lib/gcc/arm-none-eabi/4.9.3/../../../../arm-none-eabi/lib/armv6-m\libg_nano.a(lib_a-nano-reallocr.o)
 .ARM.attributes
                0x000005be       0x2c c:/toolsarm/gcc_arm/bin/../lib/gcc/arm-none-eabi/4.9.3/../../../../arm-none-eabi/lib/armv6-m\libg_nano.a(lib_a-sbrkr.o)
 .ARM.attributes
                0x000005ea       0x2c c:/toolsarm/gcc_arm/bin/../lib/gcc/arm-none-eabi/4.9.3/../../../../arm-none-eabi/lib/armv6-m\libg_nano.a(lib_a-nano-msizer.o)

.debug
 *(.debug)

.line
 *(.line)

.debug_srcinfo
 *(.debug_srcinfo)

.debug_sfnames
 *(.debug_sfnames)

.debug_aranges  0x00000000      0x790
 *(.debug_aranges)
 .debug_aranges
                0x00000000       0x80 ./system/src/stm32f0-stdperiph/stm32f0xx_gpio.o
 .debug_aranges
                0x00000080      0x160 ./system/src/stm32f0-stdperiph/stm32f0xx_rcc.o
 .debug_aranges
                0x000001e0      0x300 ./system/src/stm32f0-stdperiph/stm32f0xx_tim.o
 .debug_aranges
                0x000004e0       0x28 ./system/src/newlib/_exit.o
 .debug_aranges
                0x00000508       0x20 ./system/src/newlib/_sbrk.o
 .debug_aranges
                0x00000528       0x40 ./system/src/newlib/_startup.o
 .debug_aranges
                0x00000568       0x30 ./system/src/newlib/_syscalls.o
 .debug_aranges
                0x00000598       0x28 ./system/src/newlib/assert.o
 .debug_aranges
                0x000005c0       0x38 ./system/src/diag/Trace.o
 .debug_aranges
                0x000005f8       0x30 ./system/src/diag/trace_impl.o
 .debug_aranges
                0x00000628       0x28 ./system/src/cortexm/_initialize_hardware.o
 .debug_aranges
                0x00000650       0x58 ./system/src/cortexm/exception_handlers.o
 .debug_aranges
                0x000006a8       0x30 ./system/src/cmsis/system_stm32f0xx.o
 .debug_aranges
                0x000006d8       0x20 ./system/src/cmsis/vectors_stm32f0xx.o
 .debug_aranges
                0x000006f8       0x20 ./src/BlinkLed.o
 .debug_aranges
                0x00000718       0x20 ./src/LedPwm.o
 .debug_aranges
                0x00000738       0x38 ./src/Timer.o
 .debug_aranges
                0x00000770       0x20 ./src/main.o

.debug_pubnames
 *(.debug_pubnames)

.debug_info     0x00000000     0x7b88
 *(.debug_info .gnu.linkonce.wi.*)
 .debug_info    0x00000000      0xa11 ./system/src/stm32f0-stdperiph/stm32f0xx_gpio.o
 .debug_info    0x00000a11      0xf62 ./system/src/stm32f0-stdperiph/stm32f0xx_rcc.o
 .debug_info    0x00001973     0x37e6 ./system/src/stm32f0-stdperiph/stm32f0xx_tim.o
 .debug_info    0x00005159      0x100 ./system/src/newlib/_exit.o
 .debug_info    0x00005259      0x125 ./system/src/newlib/_sbrk.o
 .debug_info    0x0000537e      0x474 ./system/src/newlib/_startup.o
 .debug_info    0x000057f2      0x1bc ./system/src/newlib/_syscalls.o
 .debug_info    0x000059ae      0x1b0 ./system/src/newlib/assert.o
 .debug_info    0x00005b5e      0x32b ./system/src/diag/Trace.o
 .debug_info    0x00005e89      0x2e4 ./system/src/diag/trace_impl.o
 .debug_info    0x0000616d       0xc3 ./system/src/cortexm/_initialize_hardware.o
 .debug_info    0x00006230      0x340 ./system/src/cortexm/exception_handlers.o
 .debug_info    0x00006570      0x2e8 ./system/src/cmsis/system_stm32f0xx.o
 .debug_info    0x00006858       0xd1 ./system/src/cmsis/vectors_stm32f0xx.o
 .debug_info    0x00006929      0x359 ./src/BlinkLed.o
 .debug_info    0x00006c82      0x71d ./src/LedPwm.o
 .debug_info    0x0000739f      0x484 ./src/Timer.o
 .debug_info    0x00007823      0x365 ./src/main.o

.debug_abbrev   0x00000000     0x1797
 *(.debug_abbrev)
 .debug_abbrev  0x00000000      0x1db ./system/src/stm32f0-stdperiph/stm32f0xx_gpio.o
 .debug_abbrev  0x000001db      0x23e ./system/src/stm32f0-stdperiph/stm32f0xx_rcc.o
 .debug_abbrev  0x00000419      0x1d2 ./system/src/stm32f0-stdperiph/stm32f0xx_tim.o
 .debug_abbrev  0x000005eb       0xa4 ./system/src/newlib/_exit.o
 .debug_abbrev  0x0000068f       0xbb ./system/src/newlib/_sbrk.o
 .debug_abbrev  0x0000074a      0x1e9 ./system/src/newlib/_startup.o
 .debug_abbrev  0x00000933       0xee ./system/src/newlib/_syscalls.o
 .debug_abbrev  0x00000a21       0xc9 ./system/src/newlib/assert.o
 .debug_abbrev  0x00000aea      0x178 ./system/src/diag/Trace.o
 .debug_abbrev  0x00000c62      0x1a3 ./system/src/diag/trace_impl.o
 .debug_abbrev  0x00000e05       0x63 ./system/src/cortexm/_initialize_hardware.o
 .debug_abbrev  0x00000e68      0x165 ./system/src/cortexm/exception_handlers.o
 .debug_abbrev  0x00000fcd      0x146 ./system/src/cmsis/system_stm32f0xx.o
 .debug_abbrev  0x00001113       0x9d ./system/src/cmsis/vectors_stm32f0xx.o
 .debug_abbrev  0x000011b0      0x15c ./src/BlinkLed.o
 .debug_abbrev  0x0000130c      0x149 ./src/LedPwm.o
 .debug_abbrev  0x00001455      0x1b5 ./src/Timer.o
 .debug_abbrev  0x0000160a      0x18d ./src/main.o

.debug_line     0x00000000     0x5e46
 *(.debug_line)
 .debug_line    0x00000000      0x71a ./system/src/stm32f0-stdperiph/stm32f0xx_gpio.o
 .debug_line    0x0000071a      0xa06 ./system/src/stm32f0-stdperiph/stm32f0xx_rcc.o
 .debug_line    0x00001120     0x1c98 ./system/src/stm32f0-stdperiph/stm32f0xx_tim.o
 .debug_line    0x00002db8      0x23a ./system/src/newlib/_exit.o
 .debug_line    0x00002ff2      0x1dc ./system/src/newlib/_sbrk.o
 .debug_line    0x000031ce      0x29b ./system/src/newlib/_startup.o
 .debug_line    0x00003469      0x2f2 ./system/src/newlib/_syscalls.o
 .debug_line    0x0000375b      0x271 ./system/src/newlib/assert.o
 .debug_line    0x000039cc      0x296 ./system/src/diag/Trace.o
 .debug_line    0x00003c62      0x528 ./system/src/diag/trace_impl.o
 .debug_line    0x0000418a      0x35d ./system/src/cortexm/_initialize_hardware.o
 .debug_line    0x000044e7      0x57d ./system/src/cortexm/exception_handlers.o
 .debug_line    0x00004a64      0x39b ./system/src/cmsis/system_stm32f0xx.o
 .debug_line    0x00004dff       0xe3 ./system/src/cmsis/vectors_stm32f0xx.o
 .debug_line    0x00004ee2      0x339 ./src/BlinkLed.o
 .debug_line    0x0000521b      0x32e ./src/LedPwm.o
 .debug_line    0x00005549      0x3b5 ./src/Timer.o
 .debug_line    0x000058fe      0x548 ./src/main.o

.debug_frame    0x00000000     0x16d4
 *(.debug_frame)
 .debug_frame   0x00000000      0x168 ./system/src/stm32f0-stdperiph/stm32f0xx_gpio.o
 .debug_frame   0x00000168      0x3f8 ./system/src/stm32f0-stdperiph/stm32f0xx_rcc.o
 .debug_frame   0x00000560      0xa2c ./system/src/stm32f0-stdperiph/stm32f0xx_tim.o
 .debug_frame   0x00000f8c       0x38 ./system/src/newlib/_exit.o
 .debug_frame   0x00000fc4       0x28 ./system/src/newlib/_sbrk.o
 .debug_frame   0x00000fec       0x80 ./system/src/newlib/_startup.o
 .debug_frame   0x0000106c       0x50 ./system/src/newlib/_syscalls.o
 .debug_frame   0x000010bc       0x44 ./system/src/newlib/assert.o
 .debug_frame   0x00001100       0x78 ./system/src/diag/Trace.o
 .debug_frame   0x00001178       0x60 ./system/src/diag/trace_impl.o
 .debug_frame   0x000011d8       0x40 ./system/src/cortexm/_initialize_hardware.o
 .debug_frame   0x00001218       0xb0 ./system/src/cortexm/exception_handlers.o
 .debug_frame   0x000012c8       0x54 ./system/src/cmsis/system_stm32f0xx.o
 .debug_frame   0x0000131c       0x20 ./system/src/cmsis/vectors_stm32f0xx.o
 .debug_frame   0x0000133c       0x2c ./src/BlinkLed.o
 .debug_frame   0x00001368       0x2c ./src/LedPwm.o
 .debug_frame   0x00001394       0x60 ./src/Timer.o
 .debug_frame   0x000013f4       0x28 ./src/main.o
 .debug_frame   0x0000141c       0x20 c:/toolsarm/gcc_arm/bin/../lib/gcc/arm-none-eabi/4.9.3/armv6-m\libgcc.a(_udivsi3.o)
 .debug_frame   0x0000143c       0x20 c:/toolsarm/gcc_arm/bin/../lib/gcc/arm-none-eabi/4.9.3/../../../../arm-none-eabi/lib/armv6-m\libg_nano.a(lib_a-errno.o)
 .debug_frame   0x0000145c       0x20 c:/toolsarm/gcc_arm/bin/../lib/gcc/arm-none-eabi/4.9.3/../../../../arm-none-eabi/lib/armv6-m\libg_nano.a(lib_a-strlen.o)
 .debug_frame   0x0000147c       0x4c c:/toolsarm/gcc_arm/bin/../lib/gcc/arm-none-eabi/4.9.3/../../../../arm-none-eabi/lib/armv6-m\libg_nano.a(lib_a-vsnprintf.o)
 .debug_frame   0x000014c8       0x74 c:/toolsarm/gcc_arm/bin/../lib/gcc/arm-none-eabi/4.9.3/../../../../arm-none-eabi/lib/armv6-m\libg_nano.a(lib_a-nano-svfprintf.o)
 .debug_frame   0x0000153c       0x54 c:/toolsarm/gcc_arm/bin/../lib/gcc/arm-none-eabi/4.9.3/../../../../arm-none-eabi/lib/armv6-m\libg_nano.a(lib_a-nano-vfprintf_i.o)
 .debug_frame   0x00001590       0x20 c:/toolsarm/gcc_arm/bin/../lib/gcc/arm-none-eabi/4.9.3/../../../../arm-none-eabi/lib/armv6-m\libg_nano.a(lib_a-memchr.o)
 .debug_frame   0x000015b0       0x28 c:/toolsarm/gcc_arm/bin/../lib/gcc/arm-none-eabi/4.9.3/../../../../arm-none-eabi/lib/armv6-m\libg_nano.a(lib_a-memcpy.o)
 .debug_frame   0x000015d8       0x28 c:/toolsarm/gcc_arm/bin/../lib/gcc/arm-none-eabi/4.9.3/../../../../arm-none-eabi/lib/armv6-m\libg_nano.a(lib_a-memmove.o)
 .debug_frame   0x00001600       0x2c c:/toolsarm/gcc_arm/bin/../lib/gcc/arm-none-eabi/4.9.3/../../../../arm-none-eabi/lib/armv6-m\libg_nano.a(lib_a-nano-freer.o)
 .debug_frame   0x0000162c       0x2c c:/toolsarm/gcc_arm/bin/../lib/gcc/arm-none-eabi/4.9.3/../../../../arm-none-eabi/lib/armv6-m\libg_nano.a(lib_a-nano-mallocr.o)
 .debug_frame   0x00001658       0x30 c:/toolsarm/gcc_arm/bin/../lib/gcc/arm-none-eabi/4.9.3/../../../../arm-none-eabi/lib/armv6-m\libg_nano.a(lib_a-nano-reallocr.o)
 .debug_frame   0x00001688       0x2c c:/toolsarm/gcc_arm/bin/../lib/gcc/arm-none-eabi/4.9.3/../../../../arm-none-eabi/lib/armv6-m\libg_nano.a(lib_a-sbrkr.o)
 .debug_frame   0x000016b4       0x20 c:/toolsarm/gcc_arm/bin/../lib/gcc/arm-none-eabi/4.9.3/../../../../arm-none-eabi/lib/armv6-m\libg_nano.a(lib_a-nano-msizer.o)

.debug_str      0x00000000    0x5190f
 *(.debug_str)
 .debug_str     0x00000000    0x4a122 ./system/src/stm32f0-stdperiph/stm32f0xx_gpio.o
                              0x4a2d7 (size before relaxing)
 .debug_str     0x0004a122      0x66f ./system/src/stm32f0-stdperiph/stm32f0xx_rcc.o
                              0x4a682 (size before relaxing)
 .debug_str     0x0004a791      0xc35 ./system/src/stm32f0-stdperiph/stm32f0xx_tim.o
                              0x4acb2 (size before relaxing)
 .debug_str     0x0004b3c6     0x37e6 ./system/src/newlib/_exit.o
                               0x5d21 (size before relaxing)
 .debug_str     0x0004ebac      0x4de ./system/src/newlib/_sbrk.o
                               0x4493 (size before relaxing)
 .debug_str     0x0004f08a      0x271 ./system/src/newlib/_startup.o
                               0x406b (size before relaxing)
 .debug_str     0x0004f2fb     0x1181 ./system/src/newlib/_syscalls.o
                               0x649a (size before relaxing)
 .debug_str     0x0005047c       0xdf ./system/src/newlib/assert.o
                               0x682a (size before relaxing)
 .debug_str     0x0005055b      0x9bc ./system/src/diag/Trace.o
                               0x6642 (size before relaxing)
 .debug_str     0x00050f17      0x378 ./system/src/diag/trace_impl.o
                              0x4ce91 (size before relaxing)
 .debug_str     0x0005128f       0x4e ./system/src/cortexm/_initialize_hardware.o
                              0x49ff4 (size before relaxing)
 .debug_str     0x000512dd      0x109 ./system/src/cortexm/exception_handlers.o
                              0x4d8bf (size before relaxing)
 .debug_str     0x000513e6       0x67 ./system/src/cmsis/system_stm32f0xx.o
                              0x4a0a2 (size before relaxing)
 .debug_str     0x0005144d       0x56 ./system/src/cmsis/vectors_stm32f0xx.o
                               0x2f24 (size before relaxing)
 .debug_str     0x000514a3      0x12e ./src/BlinkLed.o
                              0x4a284 (size before relaxing)
 .debug_str     0x000515d1       0x4e ./src/LedPwm.o
                              0x4a3a9 (size before relaxing)
 .debug_str     0x0005161f      0x260 ./src/Timer.o
                              0x4a318 (size before relaxing)
 .debug_str     0x0005187f       0x90 ./src/main.o
                              0x4e2db (size before relaxing)

.debug_loc      0x00000000     0x462c
 *(.debug_loc)
 .debug_loc     0x00000000      0x51a ./system/src/stm32f0-stdperiph/stm32f0xx_gpio.o
 .debug_loc     0x0000051a      0xcac ./system/src/stm32f0-stdperiph/stm32f0xx_rcc.o
 .debug_loc     0x000011c6     0x2b7e ./system/src/stm32f0-stdperiph/stm32f0xx_tim.o
 .debug_loc     0x00003d44       0x7b ./system/src/newlib/_sbrk.o
 .debug_loc     0x00003dbf      0x265 ./system/src/newlib/_startup.o
 .debug_loc     0x00004024       0x63 ./system/src/newlib/_syscalls.o
 .debug_loc     0x00004087       0xf7 ./system/src/newlib/assert.o
 .debug_loc     0x0000417e       0xf7 ./system/src/diag/Trace.o
 .debug_loc     0x00004275      0x187 ./system/src/diag/trace_impl.o
 .debug_loc     0x000043fc       0x94 ./system/src/cortexm/exception_handlers.o
 .debug_loc     0x00004490       0xe2 ./system/src/cmsis/system_stm32f0xx.o
 .debug_loc     0x00004572       0x59 ./src/Timer.o
 .debug_loc     0x000045cb       0x61 ./src/main.o

.debug_macinfo
 *(.debug_macinfo)

.debug_weaknames
 *(.debug_weaknames)

.debug_funcnames
 *(.debug_funcnames)

.debug_typenames
 *(.debug_typenames)

.debug_varnames
 *(.debug_varnames)
OUTPUT(StepperServoDrive.elf elf32-littlearm)

.debug_ranges   0x00000000      0x6a0
 .debug_ranges  0x00000000       0x70 ./system/src/stm32f0-stdperiph/stm32f0xx_gpio.o
 .debug_ranges  0x00000070      0x150 ./system/src/stm32f0-stdperiph/stm32f0xx_rcc.o
 .debug_ranges  0x000001c0      0x2f0 ./system/src/stm32f0-stdperiph/stm32f0xx_tim.o
 .debug_ranges  0x000004b0       0x18 ./system/src/newlib/_exit.o
 .debug_ranges  0x000004c8       0x10 ./system/src/newlib/_sbrk.o
 .debug_ranges  0x000004d8       0x48 ./system/src/newlib/_startup.o
 .debug_ranges  0x00000520       0x20 ./system/src/newlib/_syscalls.o
 .debug_ranges  0x00000540       0x18 ./system/src/newlib/assert.o
 .debug_ranges  0x00000558       0x28 ./system/src/diag/Trace.o
 .debug_ranges  0x00000580       0x38 ./system/src/diag/trace_impl.o
 .debug_ranges  0x000005b8       0x18 ./system/src/cortexm/_initialize_hardware.o
 .debug_ranges  0x000005d0       0x48 ./system/src/cortexm/exception_handlers.o
 .debug_ranges  0x00000618       0x20 ./system/src/cmsis/system_stm32f0xx.o
 .debug_ranges  0x00000638       0x10 ./system/src/cmsis/vectors_stm32f0xx.o
 .debug_ranges  0x00000648       0x10 ./src/BlinkLed.o
 .debug_ranges  0x00000658       0x10 ./src/LedPwm.o
 .debug_ranges  0x00000668       0x28 ./src/Timer.o
 .debug_ranges  0x00000690       0x10 ./src/main.o

.debug_macro    0x00000000     0xeab3
 .debug_macro   0x00000000      0x165 ./system/src/stm32f0-stdperiph/stm32f0xx_gpio.o
 .debug_macro   0x00000165      0x84a ./system/src/stm32f0-stdperiph/stm32f0xx_gpio.o
 .debug_macro   0x000009af       0x7a ./system/src/stm32f0-stdperiph/stm32f0xx_gpio.o
 .debug_macro   0x00000a29      0x34e ./system/src/stm32f0-stdperiph/stm32f0xx_gpio.o
 .debug_macro   0x00000d77       0x35 ./system/src/stm32f0-stdperiph/stm32f0xx_gpio.o
 .debug_macro   0x00000dac       0x26 ./system/src/stm32f0-stdperiph/stm32f0xx_gpio.o
 .debug_macro   0x00000dd2      0x30d ./system/src/stm32f0-stdperiph/stm32f0xx_gpio.o
 .debug_macro   0x000010df     0x632a ./system/src/stm32f0-stdperiph/stm32f0xx_gpio.o
 .debug_macro   0x00007409      0x2eb ./system/src/stm32f0-stdperiph/stm32f0xx_gpio.o
 .debug_macro   0x000076f4      0x3cf ./system/src/stm32f0-stdperiph/stm32f0xx_gpio.o
 .debug_macro   0x00007ac3      0x191 ./system/src/stm32f0-stdperiph/stm32f0xx_gpio.o
 .debug_macro   0x00007c54       0x46 ./system/src/stm32f0-stdperiph/stm32f0xx_gpio.o
 .debug_macro   0x00007c9a       0xd9 ./system/src/stm32f0-stdperiph/stm32f0xx_gpio.o
 .debug_macro   0x00007d73       0xef ./system/src/stm32f0-stdperiph/stm32f0xx_gpio.o
 .debug_macro   0x00007e62      0x184 ./system/src/stm32f0-stdperiph/stm32f0xx_gpio.o
 .debug_macro   0x00007fe6       0x7c ./system/src/stm32f0-stdperiph/stm32f0xx_gpio.o
 .debug_macro   0x00008062      0x85b ./system/src/stm32f0-stdperiph/stm32f0xx_gpio.o
 .debug_macro   0x000088bd       0xd5 ./system/src/stm32f0-stdperiph/stm32f0xx_gpio.o
 .debug_macro   0x00008992      0x2b7 ./system/src/stm32f0-stdperiph/stm32f0xx_gpio.o
 .debug_macro   0x00008c49      0x471 ./system/src/stm32f0-stdperiph/stm32f0xx_gpio.o
 .debug_macro   0x000090ba      0x2a0 ./system/src/stm32f0-stdperiph/stm32f0xx_gpio.o
 .debug_macro   0x0000935a       0x70 ./system/src/stm32f0-stdperiph/stm32f0xx_gpio.o
 .debug_macro   0x000093ca       0xdf ./system/src/stm32f0-stdperiph/stm32f0xx_gpio.o
 .debug_macro   0x000094a9      0x561 ./system/src/stm32f0-stdperiph/stm32f0xx_gpio.o
 .debug_macro   0x00009a0a      0x4c5 ./system/src/stm32f0-stdperiph/stm32f0xx_gpio.o
 .debug_macro   0x00009ecf      0x396 ./system/src/stm32f0-stdperiph/stm32f0xx_gpio.o
 .debug_macro   0x0000a265      0x750 ./system/src/stm32f0-stdperiph/stm32f0xx_gpio.o
 .debug_macro   0x0000a9b5      0x356 ./system/src/stm32f0-stdperiph/stm32f0xx_gpio.o
 .debug_macro   0x0000ad0b       0x34 ./system/src/stm32f0-stdperiph/stm32f0xx_gpio.o
 .debug_macro   0x0000ad3f       0x3a ./system/src/stm32f0-stdperiph/stm32f0xx_gpio.o
 .debug_macro   0x0000ad79      0x17f ./system/src/stm32f0-stdperiph/stm32f0xx_gpio.o
 .debug_macro   0x0000aef8      0x183 ./system/src/stm32f0-stdperiph/stm32f0xx_rcc.o
 .debug_macro   0x0000b07b      0x185 ./system/src/stm32f0-stdperiph/stm32f0xx_rcc.o
 .debug_macro   0x0000b200      0x55b ./system/src/stm32f0-stdperiph/stm32f0xx_rcc.o
 .debug_macro   0x0000b75b      0x181 ./system/src/stm32f0-stdperiph/stm32f0xx_tim.o
 .debug_macro   0x0000b8dc      0x74a ./system/src/stm32f0-stdperiph/stm32f0xx_tim.o
 .debug_macro   0x0000c026      0x131 ./system/src/newlib/_exit.o
 .debug_macro   0x0000c157       0x9c ./system/src/newlib/_exit.o
 .debug_macro   0x0000c1f3      0x10e ./system/src/newlib/_exit.o
 .debug_macro   0x0000c301       0x86 ./system/src/newlib/_exit.o
 .debug_macro   0x0000c387       0x43 ./system/src/newlib/_exit.o
 .debug_macro   0x0000c3ca      0x27a ./system/src/newlib/_exit.o
 .debug_macro   0x0000c644       0x35 ./system/src/newlib/_exit.o
 .debug_macro   0x0000c679       0xda ./system/src/newlib/_sbrk.o
 .debug_macro   0x0000c753       0x19 ./system/src/newlib/_sbrk.o
 .debug_macro   0x0000c76c      0x16d ./system/src/newlib/_sbrk.o
 .debug_macro   0x0000c8d9       0x10 ./system/src/newlib/_sbrk.o
 .debug_macro   0x0000c8e9      0x23b ./system/src/newlib/_sbrk.o
 .debug_macro   0x0000cb24       0xe4 ./system/src/newlib/_startup.o
 .debug_macro   0x0000cc08      0x1ad ./system/src/newlib/_syscalls.o
 .debug_macro   0x0000cdb5       0x1c ./system/src/newlib/_syscalls.o
 .debug_macro   0x0000cdd1       0x10 ./system/src/newlib/_syscalls.o
 .debug_macro   0x0000cde1       0x10 ./system/src/newlib/_syscalls.o
 .debug_macro   0x0000cdf1       0x10 ./system/src/newlib/_syscalls.o
 .debug_macro   0x0000ce01       0x10 ./system/src/newlib/_syscalls.o
 .debug_macro   0x0000ce11       0x35 ./system/src/newlib/_syscalls.o
 .debug_macro   0x0000ce46      0x122 ./system/src/newlib/_syscalls.o
 .debug_macro   0x0000cf68       0x2e ./system/src/newlib/_syscalls.o
 .debug_macro   0x0000cf96       0x82 ./system/src/newlib/_syscalls.o
 .debug_macro   0x0000d018       0x2b ./system/src/newlib/_syscalls.o
 .debug_macro   0x0000d043      0x118 ./system/src/newlib/_syscalls.o
 .debug_macro   0x0000d15b      0x13e ./system/src/newlib/_syscalls.o
 .debug_macro   0x0000d299       0x16 ./system/src/newlib/_syscalls.o
 .debug_macro   0x0000d2af      0x14d ./system/src/newlib/assert.o
 .debug_macro   0x0000d3fc       0x1c ./system/src/newlib/assert.o
 .debug_macro   0x0000d418      0x15e ./system/src/diag/Trace.o
 .debug_macro   0x0000d576       0x16 ./system/src/diag/Trace.o
 .debug_macro   0x0000d58c       0x97 ./system/src/diag/Trace.o
 .debug_macro   0x0000d623       0xf6 ./system/src/diag/Trace.o
 .debug_macro   0x0000d719       0x10 ./system/src/diag/Trace.o
 .debug_macro   0x0000d729       0x16 ./system/src/diag/Trace.o
 .debug_macro   0x0000d73f      0x197 ./system/src/diag/Trace.o
 .debug_macro   0x0000d8d6       0x52 ./system/src/diag/Trace.o
 .debug_macro   0x0000d928       0x16 ./system/src/diag/Trace.o
 .debug_macro   0x0000d93e      0x258 ./system/src/diag/trace_impl.o
 .debug_macro   0x0000db96       0x10 ./system/src/diag/trace_impl.o
 .debug_macro   0x0000dba6       0xc8 ./system/src/diag/trace_impl.o
 .debug_macro   0x0000dc6e       0xbe ./system/src/diag/trace_impl.o
 .debug_macro   0x0000dd2c       0x22 ./system/src/diag/trace_impl.o
 .debug_macro   0x0000dd4e      0x165 ./system/src/cortexm/_initialize_hardware.o
 .debug_macro   0x0000deb3      0x28e ./system/src/cortexm/exception_handlers.o
 .debug_macro   0x0000e141       0x3b ./system/src/cortexm/exception_handlers.o
 .debug_macro   0x0000e17c       0x10 ./system/src/cortexm/exception_handlers.o
 .debug_macro   0x0000e18c      0x15b ./system/src/cmsis/system_stm32f0xx.o
 .debug_macro   0x0000e2e7       0x34 ./system/src/cmsis/vectors_stm32f0xx.o
 .debug_macro   0x0000e31b      0x16a ./src/BlinkLed.o
 .debug_macro   0x0000e485       0x28 ./src/BlinkLed.o
 .debug_macro   0x0000e4ad      0x15b ./src/LedPwm.o
 .debug_macro   0x0000e608      0x17e ./src/Timer.o
 .debug_macro   0x0000e786       0x10 ./src/Timer.o
 .debug_macro   0x0000e796      0x2ef ./src/main.o
 .debug_macro   0x0000ea85       0x2e ./src/main.o
