Archive member included because of file (symbol)

c:/toolsarm/gcc_arm/bin/../lib/gcc/arm-none-eabi/4.9.3/armv6-m\libgcc.a(_thumb1_case_uqi.o)
                              ./system/src/stm32f0-stdperiph/stm32f0xx_rcc.o (__gnu_thumb1_case_uqi)
c:/toolsarm/gcc_arm/bin/../lib/gcc/arm-none-eabi/4.9.3/armv6-m\libgcc.a(_udivsi3.o)
                              ./system/src/stm32f0-stdperiph/stm32f0xx_rcc.o (__aeabi_uidiv)
c:/toolsarm/gcc_arm/bin/../lib/gcc/arm-none-eabi/4.9.3/armv6-m\libgcc.a(_dvmd_tls.o)
                              c:/toolsarm/gcc_arm/bin/../lib/gcc/arm-none-eabi/4.9.3/armv6-m\libgcc.a(_udivsi3.o) (__aeabi_idiv0)
c:/toolsarm/gcc_arm/bin/../lib/gcc/arm-none-eabi/4.9.3/../../../../arm-none-eabi/lib/armv6-m\libg_nano.a(lib_a-errno.o)
                              ./system/src/newlib/_sbrk.o (__errno)
c:/toolsarm/gcc_arm/bin/../lib/gcc/arm-none-eabi/4.9.3/../../../../arm-none-eabi/lib/armv6-m\libg_nano.a(lib_a-impure.o)
                              c:/toolsarm/gcc_arm/bin/../lib/gcc/arm-none-eabi/4.9.3/../../../../arm-none-eabi/lib/armv6-m\libg_nano.a(lib_a-errno.o) (_impure_ptr)

Allocating common symbols
Common symbol       size              file

timer_delayCount    0x4               ./src/Timer.o
errno               0x4               ./system/src/newlib/_syscalls.o

Discarded input sections

 .text          0x00000000        0x0 ./system/src/stm32f0-stdperiph/stm32f0xx_adc.o
 .data          0x00000000        0x0 ./system/src/stm32f0-stdperiph/stm32f0xx_adc.o
 .bss           0x00000000        0x0 ./system/src/stm32f0-stdperiph/stm32f0xx_adc.o
 .text.ADC_ClockModeConfig
                0x00000000        0x4 ./system/src/stm32f0-stdperiph/stm32f0xx_adc.o
 .text.ADC_JitterCmd
                0x00000000       0x12 ./system/src/stm32f0-stdperiph/stm32f0xx_adc.o
 .text.ADC_AutoPowerOffCmd
                0x00000000       0x1c ./system/src/stm32f0-stdperiph/stm32f0xx_adc.o
 .text.ADC_WaitModeCmd
                0x00000000       0x1c ./system/src/stm32f0-stdperiph/stm32f0xx_adc.o
 .text.ADC_AnalogWatchdogCmd
                0x00000000       0x1c ./system/src/stm32f0-stdperiph/stm32f0xx_adc.o
 .text.ADC_AnalogWatchdogThresholdsConfig
                0x00000000        0x8 ./system/src/stm32f0-stdperiph/stm32f0xx_adc.o
 .text.ADC_AnalogWatchdogSingleChannelConfig
                0x00000000       0x10 ./system/src/stm32f0-stdperiph/stm32f0xx_adc.o
 .text.ADC_AnalogWatchdogSingleChannelCmd
                0x00000000       0x1c ./system/src/stm32f0-stdperiph/stm32f0xx_adc.o
 .text.ADC_TempSensorCmd
                0x00000000       0x24 ./system/src/stm32f0-stdperiph/stm32f0xx_adc.o
 .text.ADC_VrefintCmd
                0x00000000       0x24 ./system/src/stm32f0-stdperiph/stm32f0xx_adc.o
 .text.ADC_VbatCmd
                0x00000000       0x24 ./system/src/stm32f0-stdperiph/stm32f0xx_adc.o
 .text.ADC_ContinuousModeCmd
                0x00000000       0x1c ./system/src/stm32f0-stdperiph/stm32f0xx_adc.o
 .text.ADC_DiscModeCmd
                0x00000000       0x1c ./system/src/stm32f0-stdperiph/stm32f0xx_adc.o
 .text.ADC_OverrunModeCmd
                0x00000000       0x1c ./system/src/stm32f0-stdperiph/stm32f0xx_adc.o
 .text.ADC_StopOfConversion
                0x00000000        0xa ./system/src/stm32f0-stdperiph/stm32f0xx_adc.o
 .text.ADC_DMACmd
                0x00000000       0x12 ./system/src/stm32f0-stdperiph/stm32f0xx_adc.o
 .text.ADC_DMARequestModeConfig
                0x00000000       0x10 ./system/src/stm32f0-stdperiph/stm32f0xx_adc.o
 .text.ADC_ITConfig
                0x00000000       0x12 ./system/src/stm32f0-stdperiph/stm32f0xx_adc.o
 .text.ADC_ClearFlag
                0x00000000        0x4 ./system/src/stm32f0-stdperiph/stm32f0xx_adc.o
 .text.ADC_GetITStatus
                0x00000000       0x14 ./system/src/stm32f0-stdperiph/stm32f0xx_adc.o
 .text.ADC_ClearITPendingBit
                0x00000000        0x4 ./system/src/stm32f0-stdperiph/stm32f0xx_adc.o
 .text          0x00000000        0x0 ./system/src/stm32f0-stdperiph/stm32f0xx_gpio.o
 .data          0x00000000        0x0 ./system/src/stm32f0-stdperiph/stm32f0xx_gpio.o
 .bss           0x00000000        0x0 ./system/src/stm32f0-stdperiph/stm32f0xx_gpio.o
 .text.GPIO_DeInit
                0x00000000       0xa4 ./system/src/stm32f0-stdperiph/stm32f0xx_gpio.o
 .text.GPIO_StructInit
                0x00000000       0x18 ./system/src/stm32f0-stdperiph/stm32f0xx_gpio.o
 .text.GPIO_PinLockConfig
                0x00000000       0x24 ./system/src/stm32f0-stdperiph/stm32f0xx_gpio.o
 .text.GPIO_ReadInputDataBit
                0x00000000        0xc ./system/src/stm32f0-stdperiph/stm32f0xx_gpio.o
 .text.GPIO_ReadInputData
                0x00000000        0x6 ./system/src/stm32f0-stdperiph/stm32f0xx_gpio.o
 .text.GPIO_ReadOutputDataBit
                0x00000000        0xc ./system/src/stm32f0-stdperiph/stm32f0xx_gpio.o
 .text.GPIO_ReadOutputData
                0x00000000        0x6 ./system/src/stm32f0-stdperiph/stm32f0xx_gpio.o
 .text.GPIO_SetBits
                0x00000000        0x4 ./system/src/stm32f0-stdperiph/stm32f0xx_gpio.o
 .text.GPIO_WriteBit
                0x00000000        0xc ./system/src/stm32f0-stdperiph/stm32f0xx_gpio.o
 .text.GPIO_Write
                0x00000000        0x4 ./system/src/stm32f0-stdperiph/stm32f0xx_gpio.o
 .text          0x00000000        0x0 ./system/src/stm32f0-stdperiph/stm32f0xx_rcc.o
 .data          0x00000000        0x0 ./system/src/stm32f0-stdperiph/stm32f0xx_rcc.o
 .bss           0x00000000        0x0 ./system/src/stm32f0-stdperiph/stm32f0xx_rcc.o
 .text.RCC_DeInit
                0x00000000       0x60 ./system/src/stm32f0-stdperiph/stm32f0xx_rcc.o
 .text.RCC_HSEConfig
                0x00000000       0x10 ./system/src/stm32f0-stdperiph/stm32f0xx_rcc.o
 .text.RCC_AdjustHSICalibrationValue
                0x00000000       0x14 ./system/src/stm32f0-stdperiph/stm32f0xx_rcc.o
 .text.RCC_HSICmd
                0x00000000       0x18 ./system/src/stm32f0-stdperiph/stm32f0xx_rcc.o
 .text.RCC_AdjustHSI14CalibrationValue
                0x00000000       0x14 ./system/src/stm32f0-stdperiph/stm32f0xx_rcc.o
 .text.RCC_HSI14Cmd
                0x00000000       0x18 ./system/src/stm32f0-stdperiph/stm32f0xx_rcc.o
 .text.RCC_HSI14ADCRequestCmd
                0x00000000       0x18 ./system/src/stm32f0-stdperiph/stm32f0xx_rcc.o
 .text.RCC_LSEConfig
                0x00000000       0x20 ./system/src/stm32f0-stdperiph/stm32f0xx_rcc.o
 .text.RCC_LSEDriveConfig
                0x00000000       0x18 ./system/src/stm32f0-stdperiph/stm32f0xx_rcc.o
 .text.RCC_LSICmd
                0x00000000       0x18 ./system/src/stm32f0-stdperiph/stm32f0xx_rcc.o
 .text.RCC_PLLConfig
                0x00000000       0x20 ./system/src/stm32f0-stdperiph/stm32f0xx_rcc.o
 .text.RCC_PLLCmd
                0x00000000       0x24 ./system/src/stm32f0-stdperiph/stm32f0xx_rcc.o
 .text.RCC_HSI48Cmd
                0x00000000       0x24 ./system/src/stm32f0-stdperiph/stm32f0xx_rcc.o
 .text.RCC_PREDIV1Config
                0x00000000       0x14 ./system/src/stm32f0-stdperiph/stm32f0xx_rcc.o
 .text.RCC_ClockSecuritySystemCmd
                0x00000000       0x24 ./system/src/stm32f0-stdperiph/stm32f0xx_rcc.o
 .text.RCC_MCOConfig
                0x00000000       0x18 ./system/src/stm32f0-stdperiph/stm32f0xx_rcc.o
 .text.RCC_SYSCLKConfig
                0x00000000       0x14 ./system/src/stm32f0-stdperiph/stm32f0xx_rcc.o
 .text.RCC_GetSYSCLKSource
                0x00000000       0x10 ./system/src/stm32f0-stdperiph/stm32f0xx_rcc.o
 .text.RCC_HCLKConfig
                0x00000000       0x14 ./system/src/stm32f0-stdperiph/stm32f0xx_rcc.o
 .text.RCC_PCLKConfig
                0x00000000       0x18 ./system/src/stm32f0-stdperiph/stm32f0xx_rcc.o
 .text.RCC_ADCCLKConfig
                0x00000000       0x30 ./system/src/stm32f0-stdperiph/stm32f0xx_rcc.o
 .text.RCC_CECCLKConfig
                0x00000000       0x18 ./system/src/stm32f0-stdperiph/stm32f0xx_rcc.o
 .text.RCC_I2CCLKConfig
                0x00000000       0x18 ./system/src/stm32f0-stdperiph/stm32f0xx_rcc.o
 .text.RCC_USARTCLKConfig
                0x00000000       0x34 ./system/src/stm32f0-stdperiph/stm32f0xx_rcc.o
 .text.RCC_USBCLKConfig
                0x00000000       0x18 ./system/src/stm32f0-stdperiph/stm32f0xx_rcc.o
 .text.RCC_GetClocksFreq
                0x00000000      0x188 ./system/src/stm32f0-stdperiph/stm32f0xx_rcc.o
 .text.RCC_RTCCLKConfig
                0x00000000       0x10 ./system/src/stm32f0-stdperiph/stm32f0xx_rcc.o
 .text.RCC_RTCCLKCmd
                0x00000000       0x24 ./system/src/stm32f0-stdperiph/stm32f0xx_rcc.o
 .text.RCC_BackupResetCmd
                0x00000000       0x24 ./system/src/stm32f0-stdperiph/stm32f0xx_rcc.o
 .text.RCC_AHBPeriphResetCmd
                0x00000000       0x18 ./system/src/stm32f0-stdperiph/stm32f0xx_rcc.o
 .text.RCC_APB1PeriphResetCmd
                0x00000000       0x18 ./system/src/stm32f0-stdperiph/stm32f0xx_rcc.o
 .text.RCC_ITConfig
                0x00000000       0x18 ./system/src/stm32f0-stdperiph/stm32f0xx_rcc.o
 .text.RCC_GetFlagStatus
                0x00000000       0x2c ./system/src/stm32f0-stdperiph/stm32f0xx_rcc.o
 .text.RCC_WaitForHSEStartUp
                0x00000000       0x2e ./system/src/stm32f0-stdperiph/stm32f0xx_rcc.o
 .text.RCC_ClearFlag
                0x00000000       0x14 ./system/src/stm32f0-stdperiph/stm32f0xx_rcc.o
 .text.RCC_GetITStatus
                0x00000000       0x14 ./system/src/stm32f0-stdperiph/stm32f0xx_rcc.o
 .text.RCC_ClearITPendingBit
                0x00000000        0xc ./system/src/stm32f0-stdperiph/stm32f0xx_rcc.o
 .data.APBAHBPrescTable
                0x00000000       0x10 ./system/src/stm32f0-stdperiph/stm32f0xx_rcc.o
 .text          0x00000000        0x0 ./system/src/stm32f0-stdperiph/stm32f0xx_tim.o
 .data          0x00000000        0x0 ./system/src/stm32f0-stdperiph/stm32f0xx_tim.o
 .bss           0x00000000        0x0 ./system/src/stm32f0-stdperiph/stm32f0xx_tim.o
 .text.TI1_Config
                0x00000000       0x2a ./system/src/stm32f0-stdperiph/stm32f0xx_tim.o
 .text.TI2_Config
                0x00000000       0x38 ./system/src/stm32f0-stdperiph/stm32f0xx_tim.o
 .text.TIM_DeInit
                0x00000000       0xe8 ./system/src/stm32f0-stdperiph/stm32f0xx_tim.o
 .text.TIM_TimeBaseStructInit
                0x00000000       0x12 ./system/src/stm32f0-stdperiph/stm32f0xx_tim.o
 .text.TIM_CounterModeConfig
                0x00000000        0xc ./system/src/stm32f0-stdperiph/stm32f0xx_tim.o
 .text.TIM_SetCounter
                0x00000000        0x4 ./system/src/stm32f0-stdperiph/stm32f0xx_tim.o
 .text.TIM_SetAutoreload
                0x00000000        0x4 ./system/src/stm32f0-stdperiph/stm32f0xx_tim.o
 .text.TIM_GetCounter
                0x00000000        0x4 ./system/src/stm32f0-stdperiph/stm32f0xx_tim.o
 .text.TIM_GetPrescaler
                0x00000000        0x6 ./system/src/stm32f0-stdperiph/stm32f0xx_tim.o
 .text.TIM_UpdateDisableConfig
                0x00000000       0x12 ./system/src/stm32f0-stdperiph/stm32f0xx_tim.o
 .text.TIM_UpdateRequestConfig
                0x00000000       0x12 ./system/src/stm32f0-stdperiph/stm32f0xx_tim.o
 .text.TIM_SelectOnePulseMode
                0x00000000       0x10 ./system/src/stm32f0-stdperiph/stm32f0xx_tim.o
 .text.TIM_SetClockDivision
                0x00000000       0x14 ./system/src/stm32f0-stdperiph/stm32f0xx_tim.o
 .text.TIM_BDTRConfig
                0x00000000       0x20 ./system/src/stm32f0-stdperiph/stm32f0xx_tim.o
 .text.TIM_BDTRStructInit
                0x00000000       0x12 ./system/src/stm32f0-stdperiph/stm32f0xx_tim.o
 .text.TIM_CtrlPWMOutputs
                0x00000000       0x1a ./system/src/stm32f0-stdperiph/stm32f0xx_tim.o
 .text.TIM_OC2Init
                0x00000000       0x94 ./system/src/stm32f0-stdperiph/stm32f0xx_tim.o
 .text.TIM_OC3Init
                0x00000000       0x84 ./system/src/stm32f0-stdperiph/stm32f0xx_tim.o
 .text.TIM_OC4Init
                0x00000000       0x64 ./system/src/stm32f0-stdperiph/stm32f0xx_tim.o
 .text.TIM_OCStructInit
                0x00000000       0x14 ./system/src/stm32f0-stdperiph/stm32f0xx_tim.o
 .text.TIM_SelectOCxM
                0x00000000       0x4c ./system/src/stm32f0-stdperiph/stm32f0xx_tim.o
 .text.TIM_SetCompare1
                0x00000000        0x4 ./system/src/stm32f0-stdperiph/stm32f0xx_tim.o
 .text.TIM_SetCompare2
                0x00000000        0x4 ./system/src/stm32f0-stdperiph/stm32f0xx_tim.o
 .text.TIM_SetCompare3
                0x00000000        0x4 ./system/src/stm32f0-stdperiph/stm32f0xx_tim.o
 .text.TIM_SetCompare4
                0x00000000        0x4 ./system/src/stm32f0-stdperiph/stm32f0xx_tim.o
 .text.TIM_ForcedOC1Config
                0x00000000        0xc ./system/src/stm32f0-stdperiph/stm32f0xx_tim.o
 .text.TIM_ForcedOC2Config
                0x00000000       0x14 ./system/src/stm32f0-stdperiph/stm32f0xx_tim.o
 .text.TIM_ForcedOC3Config
                0x00000000        0xc ./system/src/stm32f0-stdperiph/stm32f0xx_tim.o
 .text.TIM_ForcedOC4Config
                0x00000000       0x14 ./system/src/stm32f0-stdperiph/stm32f0xx_tim.o
 .text.TIM_CCPreloadControl
                0x00000000       0x12 ./system/src/stm32f0-stdperiph/stm32f0xx_tim.o
 .text.TIM_OC2PreloadConfig
                0x00000000       0x14 ./system/src/stm32f0-stdperiph/stm32f0xx_tim.o
 .text.TIM_OC3PreloadConfig
                0x00000000        0xc ./system/src/stm32f0-stdperiph/stm32f0xx_tim.o
 .text.TIM_OC4PreloadConfig
                0x00000000       0x14 ./system/src/stm32f0-stdperiph/stm32f0xx_tim.o
 .text.TIM_OC1FastConfig
                0x00000000        0xc ./system/src/stm32f0-stdperiph/stm32f0xx_tim.o
 .text.TIM_OC2FastConfig
                0x00000000       0x14 ./system/src/stm32f0-stdperiph/stm32f0xx_tim.o
 .text.TIM_OC3FastConfig
                0x00000000        0xc ./system/src/stm32f0-stdperiph/stm32f0xx_tim.o
 .text.TIM_OC4FastConfig
                0x00000000       0x14 ./system/src/stm32f0-stdperiph/stm32f0xx_tim.o
 .text.TIM_ClearOC1Ref
                0x00000000        0xc ./system/src/stm32f0-stdperiph/stm32f0xx_tim.o
 .text.TIM_ClearOC2Ref
                0x00000000       0x10 ./system/src/stm32f0-stdperiph/stm32f0xx_tim.o
 .text.TIM_ClearOC3Ref
                0x00000000        0xc ./system/src/stm32f0-stdperiph/stm32f0xx_tim.o
 .text.TIM_ClearOC4Ref
                0x00000000       0x10 ./system/src/stm32f0-stdperiph/stm32f0xx_tim.o
 .text.TIM_OC1PolarityConfig
                0x00000000        0xc ./system/src/stm32f0-stdperiph/stm32f0xx_tim.o
 .text.TIM_OC1NPolarityConfig
                0x00000000        0xc ./system/src/stm32f0-stdperiph/stm32f0xx_tim.o
 .text.TIM_OC2PolarityConfig
                0x00000000       0x10 ./system/src/stm32f0-stdperiph/stm32f0xx_tim.o
 .text.TIM_OC2NPolarityConfig
                0x00000000       0x10 ./system/src/stm32f0-stdperiph/stm32f0xx_tim.o
 .text.TIM_OC3PolarityConfig
                0x00000000       0x14 ./system/src/stm32f0-stdperiph/stm32f0xx_tim.o
 .text.TIM_OC3NPolarityConfig
                0x00000000       0x14 ./system/src/stm32f0-stdperiph/stm32f0xx_tim.o
 .text.TIM_OC4PolarityConfig
                0x00000000       0x14 ./system/src/stm32f0-stdperiph/stm32f0xx_tim.o
 .text.TIM_SelectOCREFClear
                0x00000000       0x10 ./system/src/stm32f0-stdperiph/stm32f0xx_tim.o
 .text.TIM_CCxCmd
                0x00000000       0x18 ./system/src/stm32f0-stdperiph/stm32f0xx_tim.o
 .text.TIM_CCxNCmd
                0x00000000       0x18 ./system/src/stm32f0-stdperiph/stm32f0xx_tim.o
 .text.TIM_SelectCOM
                0x00000000       0x12 ./system/src/stm32f0-stdperiph/stm32f0xx_tim.o
 .text.TIM_ICStructInit
                0x00000000       0x10 ./system/src/stm32f0-stdperiph/stm32f0xx_tim.o
 .text.TIM_GetCapture1
                0x00000000        0x4 ./system/src/stm32f0-stdperiph/stm32f0xx_tim.o
 .text.TIM_GetCapture2
                0x00000000        0x4 ./system/src/stm32f0-stdperiph/stm32f0xx_tim.o
 .text.TIM_GetCapture3
                0x00000000        0x4 ./system/src/stm32f0-stdperiph/stm32f0xx_tim.o
 .text.TIM_GetCapture4
                0x00000000        0x4 ./system/src/stm32f0-stdperiph/stm32f0xx_tim.o
 .text.TIM_SetIC1Prescaler
                0x00000000       0x10 ./system/src/stm32f0-stdperiph/stm32f0xx_tim.o
 .text.TIM_SetIC2Prescaler
                0x00000000       0x18 ./system/src/stm32f0-stdperiph/stm32f0xx_tim.o
 .text.TIM_PWMIConfig
                0x00000000       0x68 ./system/src/stm32f0-stdperiph/stm32f0xx_tim.o
 .text.TIM_SetIC3Prescaler
                0x00000000       0x10 ./system/src/stm32f0-stdperiph/stm32f0xx_tim.o
 .text.TIM_SetIC4Prescaler
                0x00000000       0x18 ./system/src/stm32f0-stdperiph/stm32f0xx_tim.o
 .text.TIM_ICInit
                0x00000000       0xbc ./system/src/stm32f0-stdperiph/stm32f0xx_tim.o
 .text.TIM_ITConfig
                0x00000000       0x12 ./system/src/stm32f0-stdperiph/stm32f0xx_tim.o
 .text.TIM_GenerateEvent
                0x00000000        0x4 ./system/src/stm32f0-stdperiph/stm32f0xx_tim.o
 .text.TIM_GetFlagStatus
                0x00000000        0xc ./system/src/stm32f0-stdperiph/stm32f0xx_tim.o
 .text.TIM_ClearFlag
                0x00000000        0x8 ./system/src/stm32f0-stdperiph/stm32f0xx_tim.o
 .text.TIM_GetITStatus
                0x00000000       0x16 ./system/src/stm32f0-stdperiph/stm32f0xx_tim.o
 .text.TIM_ClearITPendingBit
                0x00000000        0x8 ./system/src/stm32f0-stdperiph/stm32f0xx_tim.o
 .text.TIM_DMAConfig
                0x00000000        0x8 ./system/src/stm32f0-stdperiph/stm32f0xx_tim.o
 .text.TIM_DMACmd
                0x00000000       0x12 ./system/src/stm32f0-stdperiph/stm32f0xx_tim.o
 .text.TIM_SelectCCDMA
                0x00000000       0x12 ./system/src/stm32f0-stdperiph/stm32f0xx_tim.o
 .text.TIM_InternalClockConfig
                0x00000000        0xa ./system/src/stm32f0-stdperiph/stm32f0xx_tim.o
 .text.TIM_ITRxExternalClockConfig
                0x00000000       0x14 ./system/src/stm32f0-stdperiph/stm32f0xx_tim.o
 .text.TIM_TIxExternalClockConfig
                0x00000000       0x2c ./system/src/stm32f0-stdperiph/stm32f0xx_tim.o
 .text.TIM_SelectInputTrigger
                0x00000000        0xc ./system/src/stm32f0-stdperiph/stm32f0xx_tim.o
 .text.TIM_SelectOutputTrigger
                0x00000000       0x10 ./system/src/stm32f0-stdperiph/stm32f0xx_tim.o
 .text.TIM_SelectSlaveMode
                0x00000000       0x10 ./system/src/stm32f0-stdperiph/stm32f0xx_tim.o
 .text.TIM_SelectMasterSlaveMode
                0x00000000       0x10 ./system/src/stm32f0-stdperiph/stm32f0xx_tim.o
 .text.TIM_ETRConfig
                0x00000000       0x14 ./system/src/stm32f0-stdperiph/stm32f0xx_tim.o
 .text.TIM_ETRClockMode1Config
                0x00000000       0x14 ./system/src/stm32f0-stdperiph/stm32f0xx_tim.o
 .text.TIM_ETRClockMode2Config
                0x00000000       0x14 ./system/src/stm32f0-stdperiph/stm32f0xx_tim.o
 .text.TIM_EncoderInterfaceConfig
                0x00000000       0x30 ./system/src/stm32f0-stdperiph/stm32f0xx_tim.o
 .text.TIM_SelectHallSensor
                0x00000000       0x12 ./system/src/stm32f0-stdperiph/stm32f0xx_tim.o
 .text.TIM_RemapConfig
                0x00000000        0x6 ./system/src/stm32f0-stdperiph/stm32f0xx_tim.o
 .text          0x00000000        0x0 ./system/src/newlib/_cxx.o
 .data          0x00000000        0x0 ./system/src/newlib/_cxx.o
 .bss           0x00000000        0x0 ./system/src/newlib/_cxx.o
 .text._ZN9__gnu_cxx27__verbose_terminate_handlerEv
                0x00000000        0x6 ./system/src/newlib/_cxx.o
 .text.__cxa_pure_virtual
                0x00000000        0x6 ./system/src/newlib/_cxx.o
 .debug_info    0x00000000      0x593 ./system/src/newlib/_cxx.o
 .debug_abbrev  0x00000000      0x1a4 ./system/src/newlib/_cxx.o
 .debug_aranges
                0x00000000       0x28 ./system/src/newlib/_cxx.o
 .debug_ranges  0x00000000       0x18 ./system/src/newlib/_cxx.o
 .debug_line    0x00000000      0x147 ./system/src/newlib/_cxx.o
 .debug_str     0x00000000      0x37d ./system/src/newlib/_cxx.o
 .comment       0x00000000       0x71 ./system/src/newlib/_cxx.o
 .debug_frame   0x00000000       0x40 ./system/src/newlib/_cxx.o
 .ARM.attributes
                0x00000000       0x31 ./system/src/newlib/_cxx.o
 .text          0x00000000        0x0 ./system/src/newlib/_exit.o
 .data          0x00000000        0x0 ./system/src/newlib/_exit.o
 .bss           0x00000000        0x0 ./system/src/newlib/_exit.o
 .text.abort    0x00000000        0x8 ./system/src/newlib/_exit.o
 .text          0x00000000        0x0 ./system/src/newlib/_sbrk.o
 .data          0x00000000        0x0 ./system/src/newlib/_sbrk.o
 .bss           0x00000000        0x0 ./system/src/newlib/_sbrk.o
 .text._sbrk    0x00000000       0x40 ./system/src/newlib/_sbrk.o
 .bss.current_heap_end.3862
                0x00000000        0x4 ./system/src/newlib/_sbrk.o
 .debug_info    0x00000000      0x121 ./system/src/newlib/_sbrk.o
 .debug_abbrev  0x00000000       0xb8 ./system/src/newlib/_sbrk.o
 .debug_loc     0x00000000       0x5f ./system/src/newlib/_sbrk.o
 .debug_aranges
                0x00000000       0x20 ./system/src/newlib/_sbrk.o
 .debug_ranges  0x00000000       0x10 ./system/src/newlib/_sbrk.o
 .debug_line    0x00000000       0xa8 ./system/src/newlib/_sbrk.o
 .debug_str     0x00000000      0x202 ./system/src/newlib/_sbrk.o
 .comment       0x00000000       0x71 ./system/src/newlib/_sbrk.o
 .debug_frame   0x00000000       0x28 ./system/src/newlib/_sbrk.o
 .ARM.attributes
                0x00000000       0x31 ./system/src/newlib/_sbrk.o
 .text          0x00000000        0x0 ./system/src/newlib/_startup.o
 .data          0x00000000        0x0 ./system/src/newlib/_startup.o
 .bss           0x00000000        0x0 ./system/src/newlib/_startup.o
 .text.__initialize_data
                0x00000000        0xc ./system/src/newlib/_startup.o
 .text.__initialize_bss
                0x00000000        0xc ./system/src/newlib/_startup.o
 .text.__run_init_array
                0x00000000       0x48 ./system/src/newlib/_startup.o
 .text.__run_fini_array
                0x00000000       0x24 ./system/src/newlib/_startup.o
 .text          0x00000000        0x0 ./system/src/newlib/_syscalls.o
 .data          0x00000000        0x0 ./system/src/newlib/_syscalls.o
 .bss           0x00000000        0x0 ./system/src/newlib/_syscalls.o
 .text.raise    0x00000000       0x10 ./system/src/newlib/_syscalls.o
 .text.kill     0x00000000       0x10 ./system/src/newlib/_syscalls.o
 .bss.__dso_handle
                0x00000000        0x4 ./system/src/newlib/_syscalls.o
 COMMON         0x00000000        0x4 ./system/src/newlib/_syscalls.o
 .text          0x00000000        0x0 ./system/src/newlib/assert.o
 .data          0x00000000        0x0 ./system/src/newlib/assert.o
 .bss           0x00000000        0x0 ./system/src/newlib/assert.o
 .text.__assert_func
                0x00000000        0x6 ./system/src/newlib/assert.o
 .debug_info    0x00000000      0x10b ./system/src/newlib/assert.o
 .debug_abbrev  0x00000000       0xa6 ./system/src/newlib/assert.o
 .debug_loc     0x00000000       0x84 ./system/src/newlib/assert.o
 .debug_aranges
                0x00000000       0x20 ./system/src/newlib/assert.o
 .debug_ranges  0x00000000       0x10 ./system/src/newlib/assert.o
 .debug_line    0x00000000       0xb2 ./system/src/newlib/assert.o
 .debug_str     0x00000000      0x1eb ./system/src/newlib/assert.o
 .comment       0x00000000       0x71 ./system/src/newlib/assert.o
 .debug_frame   0x00000000       0x28 ./system/src/newlib/assert.o
 .ARM.attributes
                0x00000000       0x31 ./system/src/newlib/assert.o
 .text          0x00000000        0x0 ./system/src/diag/Trace.o
 .data          0x00000000        0x0 ./system/src/diag/Trace.o
 .bss           0x00000000        0x0 ./system/src/diag/Trace.o
 .debug_line    0x00000000        0x0 ./system/src/diag/Trace.o
 .debug_str     0x00000000      0x108 ./system/src/diag/Trace.o
 .comment       0x00000000       0x71 ./system/src/diag/Trace.o
 .ARM.attributes
                0x00000000       0x31 ./system/src/diag/Trace.o
 .text          0x00000000        0x0 ./system/src/diag/trace_impl.o
 .data          0x00000000        0x0 ./system/src/diag/trace_impl.o
 .bss           0x00000000        0x0 ./system/src/diag/trace_impl.o
 .debug_line    0x00000000        0x0 ./system/src/diag/trace_impl.o
 .debug_str     0x00000000      0x10d ./system/src/diag/trace_impl.o
 .comment       0x00000000       0x71 ./system/src/diag/trace_impl.o
 .ARM.attributes
                0x00000000       0x31 ./system/src/diag/trace_impl.o
 .text          0x00000000        0x0 ./system/src/cortexm/_initialize_hardware.o
 .data          0x00000000        0x0 ./system/src/cortexm/_initialize_hardware.o
 .bss           0x00000000        0x0 ./system/src/cortexm/_initialize_hardware.o
 .text          0x00000000        0x0 ./system/src/cortexm/_reset_hardware.o
 .data          0x00000000        0x0 ./system/src/cortexm/_reset_hardware.o
 .bss           0x00000000        0x0 ./system/src/cortexm/_reset_hardware.o
 .text          0x00000000        0x0 ./system/src/cortexm/exception_handlers.o
 .data          0x00000000        0x0 ./system/src/cortexm/exception_handlers.o
 .bss           0x00000000        0x0 ./system/src/cortexm/exception_handlers.o
 .text          0x00000000        0x0 ./system/src/cmsis/system_stm32f0xx.o
 .data          0x00000000        0x0 ./system/src/cmsis/system_stm32f0xx.o
 .bss           0x00000000        0x0 ./system/src/cmsis/system_stm32f0xx.o
 .text          0x00000000        0x0 ./system/src/cmsis/vectors_stm32f0xx.o
 .data          0x00000000        0x0 ./system/src/cmsis/vectors_stm32f0xx.o
 .bss           0x00000000        0x0 ./system/src/cmsis/vectors_stm32f0xx.o
 .text          0x00000000        0x0 ./src/BlinkLed.o
 .data          0x00000000        0x0 ./src/BlinkLed.o
 .bss           0x00000000        0x0 ./src/BlinkLed.o
 .text          0x00000000        0x0 ./src/Joystick.o
 .data          0x00000000        0x0 ./src/Joystick.o
 .bss           0x00000000        0x0 ./src/Joystick.o
 .text          0x00000000        0x0 ./src/LedPwm.o
 .data          0x00000000        0x0 ./src/LedPwm.o
 .bss           0x00000000        0x0 ./src/LedPwm.o
 .text          0x00000000        0x0 ./src/Timer.o
 .data          0x00000000        0x0 ./src/Timer.o
 .bss           0x00000000        0x0 ./src/Timer.o
 .text          0x00000000        0x0 ./src/_write.o
 .data          0x00000000        0x0 ./src/_write.o
 .bss           0x00000000        0x0 ./src/_write.o
 .debug_line    0x00000000        0x0 ./src/_write.o
 .debug_str     0x00000000       0xfd ./src/_write.o
 .comment       0x00000000       0x71 ./src/_write.o
 .ARM.attributes
                0x00000000       0x31 ./src/_write.o
 .text          0x00000000        0x0 ./src/main.o
 .data          0x00000000        0x0 ./src/main.o
 .bss           0x00000000        0x0 ./src/main.o
 .text          0x00000000       0x14 c:/toolsarm/gcc_arm/bin/../lib/gcc/arm-none-eabi/4.9.3/armv6-m\libgcc.a(_thumb1_case_uqi.o)
 .data          0x00000000        0x0 c:/toolsarm/gcc_arm/bin/../lib/gcc/arm-none-eabi/4.9.3/armv6-m\libgcc.a(_thumb1_case_uqi.o)
 .bss           0x00000000        0x0 c:/toolsarm/gcc_arm/bin/../lib/gcc/arm-none-eabi/4.9.3/armv6-m\libgcc.a(_thumb1_case_uqi.o)
 .ARM.attributes
                0x00000000       0x1e c:/toolsarm/gcc_arm/bin/../lib/gcc/arm-none-eabi/4.9.3/armv6-m\libgcc.a(_thumb1_case_uqi.o)
 .data          0x00000000        0x0 c:/toolsarm/gcc_arm/bin/../lib/gcc/arm-none-eabi/4.9.3/armv6-m\libgcc.a(_udivsi3.o)
 .bss           0x00000000        0x0 c:/toolsarm/gcc_arm/bin/../lib/gcc/arm-none-eabi/4.9.3/armv6-m\libgcc.a(_udivsi3.o)
 .data          0x00000000        0x0 c:/toolsarm/gcc_arm/bin/../lib/gcc/arm-none-eabi/4.9.3/armv6-m\libgcc.a(_dvmd_tls.o)
 .bss           0x00000000        0x0 c:/toolsarm/gcc_arm/bin/../lib/gcc/arm-none-eabi/4.9.3/armv6-m\libgcc.a(_dvmd_tls.o)
 .text          0x00000000        0x0 c:/toolsarm/gcc_arm/bin/../lib/gcc/arm-none-eabi/4.9.3/../../../../arm-none-eabi/lib/armv6-m\libg_nano.a(lib_a-errno.o)
 .data          0x00000000        0x0 c:/toolsarm/gcc_arm/bin/../lib/gcc/arm-none-eabi/4.9.3/../../../../arm-none-eabi/lib/armv6-m\libg_nano.a(lib_a-errno.o)
 .bss           0x00000000        0x0 c:/toolsarm/gcc_arm/bin/../lib/gcc/arm-none-eabi/4.9.3/../../../../arm-none-eabi/lib/armv6-m\libg_nano.a(lib_a-errno.o)
 .text.__errno  0x00000000        0xc c:/toolsarm/gcc_arm/bin/../lib/gcc/arm-none-eabi/4.9.3/../../../../arm-none-eabi/lib/armv6-m\libg_nano.a(lib_a-errno.o)
 .debug_frame   0x00000000       0x20 c:/toolsarm/gcc_arm/bin/../lib/gcc/arm-none-eabi/4.9.3/../../../../arm-none-eabi/lib/armv6-m\libg_nano.a(lib_a-errno.o)
 .ARM.attributes
                0x00000000       0x2c c:/toolsarm/gcc_arm/bin/../lib/gcc/arm-none-eabi/4.9.3/../../../../arm-none-eabi/lib/armv6-m\libg_nano.a(lib_a-errno.o)
 .text          0x00000000        0x0 c:/toolsarm/gcc_arm/bin/../lib/gcc/arm-none-eabi/4.9.3/../../../../arm-none-eabi/lib/armv6-m\libg_nano.a(lib_a-impure.o)
 .data          0x00000000        0x0 c:/toolsarm/gcc_arm/bin/../lib/gcc/arm-none-eabi/4.9.3/../../../../arm-none-eabi/lib/armv6-m\libg_nano.a(lib_a-impure.o)
 .bss           0x00000000        0x0 c:/toolsarm/gcc_arm/bin/../lib/gcc/arm-none-eabi/4.9.3/../../../../arm-none-eabi/lib/armv6-m\libg_nano.a(lib_a-impure.o)
 .data.impure_data
                0x00000000       0x60 c:/toolsarm/gcc_arm/bin/../lib/gcc/arm-none-eabi/4.9.3/../../../../arm-none-eabi/lib/armv6-m\libg_nano.a(lib_a-impure.o)
 .data._impure_ptr
                0x00000000        0x4 c:/toolsarm/gcc_arm/bin/../lib/gcc/arm-none-eabi/4.9.3/../../../../arm-none-eabi/lib/armv6-m\libg_nano.a(lib_a-impure.o)
 .rodata.str1.1
                0x00000000        0x2 c:/toolsarm/gcc_arm/bin/../lib/gcc/arm-none-eabi/4.9.3/../../../../arm-none-eabi/lib/armv6-m\libg_nano.a(lib_a-impure.o)
 .rodata._global_impure_ptr
                0x00000000        0x4 c:/toolsarm/gcc_arm/bin/../lib/gcc/arm-none-eabi/4.9.3/../../../../arm-none-eabi/lib/armv6-m\libg_nano.a(lib_a-impure.o)
 .ARM.attributes
                0x00000000       0x2c c:/toolsarm/gcc_arm/bin/../lib/gcc/arm-none-eabi/4.9.3/../../../../arm-none-eabi/lib/armv6-m\libg_nano.a(lib_a-impure.o)

Memory Configuration

Name             Origin             Length             Attributes
RAM              0x20000000         0x00004000         xrw
CCMRAM           0x00000000         0x00000000         xrw
FLASH            0x08000000         0x00010000         xr
FLASHB1          0x00000000         0x00000000         xr
EXTMEMB0         0x00000000         0x00000000         xr
EXTMEMB1         0x00000000         0x00000000         xr
EXTMEMB2         0x00000000         0x00000000         xr
EXTMEMB3         0x00000000         0x00000000         xr
MEMORY_ARRAY     0x00000000         0x00000000         xrw
*default*        0x00000000         0xffffffff

Linker script and memory map

LOAD ./system/src/stm32f0-stdperiph/stm32f0xx_adc.o
LOAD ./system/src/stm32f0-stdperiph/stm32f0xx_gpio.o
LOAD ./system/src/stm32f0-stdperiph/stm32f0xx_rcc.o
LOAD ./system/src/stm32f0-stdperiph/stm32f0xx_tim.o
LOAD ./system/src/newlib/_cxx.o
LOAD ./system/src/newlib/_exit.o
LOAD ./system/src/newlib/_sbrk.o
LOAD ./system/src/newlib/_startup.o
LOAD ./system/src/newlib/_syscalls.o
LOAD ./system/src/newlib/assert.o
LOAD ./system/src/diag/Trace.o
LOAD ./system/src/diag/trace_impl.o
LOAD ./system/src/cortexm/_initialize_hardware.o
LOAD ./system/src/cortexm/_reset_hardware.o
LOAD ./system/src/cortexm/exception_handlers.o
LOAD ./system/src/cmsis/system_stm32f0xx.o
LOAD ./system/src/cmsis/vectors_stm32f0xx.o
LOAD ./src/BlinkLed.o
LOAD ./src/Joystick.o
LOAD ./src/LedPwm.o
LOAD ./src/Timer.o
LOAD ./src/_write.o
LOAD ./src/main.o
LOAD c:/toolsarm/gcc_arm/bin/../lib/gcc/arm-none-eabi/4.9.3/../../../../arm-none-eabi/lib/armv6-m\libstdc++_nano.a
LOAD c:/toolsarm/gcc_arm/bin/../lib/gcc/arm-none-eabi/4.9.3/../../../../arm-none-eabi/lib/armv6-m\libm.a
START GROUP
LOAD c:/toolsarm/gcc_arm/bin/../lib/gcc/arm-none-eabi/4.9.3/armv6-m\libgcc.a
LOAD c:/toolsarm/gcc_arm/bin/../lib/gcc/arm-none-eabi/4.9.3/../../../../arm-none-eabi/lib/armv6-m\libg_nano.a
LOAD c:/toolsarm/gcc_arm/bin/../lib/gcc/arm-none-eabi/4.9.3/../../../../arm-none-eabi/lib/armv6-m\libc_nano.a
END GROUP
START GROUP
LOAD c:/toolsarm/gcc_arm/bin/../lib/gcc/arm-none-eabi/4.9.3/armv6-m\libgcc.a
LOAD c:/toolsarm/gcc_arm/bin/../lib/gcc/arm-none-eabi/4.9.3/../../../../arm-none-eabi/lib/armv6-m\libc_nano.a
END GROUP
                0x20004000                __stack = (ORIGIN (RAM) + 0x4000)
                0x20004000                _estack = __stack
                0x00000400                __Main_Stack_Size = 0x400
                0x00000400                PROVIDE (_Main_Stack_Size, __Main_Stack_Size)
                0x20003c00                __Main_Stack_Limit = (__stack - __Main_Stack_Size)
                0x20003c00                PROVIDE (_Main_Stack_Limit, __Main_Stack_Limit)
                0x00000100                _Minimum_Stack_Size = 0x100
                0x20000024                PROVIDE (_Heap_Begin, _end_noinit)
                0x20003c00                PROVIDE (_Heap_Limit, (__stack - __Main_Stack_Size))

.isr_vector     0x08000000      0x1b6
 FILL mask 0xff
                0x08000000                __vectors_start = ABSOLUTE (.)
                0x08000000                __vectors_start__ = ABSOLUTE (.)
 *(.isr_vector)
 .isr_vector    0x08000000       0xc4 ./system/src/cmsis/vectors_stm32f0xx.o
                0x08000000                g_pfnVectors
 *(.cfmconfig)
 *(.after_vectors .after_vectors.*)
 .after_vectors
                0x080000c4       0xc0 ./system/src/newlib/_startup.o
                0x080000c4                _start
 .after_vectors
                0x08000184       0x30 ./system/src/cortexm/exception_handlers.o
                0x08000184                Reset_Handler
                0x08000188                NMI_Handler
                0x0800018a                HardFault_Handler
                0x080001a2                HardFault_Handler_C
                0x080001a4                SVC_Handler
                0x080001a6                PendSV_Handler
 .after_vectors
                0x080001b4        0x2 ./system/src/cmsis/vectors_stm32f0xx.o
                0x080001b4                TIM1_CC_IRQHandler
                0x080001b4                TSC_IRQHandler
                0x080001b4                ADC1_COMP_IRQHandler
                0x080001b4                TIM6_IRQHandler
                0x080001b4                PVD_IRQHandler
                0x080001b4                I2C1_IRQHandler
                0x080001b4                RCC_CRS_IRQHandler
                0x080001b4                SPI1_IRQHandler
                0x080001b4                TIM6_DAC_IRQHandler
                0x080001b4                USART3_4_IRQHandler
                0x080001b4                EXTI2_3_IRQHandler
                0x080001b4                ADC1_IRQHandler
                0x080001b4                I2C2_IRQHandler
                0x080001b4                USART3_6_IRQHandler
                0x080001b4                TIM17_IRQHandler
                0x080001b4                CEC_CAN_IRQHandler
                0x080001b4                RTC_IRQHandler
                0x080001b4                PVD_VDDIO2_IRQHandler
                0x080001b4                DMA1_Channel4_5_6_7_IRQHandler
                0x080001b4                TIM16_IRQHandler
                0x080001b4                TIM3_IRQHandler
                0x080001b4                EXTI4_15_IRQHandler
                0x080001b4                RCC_IRQHandler
                0x080001b4                USART3_8_IRQHandler
                0x080001b4                DMA1_Channel1_IRQHandler
                0x080001b4                Default_Handler
                0x080001b4                CEC_IRQHandler
                0x080001b4                TIM14_IRQHandler
                0x080001b4                DMA1_Channel4_5_IRQHandler
                0x080001b4                TIM7_IRQHandler
                0x080001b4                TIM15_IRQHandler
                0x080001b4                EXTI0_1_IRQHandler
                0x080001b4                USB_IRQHandler
                0x080001b4                DMA1_Ch2_3_DMA2_Ch1_2_IRQHandler
                0x080001b4                SPI2_IRQHandler
                0x080001b4                DMA1_Ch4_7_DMA2_Ch3_5_IRQHandler
                0x080001b4                TS_IRQHandler
                0x080001b4                WWDG_IRQHandler
                0x080001b4                TIM2_IRQHandler
                0x080001b4                DMA1_Channel2_3_IRQHandler
                0x080001b4                USART2_IRQHandler
                0x080001b4                VDDIO2_IRQHandler
                0x080001b4                FLASH_IRQHandler
                0x080001b4                USART1_IRQHandler
                0x080001b4                TIM1_BRK_UP_TRG_COM_IRQHandler

.inits          0x080001b8       0x28
                0x080001b8                __data_regions_array_start = .
                0x080001b8        0x4 LONG 0x80009f4 LOADADDR (.data)
                0x080001bc        0x4 LONG 0x20000000 ADDR (.data)
                0x080001c0        0x4 LONG 0x2000001c (ADDR (.data) + SIZEOF (.data))
                0x080001c4        0x4 LONG 0x80009f4 LOADADDR (.data_CCMRAM)
                0x080001c8        0x4 LONG 0x0 ADDR (.data_CCMRAM)
                0x080001cc        0x4 LONG 0x0 (ADDR (.data_CCMRAM) + SIZEOF (.data_CCMRAM))
                0x080001d0                __data_regions_array_end = .
                0x080001d0                __bss_regions_array_start = .
                0x080001d0        0x4 LONG 0x2000001c ADDR (.bss)
                0x080001d4        0x4 LONG 0x20000024 (ADDR (.bss) + SIZEOF (.bss))
                0x080001d8        0x4 LONG 0x0 ADDR (.bss_CCMRAM)
                0x080001dc        0x4 LONG 0x0 (ADDR (.bss_CCMRAM) + SIZEOF (.bss_CCMRAM))
                0x080001e0                __bss_regions_array_end = .
 *(.init)
 *(.fini)
                0x080001e0                . = ALIGN (0x4)
                0x080001e0                PROVIDE (__preinit_array_start, .)
 *(.preinit_array_sysinit .preinit_array_sysinit.*)
 *(.preinit_array_platform .preinit_array_platform.*)
 *(.preinit_array .preinit_array.*)
                0x080001e0                PROVIDE (__preinit_array_end, .)
                0x080001e0                . = ALIGN (0x4)
                0x080001e0                PROVIDE (__init_array_start, .)
 *(SORT(.init_array.*))
 *(.init_array)
                0x080001e0                PROVIDE (__init_array_end, .)
                0x080001e0                . = ALIGN (0x4)
                0x080001e0                PROVIDE (__fini_array_start, .)
 *(SORT(.fini_array.*))
 *(.fini_array)
                0x080001e0                PROVIDE (__fini_array_end, .)

.flashtext
 *(.flashtext .flashtext.*)

.text           0x080001e0      0x814
 *(.text .text.*)
 .text.ADC_DeInit
                0x080001e0       0x24 ./system/src/stm32f0-stdperiph/stm32f0xx_adc.o
                0x080001e0                ADC_DeInit
 .text.ADC_Init
                0x08000204       0x2c ./system/src/stm32f0-stdperiph/stm32f0xx_adc.o
                0x08000204                ADC_Init
 .text.ADC_StructInit
                0x08000230       0x10 ./system/src/stm32f0-stdperiph/stm32f0xx_adc.o
                0x08000230                ADC_StructInit
 .text.ADC_Cmd  0x08000240       0x10 ./system/src/stm32f0-stdperiph/stm32f0xx_adc.o
                0x08000240                ADC_Cmd
 .text.ADC_ChannelConfig
                0x08000250        0xa ./system/src/stm32f0-stdperiph/stm32f0xx_adc.o
                0x08000250                ADC_ChannelConfig
 .text.ADC_GetCalibrationFactor
                0x0800025a       0x2c ./system/src/stm32f0-stdperiph/stm32f0xx_adc.o
                0x0800025a                ADC_GetCalibrationFactor
 .text.ADC_StartOfConversion
                0x08000286        0xa ./system/src/stm32f0-stdperiph/stm32f0xx_adc.o
                0x08000286                ADC_StartOfConversion
 .text.ADC_GetConversionValue
                0x08000290        0x6 ./system/src/stm32f0-stdperiph/stm32f0xx_adc.o
                0x08000290                ADC_GetConversionValue
 *fill*         0x08000296        0x2 
 .text.ADC_GetFlagStatus
                0x08000298       0x1c ./system/src/stm32f0-stdperiph/stm32f0xx_adc.o
                0x08000298                ADC_GetFlagStatus
 .text.GPIO_Init
                0x080002b4       0x78 ./system/src/stm32f0-stdperiph/stm32f0xx_gpio.o
                0x080002b4                GPIO_Init
 .text.GPIO_ResetBits
                0x0800032c        0x4 ./system/src/stm32f0-stdperiph/stm32f0xx_gpio.o
                0x0800032c                GPIO_ResetBits
 .text.GPIO_PinAFConfig
                0x08000330       0x24 ./system/src/stm32f0-stdperiph/stm32f0xx_gpio.o
                0x08000330                GPIO_PinAFConfig
 .text.RCC_AHBPeriphClockCmd
                0x08000354       0x18 ./system/src/stm32f0-stdperiph/stm32f0xx_rcc.o
                0x08000354                RCC_AHBPeriphClockCmd
 .text.RCC_APB2PeriphClockCmd
                0x0800036c       0x18 ./system/src/stm32f0-stdperiph/stm32f0xx_rcc.o
                0x0800036c                RCC_APB2PeriphClockCmd
 .text.RCC_APB1PeriphClockCmd
                0x08000384       0x18 ./system/src/stm32f0-stdperiph/stm32f0xx_rcc.o
                0x08000384                RCC_APB1PeriphClockCmd
 .text.RCC_APB2PeriphResetCmd
                0x0800039c       0x18 ./system/src/stm32f0-stdperiph/stm32f0xx_rcc.o
                0x0800039c                RCC_APB2PeriphResetCmd
 .text.TIM_TimeBaseInit
                0x080003b4       0x78 ./system/src/stm32f0-stdperiph/stm32f0xx_tim.o
                0x080003b4                TIM_TimeBaseInit
 .text.TIM_PrescalerConfig
                0x0800042c        0x6 ./system/src/stm32f0-stdperiph/stm32f0xx_tim.o
                0x0800042c                TIM_PrescalerConfig
 .text.TIM_ARRPreloadConfig
                0x08000432       0x12 ./system/src/stm32f0-stdperiph/stm32f0xx_tim.o
                0x08000432                TIM_ARRPreloadConfig
 .text.TIM_Cmd  0x08000444       0x12 ./system/src/stm32f0-stdperiph/stm32f0xx_tim.o
                0x08000444                TIM_Cmd
 *fill*         0x08000456        0x2 
 .text.TIM_OC1Init
                0x08000458       0x7c ./system/src/stm32f0-stdperiph/stm32f0xx_tim.o
                0x08000458                TIM_OC1Init
 .text.TIM_OC1PreloadConfig
                0x080004d4        0xc ./system/src/stm32f0-stdperiph/stm32f0xx_tim.o
                0x080004d4                TIM_OC1PreloadConfig
 .text._exit    0x080004e0        0x6 ./system/src/newlib/_exit.o
                0x080004e0                _exit
 *fill*         0x080004e6        0x2 
 .text.__initialize_args
                0x080004e8       0x10 ./system/src/newlib/_syscalls.o
                0x080004e8                __initialize_args
 .text.__initialize_hardware_early
                0x080004f8        0x8 ./system/src/cortexm/_initialize_hardware.o
                0x080004f8                __initialize_hardware_early
 .text.__initialize_hardware
                0x08000500        0x8 ./system/src/cortexm/_initialize_hardware.o
                0x08000500                __initialize_hardware
 .text.__reset_hardware
                0x08000508       0x1c ./system/src/cortexm/_reset_hardware.o
                0x08000508                __reset_hardware
 .text.SystemInit
                0x08000524       0xf4 ./system/src/cmsis/system_stm32f0xx.o
                0x08000524                SystemInit
 .text.SystemCoreClockUpdate
                0x08000618       0x68 ./system/src/cmsis/system_stm32f0xx.o
                0x08000618                SystemCoreClockUpdate
 .text.blink_led_init
                0x08000680       0x38 ./src/BlinkLed.o
                0x08000680                blink_led_init
 .text.AdcInit  0x080006b8       0x88 ./src/Joystick.o
                0x080006b8                AdcInit
 .text.JoystickGetX
                0x08000740       0x20 ./src/Joystick.o
                0x08000740                JoystickGetX
 .text.LedPwmInit
                0x08000760       0x9c ./src/LedPwm.o
                0x08000760                LedPwmInit
 .text.SetPwmFreq
                0x080007fc       0x2c ./src/LedPwm.o
                0x080007fc                SetPwmFreq
 .text.OffPwm   0x08000828        0xa ./src/LedPwm.o
                0x08000828                OffPwm
 *fill*         0x08000832        0x2 
 .text.timer_start
                0x08000834       0x44 ./src/Timer.o
                0x08000834                timer_start
 .text.timer_sleep
                0x08000878       0x10 ./src/Timer.o
                0x08000878                timer_sleep
 .text.timer_tick
                0x08000888       0x14 ./src/Timer.o
                0x08000888                timer_tick
 .text.SysTick_Handler
                0x0800089c        0x8 ./src/Timer.o
                0x0800089c                SysTick_Handler
 .text.startup.main
                0x080008a4       0x2a ./src/main.o
                0x080008a4                main
 *fill*         0x080008ce        0x2 
 .text          0x080008d0      0x120 c:/toolsarm/gcc_arm/bin/../lib/gcc/arm-none-eabi/4.9.3/armv6-m\libgcc.a(_udivsi3.o)
                0x080008d0                __aeabi_uidiv
                0x080008d0                __udivsi3
                0x080009dc                __aeabi_uidivmod
 .text          0x080009f0        0x4 c:/toolsarm/gcc_arm/bin/../lib/gcc/arm-none-eabi/4.9.3/armv6-m\libgcc.a(_dvmd_tls.o)
                0x080009f0                __aeabi_idiv0
                0x080009f0                __aeabi_ldiv0
 *(.rodata .rodata.* .constdata .constdata.*)
 *(vtable)
 *(.eh_frame*)
 *(.glue_7)
 .glue_7        0x00000000        0x0 linker stubs
 *(.glue_7t)
 .glue_7t       0x00000000        0x0 linker stubs

.vfp11_veneer   0x080009f4        0x0
 .vfp11_veneer  0x00000000        0x0 linker stubs

.v4_bx          0x080009f4        0x0
 .v4_bx         0x00000000        0x0 linker stubs

.iplt           0x080009f4        0x0
 .iplt          0x00000000        0x0 ./system/src/stm32f0-stdperiph/stm32f0xx_adc.o

.rel.dyn        0x080009f4        0x0
 .rel.iplt      0x00000000        0x0 ./system/src/stm32f0-stdperiph/stm32f0xx_adc.o

.ARM.extab
 *(.ARM.extab* .gnu.linkonce.armextab.*)
                0x080009f4                . = ALIGN (0x4)
                0x080009f4                __exidx_start = .

.ARM.exidx
 *(.ARM.exidx* .gnu.linkonce.armexidx.*)
                0x080009f4                __exidx_end = .
                0x080009f4                . = ALIGN (0x4)
                0x080009f4                _etext = .
                0x080009f4                __etext = .

.data_CCMRAM    0x00000000        0x0 load address 0x080009f4
 FILL mask 0xff
 *(.data.CCMRAM .data.CCMRAM.*)
                0x00000000                . = ALIGN (0x4)
                0x080009f4                _sidata = LOADADDR (.data)

.data           0x20000000       0x1c load address 0x080009f4
 FILL mask 0xff
                0x20000000                _sdata = .
                0x20000000                __data_start__ = .
 *(.data_begin .data_begin.*)
 *(.data .data.*)
 .data.argv.4158
                0x20000000        0x8 ./system/src/newlib/_syscalls.o
 .data.AHBPrescTable
                0x20000008       0x10 ./system/src/cmsis/system_stm32f0xx.o
                0x20000008                AHBPrescTable
 .data.SystemCoreClock
                0x20000018        0x4 ./system/src/cmsis/system_stm32f0xx.o
                0x20000018                SystemCoreClock
 *(.data_end .data_end.*)
                0x2000001c                . = ALIGN (0x4)
                0x2000001c                _edata = .
                0x2000001c                __data_end__ = .

.igot.plt       0x2000001c        0x0 load address 0x08000a10
 .igot.plt      0x00000000        0x0 ./system/src/stm32f0-stdperiph/stm32f0xx_adc.o

.bss_CCMRAM     0x00000000        0x0
 *(.bss.CCMRAM .bss.CCMRAM.*)

.bss            0x2000001c        0x8
                0x2000001c                __bss_start__ = .
                0x2000001c                _sbss = .
 *(.bss_begin .bss_begin.*)
 *(.bss .bss.*)
 .bss.name.4157
                0x2000001c        0x1 ./system/src/newlib/_syscalls.o
 *(COMMON)
 *fill*         0x2000001d        0x3 
 COMMON         0x20000020        0x4 ./src/Timer.o
                0x20000020                timer_delayCount
 *(.bss_end .bss_end.*)
                0x20000024                . = ALIGN (0x4)
                0x20000024                __bss_end__ = .
                0x20000024                _ebss = .

.noinit_CCMRAM
 *(.noinit.CCMRAM .noinit.CCMRAM.*)

.noinit         0x20000024        0x0
                0x20000024                _noinit = .
 *(.noinit .noinit.*)
                0x20000024                . = ALIGN (0x4)
                0x20000024                _end_noinit = .
                0x20000024                PROVIDE (end, _end_noinit)
                0x20000024                PROVIDE (_end, _end_noinit)
                0x20000024                PROVIDE (__end, _end_noinit)
                0x20000024                PROVIDE (__end__, _end_noinit)

._check_stack   0x20000024      0x100
                0x20000124                . = (. + _Minimum_Stack_Size)
 *fill*         0x20000024      0x100 

.b1text
 *(.b1text)
 *(.b1rodata)
 *(.b1rodata.*)

.eb0text
 *(.eb0text)
 *(.eb0rodata)
 *(.eb0rodata.*)

.eb1text
 *(.eb1text)
 *(.eb1rodata)
 *(.eb1rodata.*)

.eb2text
 *(.eb2text)
 *(.eb2rodata)
 *(.eb2rodata.*)

.eb3text
 *(.eb3text)
 *(.eb3rodata)
 *(.eb3rodata.*)

.stab
 *(.stab)

.stabstr
 *(.stabstr)

.stab.excl
 *(.stab.excl)

.stab.exclstr
 *(.stab.exclstr)

.stab.index
 *(.stab.index)

.stab.indexstr
 *(.stab.indexstr)

.comment        0x00000000       0x70
 *(.comment)
 .comment       0x00000000       0x70 ./system/src/stm32f0-stdperiph/stm32f0xx_adc.o
                                 0x71 (size before relaxing)
 .comment       0x00000000       0x71 ./system/src/stm32f0-stdperiph/stm32f0xx_gpio.o
 .comment       0x00000000       0x71 ./system/src/stm32f0-stdperiph/stm32f0xx_rcc.o
 .comment       0x00000000       0x71 ./system/src/stm32f0-stdperiph/stm32f0xx_tim.o
 .comment       0x00000000       0x71 ./system/src/newlib/_exit.o
 .comment       0x00000000       0x71 ./system/src/newlib/_startup.o
 .comment       0x00000000       0x71 ./system/src/newlib/_syscalls.o
 .comment       0x00000000       0x71 ./system/src/cortexm/_initialize_hardware.o
 .comment       0x00000000       0x71 ./system/src/cortexm/_reset_hardware.o
 .comment       0x00000000       0x71 ./system/src/cortexm/exception_handlers.o
 .comment       0x00000000       0x71 ./system/src/cmsis/system_stm32f0xx.o
 .comment       0x00000000       0x71 ./system/src/cmsis/vectors_stm32f0xx.o
 .comment       0x00000000       0x71 ./src/BlinkLed.o
 .comment       0x00000000       0x71 ./src/Joystick.o
 .comment       0x00000000       0x71 ./src/LedPwm.o
 .comment       0x00000000       0x71 ./src/Timer.o
 .comment       0x00000000       0x71 ./src/main.o

.ARM.attributes
                0x00000000       0x31
 .ARM.attributes
                0x00000000       0x31 ./system/src/stm32f0-stdperiph/stm32f0xx_adc.o
 .ARM.attributes
                0x00000031       0x31 ./system/src/stm32f0-stdperiph/stm32f0xx_gpio.o
 .ARM.attributes
                0x00000062       0x31 ./system/src/stm32f0-stdperiph/stm32f0xx_rcc.o
 .ARM.attributes
                0x00000093       0x31 ./system/src/stm32f0-stdperiph/stm32f0xx_tim.o
 .ARM.attributes
                0x000000c4       0x31 ./system/src/newlib/_exit.o
 .ARM.attributes
                0x000000f5       0x31 ./system/src/newlib/_startup.o
 .ARM.attributes
                0x00000126       0x31 ./system/src/newlib/_syscalls.o
 .ARM.attributes
                0x00000157       0x31 ./system/src/cortexm/_initialize_hardware.o
 .ARM.attributes
                0x00000188       0x31 ./system/src/cortexm/_reset_hardware.o
 .ARM.attributes
                0x000001b9       0x31 ./system/src/cortexm/exception_handlers.o
 .ARM.attributes
                0x000001ea       0x31 ./system/src/cmsis/system_stm32f0xx.o
 .ARM.attributes
                0x0000021b       0x31 ./system/src/cmsis/vectors_stm32f0xx.o
 .ARM.attributes
                0x0000024c       0x31 ./src/BlinkLed.o
 .ARM.attributes
                0x0000027d       0x31 ./src/Joystick.o
 .ARM.attributes
                0x000002ae       0x31 ./src/LedPwm.o
 .ARM.attributes
                0x000002df       0x31 ./src/Timer.o
 .ARM.attributes
                0x00000310       0x31 ./src/main.o
 .ARM.attributes
                0x00000341       0x1e c:/toolsarm/gcc_arm/bin/../lib/gcc/arm-none-eabi/4.9.3/armv6-m\libgcc.a(_udivsi3.o)
 .ARM.attributes
                0x0000035f       0x1e c:/toolsarm/gcc_arm/bin/../lib/gcc/arm-none-eabi/4.9.3/armv6-m\libgcc.a(_dvmd_tls.o)

.debug
 *(.debug)

.line
 *(.line)

.debug_srcinfo
 *(.debug_srcinfo)

.debug_sfnames
 *(.debug_sfnames)

.debug_aranges  0x00000000      0x820
 *(.debug_aranges)
 .debug_aranges
                0x00000000      0x108 ./system/src/stm32f0-stdperiph/stm32f0xx_adc.o
 .debug_aranges
                0x00000108       0x80 ./system/src/stm32f0-stdperiph/stm32f0xx_gpio.o
 .debug_aranges
                0x00000188      0x160 ./system/src/stm32f0-stdperiph/stm32f0xx_rcc.o
 .debug_aranges
                0x000002e8      0x2f0 ./system/src/stm32f0-stdperiph/stm32f0xx_tim.o
 .debug_aranges
                0x000005d8       0x28 ./system/src/newlib/_exit.o
 .debug_aranges
                0x00000600       0x40 ./system/src/newlib/_startup.o
 .debug_aranges
                0x00000640       0x30 ./system/src/newlib/_syscalls.o
 .debug_aranges
                0x00000670       0x28 ./system/src/cortexm/_initialize_hardware.o
 .debug_aranges
                0x00000698       0x20 ./system/src/cortexm/_reset_hardware.o
 .debug_aranges
                0x000006b8       0x50 ./system/src/cortexm/exception_handlers.o
 .debug_aranges
                0x00000708       0x28 ./system/src/cmsis/system_stm32f0xx.o
 .debug_aranges
                0x00000730       0x20 ./system/src/cmsis/vectors_stm32f0xx.o
 .debug_aranges
                0x00000750       0x20 ./src/BlinkLed.o
 .debug_aranges
                0x00000770       0x28 ./src/Joystick.o
 .debug_aranges
                0x00000798       0x30 ./src/LedPwm.o
 .debug_aranges
                0x000007c8       0x38 ./src/Timer.o
 .debug_aranges
                0x00000800       0x20 ./src/main.o

.debug_pubnames
 *(.debug_pubnames)

.debug_info     0x00000000     0x6078
 *(.debug_info .gnu.linkonce.wi.*)
 .debug_info    0x00000000      0x8ed ./system/src/stm32f0-stdperiph/stm32f0xx_adc.o
 .debug_info    0x000008ed      0x683 ./system/src/stm32f0-stdperiph/stm32f0xx_gpio.o
 .debug_info    0x00000f70      0xa69 ./system/src/stm32f0-stdperiph/stm32f0xx_rcc.o
 .debug_info    0x000019d9     0x200c ./system/src/stm32f0-stdperiph/stm32f0xx_tim.o
 .debug_info    0x000039e5      0x100 ./system/src/newlib/_exit.o
 .debug_info    0x00003ae5      0x410 ./system/src/newlib/_startup.o
 .debug_info    0x00003ef5      0x1b8 ./system/src/newlib/_syscalls.o
 .debug_info    0x000040ad       0xbf ./system/src/cortexm/_initialize_hardware.o
 .debug_info    0x0000416c      0x195 ./system/src/cortexm/_reset_hardware.o
 .debug_info    0x00004301      0x1a7 ./system/src/cortexm/exception_handlers.o
 .debug_info    0x000044a8      0x2f2 ./system/src/cmsis/system_stm32f0xx.o
 .debug_info    0x0000479a       0xcd ./system/src/cmsis/vectors_stm32f0xx.o
 .debug_info    0x00004867      0x355 ./src/BlinkLed.o
 .debug_info    0x00004bbc      0x696 ./src/Joystick.o
 .debug_info    0x00005252      0x7bd ./src/LedPwm.o
 .debug_info    0x00005a0f      0x486 ./src/Timer.o
 .debug_info    0x00005e95      0x1e3 ./src/main.o

.debug_abbrev   0x00000000     0x16ea
 *(.debug_abbrev)
 .debug_abbrev  0x00000000      0x1b2 ./system/src/stm32f0-stdperiph/stm32f0xx_adc.o
 .debug_abbrev  0x000001b2      0x1d4 ./system/src/stm32f0-stdperiph/stm32f0xx_gpio.o
 .debug_abbrev  0x00000386      0x230 ./system/src/stm32f0-stdperiph/stm32f0xx_rcc.o
 .debug_abbrev  0x000005b6      0x280 ./system/src/stm32f0-stdperiph/stm32f0xx_tim.o
 .debug_abbrev  0x00000836       0xb8 ./system/src/newlib/_exit.o
 .debug_abbrev  0x000008ee      0x1db ./system/src/newlib/_startup.o
 .debug_abbrev  0x00000ac9       0xeb ./system/src/newlib/_syscalls.o
 .debug_abbrev  0x00000bb4       0x60 ./system/src/cortexm/_initialize_hardware.o
 .debug_abbrev  0x00000c14       0xd4 ./system/src/cortexm/_reset_hardware.o
 .debug_abbrev  0x00000ce8       0xc4 ./system/src/cortexm/exception_handlers.o
 .debug_abbrev  0x00000dac      0x14e ./system/src/cmsis/system_stm32f0xx.o
 .debug_abbrev  0x00000efa       0x9a ./system/src/cmsis/vectors_stm32f0xx.o
 .debug_abbrev  0x00000f94      0x159 ./src/BlinkLed.o
 .debug_abbrev  0x000010ed      0x184 ./src/Joystick.o
 .debug_abbrev  0x00001271      0x180 ./src/LedPwm.o
 .debug_abbrev  0x000013f1      0x1bb ./src/Timer.o
 .debug_abbrev  0x000015ac      0x13e ./src/main.o

.debug_line     0x00000000     0x2318
 *(.debug_line)
 .debug_line    0x00000000      0x3b7 ./system/src/stm32f0-stdperiph/stm32f0xx_adc.o
 .debug_line    0x000003b7      0x253 ./system/src/stm32f0-stdperiph/stm32f0xx_gpio.o
 .debug_line    0x0000060a      0x51b ./system/src/stm32f0-stdperiph/stm32f0xx_rcc.o
 .debug_line    0x00000b25      0xaa5 ./system/src/stm32f0-stdperiph/stm32f0xx_tim.o
 .debug_line    0x000015ca       0xef ./system/src/newlib/_exit.o
 .debug_line    0x000016b9       0xfe ./system/src/newlib/_startup.o
 .debug_line    0x000017b7       0xf5 ./system/src/newlib/_syscalls.o
 .debug_line    0x000018ac       0xa0 ./system/src/cortexm/_initialize_hardware.o
 .debug_line    0x0000194c       0xe9 ./system/src/cortexm/_reset_hardware.o
 .debug_line    0x00001a35      0x144 ./system/src/cortexm/exception_handlers.o
 .debug_line    0x00001b79      0x123 ./system/src/cmsis/system_stm32f0xx.o
 .debug_line    0x00001c9c       0x5d ./system/src/cmsis/vectors_stm32f0xx.o
 .debug_line    0x00001cf9      0x12b ./src/BlinkLed.o
 .debug_line    0x00001e24      0x152 ./src/Joystick.o
 .debug_line    0x00001f76      0x17b ./src/LedPwm.o
 .debug_line    0x000020f1      0x141 ./src/Timer.o
 .debug_line    0x00002232       0xe6 ./src/main.o

.debug_frame    0x00000000     0x1030
 *(.debug_frame)
 .debug_frame   0x00000000      0x200 ./system/src/stm32f0-stdperiph/stm32f0xx_adc.o
 .debug_frame   0x00000200      0x108 ./system/src/stm32f0-stdperiph/stm32f0xx_gpio.o
 .debug_frame   0x00000308      0x2c4 ./system/src/stm32f0-stdperiph/stm32f0xx_rcc.o
 .debug_frame   0x000005cc      0x694 ./system/src/stm32f0-stdperiph/stm32f0xx_tim.o
 .debug_frame   0x00000c60       0x40 ./system/src/newlib/_exit.o
 .debug_frame   0x00000ca0       0x88 ./system/src/newlib/_startup.o
 .debug_frame   0x00000d28       0x50 ./system/src/newlib/_syscalls.o
 .debug_frame   0x00000d78       0x40 ./system/src/cortexm/_initialize_hardware.o
 .debug_frame   0x00000db8       0x20 ./system/src/cortexm/_reset_hardware.o
 .debug_frame   0x00000dd8       0x80 ./system/src/cortexm/exception_handlers.o
 .debug_frame   0x00000e58       0x40 ./system/src/cmsis/system_stm32f0xx.o
 .debug_frame   0x00000e98       0x20 ./system/src/cmsis/vectors_stm32f0xx.o
 .debug_frame   0x00000eb8       0x30 ./src/BlinkLed.o
 .debug_frame   0x00000ee8       0x48 ./src/Joystick.o
 .debug_frame   0x00000f30       0x58 ./src/LedPwm.o
 .debug_frame   0x00000f88       0x60 ./src/Timer.o
 .debug_frame   0x00000fe8       0x28 ./src/main.o
 .debug_frame   0x00001010       0x20 c:/toolsarm/gcc_arm/bin/../lib/gcc/arm-none-eabi/4.9.3/armv6-m\libgcc.a(_udivsi3.o)

.debug_str      0x00000000     0x221c
 *(.debug_str)
 .debug_str     0x00000000      0x5c5 ./system/src/stm32f0-stdperiph/stm32f0xx_adc.o
                                0x61c (size before relaxing)
 .debug_str     0x000005c5      0x315 ./system/src/stm32f0-stdperiph/stm32f0xx_gpio.o
                                0x4e8 (size before relaxing)
 .debug_str     0x000008da      0x58a ./system/src/stm32f0-stdperiph/stm32f0xx_rcc.o
                                0x7d5 (size before relaxing)
 .debug_str     0x00000e64      0xbaf ./system/src/stm32f0-stdperiph/stm32f0xx_tim.o
                                0xe42 (size before relaxing)
 .debug_str     0x00001a13       0x56 ./system/src/newlib/_exit.o
                                0x1d5 (size before relaxing)
 .debug_str     0x00001a69      0x173 ./system/src/newlib/_startup.o
                                0x31a (size before relaxing)
 .debug_str     0x00001bdc       0x5a ./system/src/newlib/_syscalls.o
                                0x202 (size before relaxing)
 .debug_str     0x00001c36       0x4e ./system/src/cortexm/_initialize_hardware.o
                                0x1fa (size before relaxing)
 .debug_str     0x00001c84       0x65 ./system/src/cortexm/_reset_hardware.o
                                0x20d (size before relaxing)
 .debug_str     0x00001ce9       0xbb ./system/src/cortexm/exception_handlers.o
                                0x24f (size before relaxing)
 .debug_str     0x00001da4       0x67 ./system/src/cmsis/system_stm32f0xx.o
                                0x2c1 (size before relaxing)
 .debug_str     0x00001e0b       0x56 ./system/src/cmsis/vectors_stm32f0xx.o
                                0x1d0 (size before relaxing)
 .debug_str     0x00001e61       0x42 ./src/BlinkLed.o
                                0x3b7 (size before relaxing)
 .debug_str     0x00001ea3       0x47 ./src/Joystick.o
                                0x51c (size before relaxing)
 .debug_str     0x00001eea       0x57 ./src/LedPwm.o
                                0x618 (size before relaxing)
 .debug_str     0x00001f41      0x2b1 ./src/Timer.o
                                0x4b3 (size before relaxing)
 .debug_str     0x000021f2       0x2a ./src/main.o
                                0x24b (size before relaxing)

.debug_loc      0x00000000     0x2edf
 *(.debug_loc)
 .debug_loc     0x00000000      0x3e5 ./system/src/stm32f0-stdperiph/stm32f0xx_adc.o
 .debug_loc     0x000003e5      0x32a ./system/src/stm32f0-stdperiph/stm32f0xx_gpio.o
 .debug_loc     0x0000070f      0x8c0 ./system/src/stm32f0-stdperiph/stm32f0xx_rcc.o
 .debug_loc     0x00000fcf     0x1ab0 ./system/src/stm32f0-stdperiph/stm32f0xx_tim.o
 .debug_loc     0x00002a7f       0x21 ./system/src/newlib/_exit.o
 .debug_loc     0x00002aa0      0x236 ./system/src/newlib/_startup.o
 .debug_loc     0x00002cd6       0x63 ./system/src/newlib/_syscalls.o
 .debug_loc     0x00002d39       0xe7 ./system/src/cmsis/system_stm32f0xx.o
 .debug_loc     0x00002e20       0x21 ./src/LedPwm.o
 .debug_loc     0x00002e41       0x49 ./src/Timer.o
 .debug_loc     0x00002e8a       0x55 ./src/main.o

.debug_macinfo
 *(.debug_macinfo)

.debug_weaknames
 *(.debug_weaknames)

.debug_funcnames
 *(.debug_funcnames)

.debug_typenames
 *(.debug_typenames)

.debug_varnames
 *(.debug_varnames)
OUTPUT(StepperServoDrive.elf elf32-littlearm)

.debug_ranges   0x00000000      0x7a8
 .debug_ranges  0x00000000       0xf8 ./system/src/stm32f0-stdperiph/stm32f0xx_adc.o
 .debug_ranges  0x000000f8       0x70 ./system/src/stm32f0-stdperiph/stm32f0xx_gpio.o
 .debug_ranges  0x00000168      0x150 ./system/src/stm32f0-stdperiph/stm32f0xx_rcc.o
 .debug_ranges  0x000002b8      0x330 ./system/src/stm32f0-stdperiph/stm32f0xx_tim.o
 .debug_ranges  0x000005e8       0x18 ./system/src/newlib/_exit.o
 .debug_ranges  0x00000600       0x48 ./system/src/newlib/_startup.o
 .debug_ranges  0x00000648       0x20 ./system/src/newlib/_syscalls.o
 .debug_ranges  0x00000668       0x18 ./system/src/cortexm/_initialize_hardware.o
 .debug_ranges  0x00000680       0x10 ./system/src/cortexm/_reset_hardware.o
 .debug_ranges  0x00000690       0x40 ./system/src/cortexm/exception_handlers.o
 .debug_ranges  0x000006d0       0x30 ./system/src/cmsis/system_stm32f0xx.o
 .debug_ranges  0x00000700       0x10 ./system/src/cmsis/vectors_stm32f0xx.o
 .debug_ranges  0x00000710       0x10 ./src/BlinkLed.o
 .debug_ranges  0x00000720       0x18 ./src/Joystick.o
 .debug_ranges  0x00000738       0x20 ./src/LedPwm.o
 .debug_ranges  0x00000758       0x40 ./src/Timer.o
 .debug_ranges  0x00000798       0x10 ./src/main.o
